******************************************************************************
                  TI ARM Linker PC v18.1.4                     
******************************************************************************
>> Linked Tue Feb  5 15:16:22 2019

OUTPUT FILE NAME:   <example-spi-master.out>
ENTRY POINT SYMBOL: "_c_int00"  address: 000040d8


MEMORY CONFIGURATION

         name            origin    length      used     unused   attr    fill
----------------------  --------  ---------  --------  --------  ----  --------
  VECTORS               00000000   00000020  00000020  00000000     X
  FLASH0                00000020   001fffe0  0000475c  001fb884  R  X
  FLASH1                00200000   00200000  00000000  00200000  R  X
  STACKS                08000000   00001500  00000000  00001500  RW  
  RAM                   08001500   0007eb00  0000007c  0007ea84  RW  


SEGMENT ALLOCATION MAP

run origin  load origin   length   init length attrs members
----------  ----------- ---------- ----------- ----- -------
00000000    00000000    00004354   00004354    r-x
  00000000    00000000    00000020   00000020    r-x .intvecs
  00000020    00000020    00004334   00004334    r-x .text
00004360    00004360    00000414   00000414    r--
  00004360    00004360    00000414   00000414    r-- .const
00004780    00004780    00000014   00000014    r--
  00004780    00004780    00000014   00000014    r-- .cinit
08001500    08001500    0000007c   00000000    rw-
  08001500    08001500    0000007c   00000000    rw- .bss


SECTION ALLOCATION MAP

 output                                  attributes/
section   page    origin      length       input sections
--------  ----  ----------  ----------   ----------------
.intvecs   0    00000000    00000020     
                  00000000    00000020     HL_sys_intvecs.obj (.intvecs)

.text      0    00000020    00004334     
                  00000020    00000bd8     HL_spi.obj (.text)
                  00000bf8    000009cc     HL_pinmux.obj (.text)
                  000015c4    0000095c     HL_system.obj (.text)
                  00001f20    00000938     HL_sys_vim.obj (.text)
                  00002858    0000078c     HL_esm.obj (.text)
                  00002fe4    000003c4     HL_sys_core.obj (.text)
                  000033a8    0000036c     HL_sys_mpu.obj (.text)
                  00003714    0000033c     HL_sys_vim.obj (.text:retain)
                  00003a50    000002ac     HL_spi.obj (.text:retain)
                  00003cfc    00000180     rtsv7R4_A_le_v3D16_eabi.lib : memcpy32.asm.obj (.text)
                  00003e7c    00000178     HL_esm.obj (.text:retain)
                  00003ff4    000000e4     HL_sys_main.obj (.text)
                  000040d8    000000b4     HL_sys_startup.obj (.text:retain)
                  0000418c    000000b0     rtsv7R4_A_le_v3D16_eabi.lib : memset32.asm.obj (.text)
                  0000423c    00000084     HL_notification.obj (.text)
                  000042c0    00000068     rtsv7R4_A_le_v3D16_eabi.lib : autoinit.c.obj (.text:__TI_auto_init_nobinit_nopinit:__TI_auto_init_nobinit_nopinit)
                  00004328    00000020                                 : copy_zero_init.c.obj (.text:decompress:ZI:__TI_zero_init_nomemset:__TI_zero_init_nomemset)
                  00004348    00000008                                 : exit.c.obj (.text:abort:abort)
                  00004350    00000004     HL_sys_phantom.obj (.text:retain)

.const     0    00004360    00000414     
                  00004360    00000210     HL_sys_main.obj (.const:$P$T0$1)
                  00004570    00000200     HL_sys_vim.obj (.const:s_vim_init)
                  00004770    00000004     HL_sys_main.obj (.const:$P$T1$2)

.cinit     0    00004780    00000014     
                  00004780    00000008     (.cinit..bss.load) [load image, compression = zero_init]
                  00004788    00000004     (__TI_handler_table)
                  0000478c    00000008     (__TI_cinit_table)

.bss       0    08001500    0000007c     UNINITIALIZED
                  08001500    00000078     HL_spi.obj (.bss:g_spiPacket_t)
                  08001578    00000004     (.common:j)

MODULE SUMMARY

       Module                 code    ro data   rw data
       ------                 ----    -------   -------
    .\source\
       HL_spi.obj             3716    0         120    
       HL_sys_vim.obj         3188    512       0      
       HL_pinmux.obj          2508    0         0      
       HL_system.obj          2396    0         0      
       HL_esm.obj             2308    0         0      
       HL_sys_core.obj        964     0         0      
       HL_sys_mpu.obj         876     0         0      
       HL_sys_main.obj        228     532       4      
       HL_sys_startup.obj     180     0         0      
       HL_notification.obj    132     0         0      
       HL_sys_intvecs.obj     32      0         0      
       HL_sys_phantom.obj     4       0         0      
    +--+----------------------+-------+---------+---------+
       Total:                 16532   1044      124    
                                                       
    C:\ti\ccsv8\tools\compiler\ti-cgt-arm_18.1.4.LTS\lib\rtsv7R4_A_le_v3D16_eabi.lib
       memcpy32.asm.obj       384     0         0      
       memset32.asm.obj       176     0         0      
       autoinit.c.obj         104     0         0      
       copy_zero_init.c.obj   32      0         0      
       exit.c.obj             8       0         0      
    +--+----------------------+-------+---------+---------+
       Total:                 704     0         0      
                                                       
       Linker Generated:      0       20        0      
    +--+----------------------+-------+---------+---------+
       Grand Total:           17236   1064      124    


LINKER GENERATED COPY TABLES

__TI_cinit_table @ 0000478c records: 1, size/record: 8, table size: 8
	.bss: load addr=00004780, load size=00000008 bytes, run addr=08001500, run size=0000007c bytes, compression=zero_init


LINKER GENERATED HANDLER TABLE

__TI_handler_table @ 00004788 records: 1, size/record: 4, table size: 4
	index: 0, handler: __TI_zero_init


GLOBAL SYMBOLS: SORTED ALPHABETICALLY BY Name 

address   name                                
-------   ----                                
00004348  C$$EXIT                             
UNDEFED   SHT$$INIT_ARRAY$$Base               
UNDEFED   SHT$$INIT_ARRAY$$Limit              
000008b0  SpiRxStatus                         
00000824  SpiTxStatus                         
0000478c  __TI_CINIT_Base                     
00004794  __TI_CINIT_Limit                    
00004788  __TI_Handler_Table_Base             
0000478c  __TI_Handler_Table_Limit            
000033a0  __TI_PINIT_Base                     
000033a4  __TI_PINIT_Limit                    
000042c0  __TI_auto_init_nobinit_nopinit      
ffffffff  __TI_pprof_out_hndl                 
ffffffff  __TI_prof_data_size                 
ffffffff  __TI_prof_data_start                
00000000  __TI_static_base__                  
00004328  __TI_zero_init_nomemset             
0000418c  __aeabi_memclr                      
0000418c  __aeabi_memclr4                     
0000418c  __aeabi_memclr8                     
00003cfc  __aeabi_memcpy                      
00003cfc  __aeabi_memcpy4                     
00003cfc  __aeabi_memcpy8                     
00004190  __aeabi_memset                      
00004190  __aeabi_memset4                     
00004190  __aeabi_memset8                     
ffffffff  __binit__                           
ffffffff  __c_args__                          
000040d8  _c_int00                            
00003354  _cacheDisable_                      
00003310  _cacheEnable_                       
000032f0  _checkMemInitOn_                    
000031fc  _coreClearAuxiliaryDataFault_       
00003210  _coreClearAuxiliaryInstructionFault_
000031d4  _coreClearDataFaultAddress_         
000031ac  _coreClearDataFault_                
000031e8  _coreClearInstructionFaultAddress_  
000031c0  _coreClearInstructionFault_         
00003184  _coreDisableEventBusExport_         
00003174  _coreEnableEventBusExport_          
00003194  _coreEnableIrqVicOffset_            
0000315c  _coreEnableVfp_                     
000031f4  _coreGetAuxiliaryDataFault_         
00003208  _coreGetAuxiliaryInstructionFault_  
000031cc  _coreGetDataFaultAddress_           
000031a4  _coreGetDataFault_                  
000031e0  _coreGetInstructionFaultAddress_    
000031b8  _coreGetInstructionFault_           
00002fe4  _coreInitRegisters_                 
000030f0  _coreInitStackPointer_              
00003378  _dCacheInvalidate_                  
0000321c  _disable_IRQ_interrupt_             
00003224  _enable_IRQ_interrupt_              
0000322c  _enable_interrupt_                  
00003234  _esmCcmErrorsClear_                 
0000313c  _getCPSRValue_                      
00003144  _gotoCPUIdle_                       
0000338c  _iCacheInvalidate_                  
000032bc  _memInit_                           
000036bc  _mpuAreRegionsSeparate_             
000036a0  _mpuDisableBackgroundRegion_        
00003678  _mpuDisable_                        
00003690  _mpuEnableBackgroundRegion_         
00003660  _mpuEnable_                         
000036b0  _mpuGetNumberOfRegions_             
000036e0  _mpuGetRegionBaseAddress_           
00003700  _mpuGetRegionPermission_            
000036f4  _mpuGetRegionType_                  
000036d0  _mpuGetRegion_                      
000033a8  _mpuInit_                           
000036d8  _mpuSetRegionBaseAddress_           
0000370c  _mpuSetRegionSizeRegister_          
000036e8  _mpuSetRegionTypeAndPermission_     
000036c8  _mpuSetRegion_                      
UNDEFED   _system_post_cinit                  
00004348  abort                               
ffffffff  binit                               
00004274  dmaGroupANotification               
000042ac  epcCAMFullNotification              
000042b0  epcFIFOFullNotification             
00002a68  esmActivateNormalOperation          
00002bb4  esmClearStatus                      
00002c18  esmClearStatusBuffer                
00002bf4  esmClearStatusUpper                 
00002a14  esmDisableError                     
00002a3c  esmDisableErrorUpper                
00002abc  esmDisableInterrupt                 
00002ae4  esmDisableInterruptUpper            
000029d0  esmEnableError                      
000029f8  esmEnableErrorUpper                 
00002a78  esmEnableInterrupt                  
00002aa0  esmEnableInterruptUpper             
00002d48  esmEnterSelfTest                    
000029b4  esmError                            
00002e20  esmGetConfigValue                   
00002c54  esmGetStatus                        
00002d20  esmGetStatusBuffer                  
00002cd8  esmGetStatusUpper                   
0000423c  esmGroup1Notification               
00004250  esmGroup2Notification               
00004264  esmGroup3Notification               
00003e7c  esmHighInterrupt                    
00002858  esmInit                             
00002dd0  esmSelfTestStatus                   
00002c34  esmSetCounterPreloadValue           
00002b00  esmSetInterruptLevel                
00002b74  esmSetInterruptLevelUpper           
00002a58  esmTriggerErrorPinReset             
00001930  getResetSource                      
08001578  j                                   
00003ff4  main                                
00001760  mapClocks                           
00003cfc  memcpy                              
0000419c  memset                              
00003a50  mibspi1HighLevelInterrupt           
00000bf8  muxInit                             
000016ac  periphInit                          
00004350  phantomInterrupt                    
00000000  resetEntry                          
0000166c  setupFlash                          
000015c4  setupPLL                            
000009e8  spi1GetConfigValue                  
00000970  spiDisableLoopback                  
000009bc  spiDisableNotification              
0000093c  spiEnableLoopback                   
0000098c  spiEnableNotification               
0000429c  spiEndNotification                  
0000028c  spiGetData                          
00000020  spiInit                             
00004288  spiNotification                     
00000170  spiReceiveData                      
000006e4  spiSendAndGetData                   
000004b0  spiSendData                         
00000150  spiSetFunctional                    
000005a8  spiTransmitAndReceiveData           
00000384  spiTransmitData                     
00001a58  systemGetConfigValue                
0000188c  systemInit                          
00001900  systemPowerDown                     
00001624  trimLPO                             
00001ff4  vimChannelMap                       
00002260  vimDisableInterrupt                 
00003714  vimECCErrorHandler                  
00002098  vimEnableInterrupt                  
0000230c  vimGetConfigValue                   
00001f20  vimInit                             


GLOBAL SYMBOLS: SORTED BY Symbol Address 

address   name                                
-------   ----                                
00000000  __TI_static_base__                  
00000000  resetEntry                          
00000020  spiInit                             
00000150  spiSetFunctional                    
00000170  spiReceiveData                      
0000028c  spiGetData                          
00000384  spiTransmitData                     
000004b0  spiSendData                         
000005a8  spiTransmitAndReceiveData           
000006e4  spiSendAndGetData                   
00000824  SpiTxStatus                         
000008b0  SpiRxStatus                         
0000093c  spiEnableLoopback                   
00000970  spiDisableLoopback                  
0000098c  spiEnableNotification               
000009bc  spiDisableNotification              
000009e8  spi1GetConfigValue                  
00000bf8  muxInit                             
000015c4  setupPLL                            
00001624  trimLPO                             
0000166c  setupFlash                          
000016ac  periphInit                          
00001760  mapClocks                           
0000188c  systemInit                          
00001900  systemPowerDown                     
00001930  getResetSource                      
00001a58  systemGetConfigValue                
00001f20  vimInit                             
00001ff4  vimChannelMap                       
00002098  vimEnableInterrupt                  
00002260  vimDisableInterrupt                 
0000230c  vimGetConfigValue                   
00002858  esmInit                             
000029b4  esmError                            
000029d0  esmEnableError                      
000029f8  esmEnableErrorUpper                 
00002a14  esmDisableError                     
00002a3c  esmDisableErrorUpper                
00002a58  esmTriggerErrorPinReset             
00002a68  esmActivateNormalOperation          
00002a78  esmEnableInterrupt                  
00002aa0  esmEnableInterruptUpper             
00002abc  esmDisableInterrupt                 
00002ae4  esmDisableInterruptUpper            
00002b00  esmSetInterruptLevel                
00002b74  esmSetInterruptLevelUpper           
00002bb4  esmClearStatus                      
00002bf4  esmClearStatusUpper                 
00002c18  esmClearStatusBuffer                
00002c34  esmSetCounterPreloadValue           
00002c54  esmGetStatus                        
00002cd8  esmGetStatusUpper                   
00002d20  esmGetStatusBuffer                  
00002d48  esmEnterSelfTest                    
00002dd0  esmSelfTestStatus                   
00002e20  esmGetConfigValue                   
00002fe4  _coreInitRegisters_                 
000030f0  _coreInitStackPointer_              
0000313c  _getCPSRValue_                      
00003144  _gotoCPUIdle_                       
0000315c  _coreEnableVfp_                     
00003174  _coreEnableEventBusExport_          
00003184  _coreDisableEventBusExport_         
00003194  _coreEnableIrqVicOffset_            
000031a4  _coreGetDataFault_                  
000031ac  _coreClearDataFault_                
000031b8  _coreGetInstructionFault_           
000031c0  _coreClearInstructionFault_         
000031cc  _coreGetDataFaultAddress_           
000031d4  _coreClearDataFaultAddress_         
000031e0  _coreGetInstructionFaultAddress_    
000031e8  _coreClearInstructionFaultAddress_  
000031f4  _coreGetAuxiliaryDataFault_         
000031fc  _coreClearAuxiliaryDataFault_       
00003208  _coreGetAuxiliaryInstructionFault_  
00003210  _coreClearAuxiliaryInstructionFault_
0000321c  _disable_IRQ_interrupt_             
00003224  _enable_IRQ_interrupt_              
0000322c  _enable_interrupt_                  
00003234  _esmCcmErrorsClear_                 
000032bc  _memInit_                           
000032f0  _checkMemInitOn_                    
00003310  _cacheEnable_                       
00003354  _cacheDisable_                      
00003378  _dCacheInvalidate_                  
0000338c  _iCacheInvalidate_                  
000033a0  __TI_PINIT_Base                     
000033a4  __TI_PINIT_Limit                    
000033a8  _mpuInit_                           
00003660  _mpuEnable_                         
00003678  _mpuDisable_                        
00003690  _mpuEnableBackgroundRegion_         
000036a0  _mpuDisableBackgroundRegion_        
000036b0  _mpuGetNumberOfRegions_             
000036bc  _mpuAreRegionsSeparate_             
000036c8  _mpuSetRegion_                      
000036d0  _mpuGetRegion_                      
000036d8  _mpuSetRegionBaseAddress_           
000036e0  _mpuGetRegionBaseAddress_           
000036e8  _mpuSetRegionTypeAndPermission_     
000036f4  _mpuGetRegionType_                  
00003700  _mpuGetRegionPermission_            
0000370c  _mpuSetRegionSizeRegister_          
00003714  vimECCErrorHandler                  
00003a50  mibspi1HighLevelInterrupt           
00003cfc  __aeabi_memcpy                      
00003cfc  __aeabi_memcpy4                     
00003cfc  __aeabi_memcpy8                     
00003cfc  memcpy                              
00003e7c  esmHighInterrupt                    
00003ff4  main                                
000040d8  _c_int00                            
0000418c  __aeabi_memclr                      
0000418c  __aeabi_memclr4                     
0000418c  __aeabi_memclr8                     
00004190  __aeabi_memset                      
00004190  __aeabi_memset4                     
00004190  __aeabi_memset8                     
0000419c  memset                              
0000423c  esmGroup1Notification               
00004250  esmGroup2Notification               
00004264  esmGroup3Notification               
00004274  dmaGroupANotification               
00004288  spiNotification                     
0000429c  spiEndNotification                  
000042ac  epcCAMFullNotification              
000042b0  epcFIFOFullNotification             
000042c0  __TI_auto_init_nobinit_nopinit      
00004328  __TI_zero_init_nomemset             
00004348  C$$EXIT                             
00004348  abort                               
00004350  phantomInterrupt                    
00004788  __TI_Handler_Table_Base             
0000478c  __TI_CINIT_Base                     
0000478c  __TI_Handler_Table_Limit            
00004794  __TI_CINIT_Limit                    
08001578  j                                   
ffffffff  __TI_pprof_out_hndl                 
ffffffff  __TI_prof_data_size                 
ffffffff  __TI_prof_data_start                
ffffffff  __binit__                           
ffffffff  __c_args__                          
ffffffff  binit                               
UNDEFED   SHT$$INIT_ARRAY$$Base               
UNDEFED   SHT$$INIT_ARRAY$$Limit              
UNDEFED   _system_post_cinit                  

[146 symbols]
