******************************************************************************
                  TI ARM Linker PC v18.1.4                     
******************************************************************************
>> Linked Thu Dec 20 18:28:00 2018

OUTPUT FILE NAME:   <example-spi-master.out>
ENTRY POINT SYMBOL: "_c_int00"  address: 00003fa8


MEMORY CONFIGURATION

         name            origin    length      used     unused   attr    fill
----------------------  --------  ---------  --------  --------  ----  --------
  VECTORS               00000000   00000020  00000020  00000000     X
  FLASH0                00000020   001fffe0  0000442c  001fbbb4  R  X
  FLASH1                00200000   00200000  00000000  00200000  R  X
  STACKS                08000000   00001500  00000000  00001500  RW  
  RAM                   08001500   0007eb00  00000008  0007eaf8  RW  


SEGMENT ALLOCATION MAP

run origin  load origin   length   init length attrs members
----------  ----------- ---------- ----------- ----- -------
00000000    00000000    00004228   00004228    r-x
  00000000    00000000    00000020   00000020    r-x .intvecs
  00000020    00000020    00004208   00004208    r-x .text
00004240    00004240    00000210   00000210    r--
  00004240    00004240    00000210   00000210    r-- .const
00004460    00004460    00000014   00000014    r--
  00004460    00004460    00000014   00000014    r-- .cinit
08001500    08001500    00000008   00000000    rw-
  08001500    08001500    00000008   00000000    rw- .bss


SECTION ALLOCATION MAP

 output                                  attributes/
section   page    origin      length       input sections
--------  ----  ----------  ----------   ----------------
.intvecs   0    00000000    00000020     
                  00000000    00000020     HL_sys_intvecs.obj (.intvecs)

.text      0    00000020    00004208     
                  00000020    00000c24     HL_mibspi.obj (.text)
                  00000c44    000009cc     HL_pinmux.obj (.text)
                  00001610    0000095c     HL_system.obj (.text)
                  00001f6c    00000938     HL_sys_vim.obj (.text)
                  000028a4    0000078c     HL_esm.obj (.text)
                  00003030    000003c4     HL_sys_core.obj (.text)
                  000033f4    0000036c     HL_sys_mpu.obj (.text)
                  00003760    0000033c     HL_sys_vim.obj (.text:retain)
                  00003a9c    00000180     rtsv7R4_A_le_v3D16_eabi.lib : memcpy32.asm.obj (.text)
                  00003c1c    00000178     HL_esm.obj (.text:retain)
                  00003d94    00000148     HL_sys_main.obj (.text)
                  00003edc    000000cc     HL_mibspi.obj (.text:retain)
                  00003fa8    000000b4     HL_sys_startup.obj (.text:retain)
                  0000405c    000000b0     rtsv7R4_A_le_v3D16_eabi.lib : memset32.asm.obj (.text)
                  0000410c    00000088     HL_notification.obj (.text)
                  00004194    00000068     rtsv7R4_A_le_v3D16_eabi.lib : autoinit.c.obj (.text:__TI_auto_init_nobinit_nopinit:__TI_auto_init_nobinit_nopinit)
                  000041fc    00000020                                 : copy_zero_init.c.obj (.text:decompress:ZI:__TI_zero_init_nomemset:__TI_zero_init_nomemset)
                  0000421c    00000008                                 : exit.c.obj (.text:abort:abort)
                  00004224    00000004     HL_sys_phantom.obj (.text:retain)

.const     0    00004240    00000210     
                  00004240    00000200     HL_sys_vim.obj (.const:s_vim_init)
                  00004440    00000010     HL_sys_main.obj (.const:$P$T0$1)

.cinit     0    00004460    00000014     
                  00004460    00000008     (.cinit..bss.load) [load image, compression = zero_init]
                  00004468    00000004     (__TI_handler_table)
                  0000446c    00000008     (__TI_cinit_table)

.bss       0    08001500    00000008     UNINITIALIZED
                  08001500    00000004     (.common:TG3_IS_Complete)
                  08001504    00000004     (.common:i)

MODULE SUMMARY

       Module                 code    ro data   rw data
       ------                 ----    -------   -------
    .\source\
       HL_sys_vim.obj         3188    512       0      
       HL_mibspi.obj          3312    0         0      
       HL_pinmux.obj          2508    0         0      
       HL_system.obj          2396    0         0      
       HL_esm.obj             2308    0         0      
       HL_sys_core.obj        964     0         0      
       HL_sys_mpu.obj         876     0         0      
       HL_sys_main.obj        328     16        8      
       HL_sys_startup.obj     180     0         0      
       HL_notification.obj    136     0         0      
       HL_sys_intvecs.obj     32      0         0      
       HL_sys_phantom.obj     4       0         0      
    +--+----------------------+-------+---------+---------+
       Total:                 16232   528       8      
                                                       
    C:\ti\ccsv8\tools\compiler\ti-cgt-arm_18.1.4.LTS\lib\rtsv7R4_A_le_v3D16_eabi.lib
       memcpy32.asm.obj       384     0         0      
       memset32.asm.obj       176     0         0      
       autoinit.c.obj         104     0         0      
       copy_zero_init.c.obj   32      0         0      
       exit.c.obj             8       0         0      
    +--+----------------------+-------+---------+---------+
       Total:                 704     0         0      
                                                       
       Linker Generated:      0       20        0      
    +--+----------------------+-------+---------+---------+
       Grand Total:           16936   548       8      


LINKER GENERATED COPY TABLES

__TI_cinit_table @ 0000446c records: 1, size/record: 8, table size: 8
	.bss: load addr=00004460, load size=00000008 bytes, run addr=08001500, run size=00000008 bytes, compression=zero_init


LINKER GENERATED HANDLER TABLE

__TI_handler_table @ 00004468 records: 1, size/record: 4, table size: 4
	index: 0, handler: __TI_zero_init


GLOBAL SYMBOLS: SORTED ALPHABETICALLY BY Name 

address   name                                
-------   ----                                
0000421c  C$$EXIT                             
UNDEFED   SHT$$INIT_ARRAY$$Base               
UNDEFED   SHT$$INIT_ARRAY$$Limit              
08001500  TG3_IS_Complete                     
0000446c  __TI_CINIT_Base                     
00004474  __TI_CINIT_Limit                    
00004468  __TI_Handler_Table_Base             
0000446c  __TI_Handler_Table_Limit            
000033ec  __TI_PINIT_Base                     
000033f0  __TI_PINIT_Limit                    
00004194  __TI_auto_init_nobinit_nopinit      
ffffffff  __TI_pprof_out_hndl                 
ffffffff  __TI_prof_data_size                 
ffffffff  __TI_prof_data_start                
00000000  __TI_static_base__                  
000041fc  __TI_zero_init_nomemset             
0000405c  __aeabi_memclr                      
0000405c  __aeabi_memclr4                     
0000405c  __aeabi_memclr8                     
00003a9c  __aeabi_memcpy                      
00003a9c  __aeabi_memcpy4                     
00003a9c  __aeabi_memcpy8                     
00004060  __aeabi_memset                      
00004060  __aeabi_memset4                     
00004060  __aeabi_memset8                     
ffffffff  __binit__                           
ffffffff  __c_args__                          
00003fa8  _c_int00                            
000033a0  _cacheDisable_                      
0000335c  _cacheEnable_                       
0000333c  _checkMemInitOn_                    
00003248  _coreClearAuxiliaryDataFault_       
0000325c  _coreClearAuxiliaryInstructionFault_
00003220  _coreClearDataFaultAddress_         
000031f8  _coreClearDataFault_                
00003234  _coreClearInstructionFaultAddress_  
0000320c  _coreClearInstructionFault_         
000031d0  _coreDisableEventBusExport_         
000031c0  _coreEnableEventBusExport_          
000031e0  _coreEnableIrqVicOffset_            
000031a8  _coreEnableVfp_                     
00003240  _coreGetAuxiliaryDataFault_         
00003254  _coreGetAuxiliaryInstructionFault_  
00003218  _coreGetDataFaultAddress_           
000031f0  _coreGetDataFault_                  
0000322c  _coreGetInstructionFaultAddress_    
00003204  _coreGetInstructionFault_           
00003030  _coreInitRegisters_                 
0000313c  _coreInitStackPointer_              
000033c4  _dCacheInvalidate_                  
00003268  _disable_IRQ_interrupt_             
00003270  _enable_IRQ_interrupt_              
00003278  _enable_interrupt_                  
00003280  _esmCcmErrorsClear_                 
00003188  _getCPSRValue_                      
00003190  _gotoCPUIdle_                       
000033d8  _iCacheInvalidate_                  
00003308  _memInit_                           
00003708  _mpuAreRegionsSeparate_             
000036ec  _mpuDisableBackgroundRegion_        
000036c4  _mpuDisable_                        
000036dc  _mpuEnableBackgroundRegion_         
000036ac  _mpuEnable_                         
000036fc  _mpuGetNumberOfRegions_             
0000372c  _mpuGetRegionBaseAddress_           
0000374c  _mpuGetRegionPermission_            
00003740  _mpuGetRegionType_                  
0000371c  _mpuGetRegion_                      
000033f4  _mpuInit_                           
00003724  _mpuSetRegionBaseAddress_           
00003758  _mpuSetRegionSizeRegister_          
00003734  _mpuSetRegionTypeAndPermission_     
00003714  _mpuSetRegion_                      
UNDEFED   _system_post_cinit                  
0000421c  abort                               
ffffffff  binit                               
00004144  dmaGroupANotification               
00004180  epcCAMFullNotification              
00004184  epcFIFOFullNotification             
00002ab4  esmActivateNormalOperation          
00002c00  esmClearStatus                      
00002c64  esmClearStatusBuffer                
00002c40  esmClearStatusUpper                 
00002a60  esmDisableError                     
00002a88  esmDisableErrorUpper                
00002b08  esmDisableInterrupt                 
00002b30  esmDisableInterruptUpper            
00002a1c  esmEnableError                      
00002a44  esmEnableErrorUpper                 
00002ac4  esmEnableInterrupt                  
00002aec  esmEnableInterruptUpper             
00002d94  esmEnterSelfTest                    
00002a00  esmError                            
00002e6c  esmGetConfigValue                   
00002ca0  esmGetStatus                        
00002d6c  esmGetStatusBuffer                  
00002d24  esmGetStatusUpper                   
0000410c  esmGroup1Notification               
00004120  esmGroup2Notification               
00004134  esmGroup3Notification               
00003c1c  esmHighInterrupt                    
000028a4  esmInit                             
00002e1c  esmSelfTestStatus                   
00002c80  esmSetCounterPreloadValue           
00002b4c  esmSetInterruptLevel                
00002bc0  esmSetInterruptLevelUpper           
00002aa4  esmTriggerErrorPinReset             
0000197c  getResetSource                      
08001504  i                                   
00003d94  main                                
000017ac  mapClocks                           
00003a9c  memcpy                              
0000406c  memset                              
000008bc  mibspi1GetConfigValue               
00003edc  mibspi1HighLevelInterrupt           
00000888  mibspiDisableGroupNotification      
00000794  mibspiDisableLoopback               
00000800  mibspiEnableGroupNotification       
00000760  mibspiEnableLoopback                
00000548  mibspiGetData                       
00003e80  mibspiGroupNotification             
00000020  mibspiInit                          
00000378  mibspiIsBuffInitialized             
000006f4  mibspiIsTransferComplete            
00004158  mibspiNotification                  
000003b0  mibspiOutofReset                    
000007b0  mibspiPmodeSet                      
000003d0  mibspiReset                         
0000040c  mibspiSetData                       
000003ec  mibspiSetFunctional                 
000006c4  mibspiTransfer                      
00000c44  muxInit                             
000016f8  periphInit                          
00004224  phantomInterrupt                    
00000000  resetEntry                          
000016b8  setupFlash                          
00001610  setupPLL                            
00001aa4  systemGetConfigValue                
000018d8  systemInit                          
0000194c  systemPowerDown                     
00001670  trimLPO                             
00002040  vimChannelMap                       
000022ac  vimDisableInterrupt                 
00003760  vimECCErrorHandler                  
000020e4  vimEnableInterrupt                  
00002358  vimGetConfigValue                   
00001f6c  vimInit                             


GLOBAL SYMBOLS: SORTED BY Symbol Address 

address   name                                
-------   ----                                
00000000  __TI_static_base__                  
00000000  resetEntry                          
00000020  mibspiInit                          
00000378  mibspiIsBuffInitialized             
000003b0  mibspiOutofReset                    
000003d0  mibspiReset                         
000003ec  mibspiSetFunctional                 
0000040c  mibspiSetData                       
00000548  mibspiGetData                       
000006c4  mibspiTransfer                      
000006f4  mibspiIsTransferComplete            
00000760  mibspiEnableLoopback                
00000794  mibspiDisableLoopback               
000007b0  mibspiPmodeSet                      
00000800  mibspiEnableGroupNotification       
00000888  mibspiDisableGroupNotification      
000008bc  mibspi1GetConfigValue               
00000c44  muxInit                             
00001610  setupPLL                            
00001670  trimLPO                             
000016b8  setupFlash                          
000016f8  periphInit                          
000017ac  mapClocks                           
000018d8  systemInit                          
0000194c  systemPowerDown                     
0000197c  getResetSource                      
00001aa4  systemGetConfigValue                
00001f6c  vimInit                             
00002040  vimChannelMap                       
000020e4  vimEnableInterrupt                  
000022ac  vimDisableInterrupt                 
00002358  vimGetConfigValue                   
000028a4  esmInit                             
00002a00  esmError                            
00002a1c  esmEnableError                      
00002a44  esmEnableErrorUpper                 
00002a60  esmDisableError                     
00002a88  esmDisableErrorUpper                
00002aa4  esmTriggerErrorPinReset             
00002ab4  esmActivateNormalOperation          
00002ac4  esmEnableInterrupt                  
00002aec  esmEnableInterruptUpper             
00002b08  esmDisableInterrupt                 
00002b30  esmDisableInterruptUpper            
00002b4c  esmSetInterruptLevel                
00002bc0  esmSetInterruptLevelUpper           
00002c00  esmClearStatus                      
00002c40  esmClearStatusUpper                 
00002c64  esmClearStatusBuffer                
00002c80  esmSetCounterPreloadValue           
00002ca0  esmGetStatus                        
00002d24  esmGetStatusUpper                   
00002d6c  esmGetStatusBuffer                  
00002d94  esmEnterSelfTest                    
00002e1c  esmSelfTestStatus                   
00002e6c  esmGetConfigValue                   
00003030  _coreInitRegisters_                 
0000313c  _coreInitStackPointer_              
00003188  _getCPSRValue_                      
00003190  _gotoCPUIdle_                       
000031a8  _coreEnableVfp_                     
000031c0  _coreEnableEventBusExport_          
000031d0  _coreDisableEventBusExport_         
000031e0  _coreEnableIrqVicOffset_            
000031f0  _coreGetDataFault_                  
000031f8  _coreClearDataFault_                
00003204  _coreGetInstructionFault_           
0000320c  _coreClearInstructionFault_         
00003218  _coreGetDataFaultAddress_           
00003220  _coreClearDataFaultAddress_         
0000322c  _coreGetInstructionFaultAddress_    
00003234  _coreClearInstructionFaultAddress_  
00003240  _coreGetAuxiliaryDataFault_         
00003248  _coreClearAuxiliaryDataFault_       
00003254  _coreGetAuxiliaryInstructionFault_  
0000325c  _coreClearAuxiliaryInstructionFault_
00003268  _disable_IRQ_interrupt_             
00003270  _enable_IRQ_interrupt_              
00003278  _enable_interrupt_                  
00003280  _esmCcmErrorsClear_                 
00003308  _memInit_                           
0000333c  _checkMemInitOn_                    
0000335c  _cacheEnable_                       
000033a0  _cacheDisable_                      
000033c4  _dCacheInvalidate_                  
000033d8  _iCacheInvalidate_                  
000033ec  __TI_PINIT_Base                     
000033f0  __TI_PINIT_Limit                    
000033f4  _mpuInit_                           
000036ac  _mpuEnable_                         
000036c4  _mpuDisable_                        
000036dc  _mpuEnableBackgroundRegion_         
000036ec  _mpuDisableBackgroundRegion_        
000036fc  _mpuGetNumberOfRegions_             
00003708  _mpuAreRegionsSeparate_             
00003714  _mpuSetRegion_                      
0000371c  _mpuGetRegion_                      
00003724  _mpuSetRegionBaseAddress_           
0000372c  _mpuGetRegionBaseAddress_           
00003734  _mpuSetRegionTypeAndPermission_     
00003740  _mpuGetRegionType_                  
0000374c  _mpuGetRegionPermission_            
00003758  _mpuSetRegionSizeRegister_          
00003760  vimECCErrorHandler                  
00003a9c  __aeabi_memcpy                      
00003a9c  __aeabi_memcpy4                     
00003a9c  __aeabi_memcpy8                     
00003a9c  memcpy                              
00003c1c  esmHighInterrupt                    
00003d94  main                                
00003e80  mibspiGroupNotification             
00003edc  mibspi1HighLevelInterrupt           
00003fa8  _c_int00                            
0000405c  __aeabi_memclr                      
0000405c  __aeabi_memclr4                     
0000405c  __aeabi_memclr8                     
00004060  __aeabi_memset                      
00004060  __aeabi_memset4                     
00004060  __aeabi_memset8                     
0000406c  memset                              
0000410c  esmGroup1Notification               
00004120  esmGroup2Notification               
00004134  esmGroup3Notification               
00004144  dmaGroupANotification               
00004158  mibspiNotification                  
00004180  epcCAMFullNotification              
00004184  epcFIFOFullNotification             
00004194  __TI_auto_init_nobinit_nopinit      
000041fc  __TI_zero_init_nomemset             
0000421c  C$$EXIT                             
0000421c  abort                               
00004224  phantomInterrupt                    
00004468  __TI_Handler_Table_Base             
0000446c  __TI_CINIT_Base                     
0000446c  __TI_Handler_Table_Limit            
00004474  __TI_CINIT_Limit                    
08001500  TG3_IS_Complete                     
08001504  i                                   
ffffffff  __TI_pprof_out_hndl                 
ffffffff  __TI_prof_data_size                 
ffffffff  __TI_prof_data_start                
ffffffff  __binit__                           
ffffffff  __c_args__                          
ffffffff  binit                               
UNDEFED   SHT$$INIT_ARRAY$$Base               
UNDEFED   SHT$$INIT_ARRAY$$Limit              
UNDEFED   _system_post_cinit                  

[147 symbols]
