******************************************************************************
                  TI ARM Linker PC v18.1.4                     
******************************************************************************
>> Linked Tue Jan 15 21:31:02 2019

OUTPUT FILE NAME:   <example-spi-master.out>
ENTRY POINT SYMBOL: "_c_int00"  address: 00003fec


MEMORY CONFIGURATION

         name            origin    length      used     unused   attr    fill
----------------------  --------  ---------  --------  --------  ----  --------
  VECTORS               00000000   00000020  00000020  00000000     X
  FLASH0                00000020   001fffe0  000046e8  001fb8f8  R  X
  FLASH1                00200000   00200000  00000000  00200000  R  X
  STACKS                08000000   00001500  00000000  00001500  RW  
  RAM                   08001500   0007eb00  00000078  0007ea88  RW  


SEGMENT ALLOCATION MAP

run origin  load origin   length   init length attrs members
----------  ----------- ---------- ----------- ----- -------
00000000    00000000    000046f4   000046f4    r-x
  00000000    00000000    00000020   00000020    r-x .intvecs
  00000020    00000020    000042c0   000042c0    r-x .text
  000042e0    000042e0    00000414   00000414    r-- .const
00004700    00004700    00000014   00000014    r--
  00004700    00004700    00000014   00000014    r-- .cinit
08001500    08001500    00000078   00000000    rw-
  08001500    08001500    00000078   00000000    rw- .bss


SECTION ALLOCATION MAP

 output                                  attributes/
section   page    origin      length       input sections
--------  ----  ----------  ----------   ----------------
.intvecs   0    00000000    00000020     
                  00000000    00000020     HL_sys_intvecs.obj (.intvecs)

.text      0    00000020    000042c0     
                  00000020    00000bdc     HL_spi.obj (.text)
                  00000bfc    000009c0     HL_pinmux.obj (.text)
                  000015bc    0000095c     HL_system.obj (.text)
                  00001f18    00000938     HL_sys_vim.obj (.text)
                  00002850    0000078c     HL_esm.obj (.text)
                  00002fdc    000003c4     HL_sys_core.obj (.text)
                  000033a0    0000036c     HL_sys_mpu.obj (.text)
                  0000370c    0000033c     HL_sys_vim.obj (.text:retain)
                  00003a48    000002ac     HL_spi.obj (.text:retain)
                  00003cf4    00000180     rtsv7R4_A_le_v3D16_eabi.lib : memcpy32.asm.obj (.text)
                  00003e74    00000178     HL_esm.obj (.text:retain)
                  00003fec    000000b4     HL_sys_startup.obj (.text:retain)
                  000040a0    000000b0     rtsv7R4_A_le_v3D16_eabi.lib : memset32.asm.obj (.text)
                  00004150    00000084     HL_notification.obj (.text)
                  000041d4    00000078     HL_sys_main.obj (.text)
                  0000424c    00000068     rtsv7R4_A_le_v3D16_eabi.lib : autoinit.c.obj (.text:__TI_auto_init_nobinit_nopinit:__TI_auto_init_nobinit_nopinit)
                  000042b4    00000020                                 : copy_zero_init.c.obj (.text:decompress:ZI:__TI_zero_init_nomemset:__TI_zero_init_nomemset)
                  000042d4    00000008                                 : exit.c.obj (.text:abort:abort)
                  000042dc    00000004     HL_sys_phantom.obj (.text:retain)

.const     0    000042e0    00000414     
                  000042e0    00000210     HL_sys_main.obj (.const:$P$T0$1)
                  000044f0    00000200     HL_sys_vim.obj (.const:s_vim_init)
                  000046f0    00000004     HL_sys_main.obj (.const:$P$T1$2)

.cinit     0    00004700    00000014     
                  00004700    00000008     (.cinit..bss.load) [load image, compression = zero_init]
                  00004708    00000004     (__TI_handler_table)
                  0000470c    00000008     (__TI_cinit_table)

.bss       0    08001500    00000078     UNINITIALIZED
                  08001500    00000078     HL_spi.obj (.bss:g_spiPacket_t)

MODULE SUMMARY

       Module                 code    ro data   rw data
       ------                 ----    -------   -------
    .\source\
       HL_spi.obj             3720    0         120    
       HL_sys_vim.obj         3188    512       0      
       HL_pinmux.obj          2496    0         0      
       HL_system.obj          2396    0         0      
       HL_esm.obj             2308    0         0      
       HL_sys_core.obj        964     0         0      
       HL_sys_mpu.obj         876     0         0      
       HL_sys_main.obj        120     532       0      
       HL_sys_startup.obj     180     0         0      
       HL_notification.obj    132     0         0      
       HL_sys_intvecs.obj     32      0         0      
       HL_sys_phantom.obj     4       0         0      
    +--+----------------------+-------+---------+---------+
       Total:                 16416   1044      120    
                                                       
    C:\ti\ccsv8\tools\compiler\ti-cgt-arm_18.1.4.LTS\lib\rtsv7R4_A_le_v3D16_eabi.lib
       memcpy32.asm.obj       384     0         0      
       memset32.asm.obj       176     0         0      
       autoinit.c.obj         104     0         0      
       copy_zero_init.c.obj   32      0         0      
       exit.c.obj             8       0         0      
    +--+----------------------+-------+---------+---------+
       Total:                 704     0         0      
                                                       
       Linker Generated:      0       20        0      
    +--+----------------------+-------+---------+---------+
       Grand Total:           17120   1064      120    


LINKER GENERATED COPY TABLES

__TI_cinit_table @ 0000470c records: 1, size/record: 8, table size: 8
	.bss: load addr=00004700, load size=00000008 bytes, run addr=08001500, run size=00000078 bytes, compression=zero_init


LINKER GENERATED HANDLER TABLE

__TI_handler_table @ 00004708 records: 1, size/record: 4, table size: 4
	index: 0, handler: __TI_zero_init


GLOBAL SYMBOLS: SORTED ALPHABETICALLY BY Name 

address   name                                
-------   ----                                
000042d4  C$$EXIT                             
UNDEFED   SHT$$INIT_ARRAY$$Base               
UNDEFED   SHT$$INIT_ARRAY$$Limit              
000008b0  SpiRxStatus                         
00000824  SpiTxStatus                         
0000470c  __TI_CINIT_Base                     
00004714  __TI_CINIT_Limit                    
00004708  __TI_Handler_Table_Base             
0000470c  __TI_Handler_Table_Limit            
00003398  __TI_PINIT_Base                     
0000339c  __TI_PINIT_Limit                    
0000424c  __TI_auto_init_nobinit_nopinit      
ffffffff  __TI_pprof_out_hndl                 
ffffffff  __TI_prof_data_size                 
ffffffff  __TI_prof_data_start                
00000000  __TI_static_base__                  
000042b4  __TI_zero_init_nomemset             
000040a0  __aeabi_memclr                      
000040a0  __aeabi_memclr4                     
000040a0  __aeabi_memclr8                     
00003cf4  __aeabi_memcpy                      
00003cf4  __aeabi_memcpy4                     
00003cf4  __aeabi_memcpy8                     
000040a4  __aeabi_memset                      
000040a4  __aeabi_memset4                     
000040a4  __aeabi_memset8                     
ffffffff  __binit__                           
ffffffff  __c_args__                          
00003fec  _c_int00                            
0000334c  _cacheDisable_                      
00003308  _cacheEnable_                       
000032e8  _checkMemInitOn_                    
000031f4  _coreClearAuxiliaryDataFault_       
00003208  _coreClearAuxiliaryInstructionFault_
000031cc  _coreClearDataFaultAddress_         
000031a4  _coreClearDataFault_                
000031e0  _coreClearInstructionFaultAddress_  
000031b8  _coreClearInstructionFault_         
0000317c  _coreDisableEventBusExport_         
0000316c  _coreEnableEventBusExport_          
0000318c  _coreEnableIrqVicOffset_            
00003154  _coreEnableVfp_                     
000031ec  _coreGetAuxiliaryDataFault_         
00003200  _coreGetAuxiliaryInstructionFault_  
000031c4  _coreGetDataFaultAddress_           
0000319c  _coreGetDataFault_                  
000031d8  _coreGetInstructionFaultAddress_    
000031b0  _coreGetInstructionFault_           
00002fdc  _coreInitRegisters_                 
000030e8  _coreInitStackPointer_              
00003370  _dCacheInvalidate_                  
00003214  _disable_IRQ_interrupt_             
0000321c  _enable_IRQ_interrupt_              
00003224  _enable_interrupt_                  
0000322c  _esmCcmErrorsClear_                 
00003134  _getCPSRValue_                      
0000313c  _gotoCPUIdle_                       
00003384  _iCacheInvalidate_                  
000032b4  _memInit_                           
000036b4  _mpuAreRegionsSeparate_             
00003698  _mpuDisableBackgroundRegion_        
00003670  _mpuDisable_                        
00003688  _mpuEnableBackgroundRegion_         
00003658  _mpuEnable_                         
000036a8  _mpuGetNumberOfRegions_             
000036d8  _mpuGetRegionBaseAddress_           
000036f8  _mpuGetRegionPermission_            
000036ec  _mpuGetRegionType_                  
000036c8  _mpuGetRegion_                      
000033a0  _mpuInit_                           
000036d0  _mpuSetRegionBaseAddress_           
00003704  _mpuSetRegionSizeRegister_          
000036e0  _mpuSetRegionTypeAndPermission_     
000036c0  _mpuSetRegion_                      
UNDEFED   _system_post_cinit                  
000042d4  abort                               
ffffffff  binit                               
00004188  dmaGroupANotification               
000041c0  epcCAMFullNotification              
000041c4  epcFIFOFullNotification             
00002a60  esmActivateNormalOperation          
00002bac  esmClearStatus                      
00002c10  esmClearStatusBuffer                
00002bec  esmClearStatusUpper                 
00002a0c  esmDisableError                     
00002a34  esmDisableErrorUpper                
00002ab4  esmDisableInterrupt                 
00002adc  esmDisableInterruptUpper            
000029c8  esmEnableError                      
000029f0  esmEnableErrorUpper                 
00002a70  esmEnableInterrupt                  
00002a98  esmEnableInterruptUpper             
00002d40  esmEnterSelfTest                    
000029ac  esmError                            
00002e18  esmGetConfigValue                   
00002c4c  esmGetStatus                        
00002d18  esmGetStatusBuffer                  
00002cd0  esmGetStatusUpper                   
00004150  esmGroup1Notification               
00004164  esmGroup2Notification               
00004178  esmGroup3Notification               
00003e74  esmHighInterrupt                    
00002850  esmInit                             
00002dc8  esmSelfTestStatus                   
00002c2c  esmSetCounterPreloadValue           
00002af8  esmSetInterruptLevel                
00002b6c  esmSetInterruptLevelUpper           
00002a50  esmTriggerErrorPinReset             
00001928  getResetSource                      
000041d4  main                                
00001758  mapClocks                           
00003cf4  memcpy                              
000040b0  memset                              
00003a48  mibspi1HighLevelInterrupt           
00000bfc  muxInit                             
000016a4  periphInit                          
000042dc  phantomInterrupt                    
00000000  resetEntry                          
00001664  setupFlash                          
000015bc  setupPLL                            
000009e8  spi1GetConfigValue                  
00000970  spiDisableLoopback                  
000009bc  spiDisableNotification              
0000093c  spiEnableLoopback                   
0000098c  spiEnableNotification               
000041b0  spiEndNotification                  
0000028c  spiGetData                          
00000020  spiInit                             
0000419c  spiNotification                     
00000170  spiReceiveData                      
000006e4  spiSendAndGetData                   
000004b0  spiSendData                         
00000150  spiSetFunctional                    
000005a8  spiTransmitAndReceiveData           
00000384  spiTransmitData                     
00001a50  systemGetConfigValue                
00001884  systemInit                          
000018f8  systemPowerDown                     
0000161c  trimLPO                             
00001fec  vimChannelMap                       
00002258  vimDisableInterrupt                 
0000370c  vimECCErrorHandler                  
00002090  vimEnableInterrupt                  
00002304  vimGetConfigValue                   
00001f18  vimInit                             


GLOBAL SYMBOLS: SORTED BY Symbol Address 

address   name                                
-------   ----                                
00000000  __TI_static_base__                  
00000000  resetEntry                          
00000020  spiInit                             
00000150  spiSetFunctional                    
00000170  spiReceiveData                      
0000028c  spiGetData                          
00000384  spiTransmitData                     
000004b0  spiSendData                         
000005a8  spiTransmitAndReceiveData           
000006e4  spiSendAndGetData                   
00000824  SpiTxStatus                         
000008b0  SpiRxStatus                         
0000093c  spiEnableLoopback                   
00000970  spiDisableLoopback                  
0000098c  spiEnableNotification               
000009bc  spiDisableNotification              
000009e8  spi1GetConfigValue                  
00000bfc  muxInit                             
000015bc  setupPLL                            
0000161c  trimLPO                             
00001664  setupFlash                          
000016a4  periphInit                          
00001758  mapClocks                           
00001884  systemInit                          
000018f8  systemPowerDown                     
00001928  getResetSource                      
00001a50  systemGetConfigValue                
00001f18  vimInit                             
00001fec  vimChannelMap                       
00002090  vimEnableInterrupt                  
00002258  vimDisableInterrupt                 
00002304  vimGetConfigValue                   
00002850  esmInit                             
000029ac  esmError                            
000029c8  esmEnableError                      
000029f0  esmEnableErrorUpper                 
00002a0c  esmDisableError                     
00002a34  esmDisableErrorUpper                
00002a50  esmTriggerErrorPinReset             
00002a60  esmActivateNormalOperation          
00002a70  esmEnableInterrupt                  
00002a98  esmEnableInterruptUpper             
00002ab4  esmDisableInterrupt                 
00002adc  esmDisableInterruptUpper            
00002af8  esmSetInterruptLevel                
00002b6c  esmSetInterruptLevelUpper           
00002bac  esmClearStatus                      
00002bec  esmClearStatusUpper                 
00002c10  esmClearStatusBuffer                
00002c2c  esmSetCounterPreloadValue           
00002c4c  esmGetStatus                        
00002cd0  esmGetStatusUpper                   
00002d18  esmGetStatusBuffer                  
00002d40  esmEnterSelfTest                    
00002dc8  esmSelfTestStatus                   
00002e18  esmGetConfigValue                   
00002fdc  _coreInitRegisters_                 
000030e8  _coreInitStackPointer_              
00003134  _getCPSRValue_                      
0000313c  _gotoCPUIdle_                       
00003154  _coreEnableVfp_                     
0000316c  _coreEnableEventBusExport_          
0000317c  _coreDisableEventBusExport_         
0000318c  _coreEnableIrqVicOffset_            
0000319c  _coreGetDataFault_                  
000031a4  _coreClearDataFault_                
000031b0  _coreGetInstructionFault_           
000031b8  _coreClearInstructionFault_         
000031c4  _coreGetDataFaultAddress_           
000031cc  _coreClearDataFaultAddress_         
000031d8  _coreGetInstructionFaultAddress_    
000031e0  _coreClearInstructionFaultAddress_  
000031ec  _coreGetAuxiliaryDataFault_         
000031f4  _coreClearAuxiliaryDataFault_       
00003200  _coreGetAuxiliaryInstructionFault_  
00003208  _coreClearAuxiliaryInstructionFault_
00003214  _disable_IRQ_interrupt_             
0000321c  _enable_IRQ_interrupt_              
00003224  _enable_interrupt_                  
0000322c  _esmCcmErrorsClear_                 
000032b4  _memInit_                           
000032e8  _checkMemInitOn_                    
00003308  _cacheEnable_                       
0000334c  _cacheDisable_                      
00003370  _dCacheInvalidate_                  
00003384  _iCacheInvalidate_                  
00003398  __TI_PINIT_Base                     
0000339c  __TI_PINIT_Limit                    
000033a0  _mpuInit_                           
00003658  _mpuEnable_                         
00003670  _mpuDisable_                        
00003688  _mpuEnableBackgroundRegion_         
00003698  _mpuDisableBackgroundRegion_        
000036a8  _mpuGetNumberOfRegions_             
000036b4  _mpuAreRegionsSeparate_             
000036c0  _mpuSetRegion_                      
000036c8  _mpuGetRegion_                      
000036d0  _mpuSetRegionBaseAddress_           
000036d8  _mpuGetRegionBaseAddress_           
000036e0  _mpuSetRegionTypeAndPermission_     
000036ec  _mpuGetRegionType_                  
000036f8  _mpuGetRegionPermission_            
00003704  _mpuSetRegionSizeRegister_          
0000370c  vimECCErrorHandler                  
00003a48  mibspi1HighLevelInterrupt           
00003cf4  __aeabi_memcpy                      
00003cf4  __aeabi_memcpy4                     
00003cf4  __aeabi_memcpy8                     
00003cf4  memcpy                              
00003e74  esmHighInterrupt                    
00003fec  _c_int00                            
000040a0  __aeabi_memclr                      
000040a0  __aeabi_memclr4                     
000040a0  __aeabi_memclr8                     
000040a4  __aeabi_memset                      
000040a4  __aeabi_memset4                     
000040a4  __aeabi_memset8                     
000040b0  memset                              
00004150  esmGroup1Notification               
00004164  esmGroup2Notification               
00004178  esmGroup3Notification               
00004188  dmaGroupANotification               
0000419c  spiNotification                     
000041b0  spiEndNotification                  
000041c0  epcCAMFullNotification              
000041c4  epcFIFOFullNotification             
000041d4  main                                
0000424c  __TI_auto_init_nobinit_nopinit      
000042b4  __TI_zero_init_nomemset             
000042d4  C$$EXIT                             
000042d4  abort                               
000042dc  phantomInterrupt                    
00004708  __TI_Handler_Table_Base             
0000470c  __TI_CINIT_Base                     
0000470c  __TI_Handler_Table_Limit            
00004714  __TI_CINIT_Limit                    
ffffffff  __TI_pprof_out_hndl                 
ffffffff  __TI_prof_data_size                 
ffffffff  __TI_prof_data_start                
ffffffff  __binit__                           
ffffffff  __c_args__                          
ffffffff  binit                               
UNDEFED   SHT$$INIT_ARRAY$$Base               
UNDEFED   SHT$$INIT_ARRAY$$Limit              
UNDEFED   _system_post_cinit                  

[145 symbols]
