******************************************************************************
                  TI ARM Linker PC v18.1.4                     
******************************************************************************
>> Linked Thu Feb  7 12:21:43 2019

OUTPUT FILE NAME:   <example-spi-master.out>
ENTRY POINT SYMBOL: "_c_int00"  address: 000040ac


MEMORY CONFIGURATION

         name            origin    length      used     unused   attr    fill
----------------------  --------  ---------  --------  --------  ----  --------
  VECTORS               00000000   00000020  00000020  00000000     X
  FLASH0                00000020   001fffe0  00004cdc  001fb304  R  X
  FLASH1                00200000   00200000  00000000  00200000  R  X
  STACKS                08000000   00001500  00000000  00001500  RW  
  RAM                   08001500   0007eb00  0000007c  0007ea84  RW  


SEGMENT ALLOCATION MAP

run origin  load origin   length   init length attrs members
----------  ----------- ---------- ----------- ----- -------
00000000    00000000    00004328   00004328    r-x
  00000000    00000000    00000020   00000020    r-x .intvecs
  00000020    00000020    00004308   00004308    r-x .text
00004340    00004340    000009d4   000009d4    r--
  00004340    00004340    000009c0   000009c0    r-- .const
  00004d00    00004d00    00000014   00000014    r-- .cinit
08001500    08001500    0000007c   00000000    rw-
  08001500    08001500    0000007c   00000000    rw- .bss


SECTION ALLOCATION MAP

 output                                  attributes/
section   page    origin      length       input sections
--------  ----  ----------  ----------   ----------------
.intvecs   0    00000000    00000020     
                  00000000    00000020     HL_sys_intvecs.obj (.intvecs)

.text      0    00000020    00004308     
                  00000020    00000bdc     HL_spi.obj (.text)
                  00000bfc    000009c4     HL_pinmux.obj (.text)
                  000015c0    0000095c     HL_system.obj (.text)
                  00001f1c    00000938     HL_sys_vim.obj (.text)
                  00002854    0000078c     HL_esm.obj (.text)
                  00002fe0    000003c4     HL_sys_core.obj (.text)
                  000033a4    0000036c     HL_sys_mpu.obj (.text)
                  00003710    0000033c     HL_sys_vim.obj (.text:retain)
                  00003a4c    000002b0     HL_spi.obj (.text:retain)
                  00003cfc    00000180     rtsv7R4_A_le_v3D16_eabi.lib : memcpy32.asm.obj (.text)
                  00003e7c    00000178     HL_esm.obj (.text:retain)
                  00003ff4    000000b8     HL_sys_main.obj (.text)
                  000040ac    000000b4     HL_sys_startup.obj (.text:retain)
                  00004160    000000b0     rtsv7R4_A_le_v3D16_eabi.lib : memset32.asm.obj (.text)
                  00004210    00000084     HL_notification.obj (.text)
                  00004294    00000068     rtsv7R4_A_le_v3D16_eabi.lib : autoinit.c.obj (.text:__TI_auto_init_nobinit_nopinit:__TI_auto_init_nobinit_nopinit)
                  000042fc    00000020                                 : copy_zero_init.c.obj (.text:decompress:ZI:__TI_zero_init_nomemset:__TI_zero_init_nomemset)
                  0000431c    00000008                                 : exit.c.obj (.text:abort:abort)
                  00004324    00000004     HL_sys_phantom.obj (.text:retain)

.const     0    00004340    000009c0     
                  00004340    000007bc     HL_sys_main.obj (.const:$P$T0$1)
                  00004afc    00000200     HL_sys_vim.obj (.const:s_vim_init)
                  00004cfc    00000004     HL_sys_main.obj (.const:$P$T1$2)

.cinit     0    00004d00    00000014     
                  00004d00    00000008     (.cinit..bss.load) [load image, compression = zero_init]
                  00004d08    00000004     (__TI_handler_table)
                  00004d0c    00000008     (__TI_cinit_table)

.bss       0    08001500    0000007c     UNINITIALIZED
                  08001500    00000078     HL_spi.obj (.bss:g_spiPacket_t)
                  08001578    00000004     (.common:j)

MODULE SUMMARY

       Module                 code    ro data   rw data
       ------                 ----    -------   -------
    .\source\
       HL_spi.obj             3724    0         120    
       HL_sys_vim.obj         3188    512       0      
       HL_pinmux.obj          2500    0         0      
       HL_system.obj          2396    0         0      
       HL_esm.obj             2308    0         0      
       HL_sys_main.obj        184     1984      4      
       HL_sys_core.obj        964     0         0      
       HL_sys_mpu.obj         876     0         0      
       HL_sys_startup.obj     180     0         0      
       HL_notification.obj    132     0         0      
       HL_sys_intvecs.obj     32      0         0      
       HL_sys_phantom.obj     4       0         0      
    +--+----------------------+-------+---------+---------+
       Total:                 16488   2496      124    
                                                       
    C:\ti\ccsv8\tools\compiler\ti-cgt-arm_18.1.4.LTS\lib\rtsv7R4_A_le_v3D16_eabi.lib
       memcpy32.asm.obj       384     0         0      
       memset32.asm.obj       176     0         0      
       autoinit.c.obj         104     0         0      
       copy_zero_init.c.obj   32      0         0      
       exit.c.obj             8       0         0      
    +--+----------------------+-------+---------+---------+
       Total:                 704     0         0      
                                                       
       Linker Generated:      0       20        0      
    +--+----------------------+-------+---------+---------+
       Grand Total:           17192   2516      124    


LINKER GENERATED COPY TABLES

__TI_cinit_table @ 00004d0c records: 1, size/record: 8, table size: 8
	.bss: load addr=00004d00, load size=00000008 bytes, run addr=08001500, run size=0000007c bytes, compression=zero_init


LINKER GENERATED HANDLER TABLE

__TI_handler_table @ 00004d08 records: 1, size/record: 4, table size: 4
	index: 0, handler: __TI_zero_init


GLOBAL SYMBOLS: SORTED ALPHABETICALLY BY Name 

address   name                                
-------   ----                                
0000431c  C$$EXIT                             
UNDEFED   SHT$$INIT_ARRAY$$Base               
UNDEFED   SHT$$INIT_ARRAY$$Limit              
000008b0  SpiRxStatus                         
00000824  SpiTxStatus                         
00004d0c  __TI_CINIT_Base                     
00004d14  __TI_CINIT_Limit                    
00004d08  __TI_Handler_Table_Base             
00004d0c  __TI_Handler_Table_Limit            
0000339c  __TI_PINIT_Base                     
000033a0  __TI_PINIT_Limit                    
00004294  __TI_auto_init_nobinit_nopinit      
ffffffff  __TI_pprof_out_hndl                 
ffffffff  __TI_prof_data_size                 
ffffffff  __TI_prof_data_start                
00000000  __TI_static_base__                  
000042fc  __TI_zero_init_nomemset             
00004160  __aeabi_memclr                      
00004160  __aeabi_memclr4                     
00004160  __aeabi_memclr8                     
00003cfc  __aeabi_memcpy                      
00003cfc  __aeabi_memcpy4                     
00003cfc  __aeabi_memcpy8                     
00004164  __aeabi_memset                      
00004164  __aeabi_memset4                     
00004164  __aeabi_memset8                     
ffffffff  __binit__                           
ffffffff  __c_args__                          
000040ac  _c_int00                            
00003350  _cacheDisable_                      
0000330c  _cacheEnable_                       
000032ec  _checkMemInitOn_                    
000031f8  _coreClearAuxiliaryDataFault_       
0000320c  _coreClearAuxiliaryInstructionFault_
000031d0  _coreClearDataFaultAddress_         
000031a8  _coreClearDataFault_                
000031e4  _coreClearInstructionFaultAddress_  
000031bc  _coreClearInstructionFault_         
00003180  _coreDisableEventBusExport_         
00003170  _coreEnableEventBusExport_          
00003190  _coreEnableIrqVicOffset_            
00003158  _coreEnableVfp_                     
000031f0  _coreGetAuxiliaryDataFault_         
00003204  _coreGetAuxiliaryInstructionFault_  
000031c8  _coreGetDataFaultAddress_           
000031a0  _coreGetDataFault_                  
000031dc  _coreGetInstructionFaultAddress_    
000031b4  _coreGetInstructionFault_           
00002fe0  _coreInitRegisters_                 
000030ec  _coreInitStackPointer_              
00003374  _dCacheInvalidate_                  
00003218  _disable_IRQ_interrupt_             
00003220  _enable_IRQ_interrupt_              
00003228  _enable_interrupt_                  
00003230  _esmCcmErrorsClear_                 
00003138  _getCPSRValue_                      
00003140  _gotoCPUIdle_                       
00003388  _iCacheInvalidate_                  
000032b8  _memInit_                           
000036b8  _mpuAreRegionsSeparate_             
0000369c  _mpuDisableBackgroundRegion_        
00003674  _mpuDisable_                        
0000368c  _mpuEnableBackgroundRegion_         
0000365c  _mpuEnable_                         
000036ac  _mpuGetNumberOfRegions_             
000036dc  _mpuGetRegionBaseAddress_           
000036fc  _mpuGetRegionPermission_            
000036f0  _mpuGetRegionType_                  
000036cc  _mpuGetRegion_                      
000033a4  _mpuInit_                           
000036d4  _mpuSetRegionBaseAddress_           
00003708  _mpuSetRegionSizeRegister_          
000036e4  _mpuSetRegionTypeAndPermission_     
000036c4  _mpuSetRegion_                      
UNDEFED   _system_post_cinit                  
0000431c  abort                               
ffffffff  binit                               
00004248  dmaGroupANotification               
00004280  epcCAMFullNotification              
00004284  epcFIFOFullNotification             
00002a64  esmActivateNormalOperation          
00002bb0  esmClearStatus                      
00002c14  esmClearStatusBuffer                
00002bf0  esmClearStatusUpper                 
00002a10  esmDisableError                     
00002a38  esmDisableErrorUpper                
00002ab8  esmDisableInterrupt                 
00002ae0  esmDisableInterruptUpper            
000029cc  esmEnableError                      
000029f4  esmEnableErrorUpper                 
00002a74  esmEnableInterrupt                  
00002a9c  esmEnableInterruptUpper             
00002d44  esmEnterSelfTest                    
000029b0  esmError                            
00002e1c  esmGetConfigValue                   
00002c50  esmGetStatus                        
00002d1c  esmGetStatusBuffer                  
00002cd4  esmGetStatusUpper                   
00004210  esmGroup1Notification               
00004224  esmGroup2Notification               
00004238  esmGroup3Notification               
00003e7c  esmHighInterrupt                    
00002854  esmInit                             
00002dcc  esmSelfTestStatus                   
00002c30  esmSetCounterPreloadValue           
00002afc  esmSetInterruptLevel                
00002b70  esmSetInterruptLevelUpper           
00002a54  esmTriggerErrorPinReset             
0000192c  getResetSource                      
08001578  j                                   
00003ff4  main                                
0000175c  mapClocks                           
00003cfc  memcpy                              
00004170  memset                              
00003a4c  mibspi3HighInterruptLevel           
00000bfc  muxInit                             
000016a8  periphInit                          
00004324  phantomInterrupt                    
00000000  resetEntry                          
00001668  setupFlash                          
000015c0  setupPLL                            
000009e8  spi3GetConfigValue                  
00000970  spiDisableLoopback                  
000009bc  spiDisableNotification              
0000093c  spiEnableLoopback                   
0000098c  spiEnableNotification               
00004270  spiEndNotification                  
0000028c  spiGetData                          
00000020  spiInit                             
0000425c  spiNotification                     
00000170  spiReceiveData                      
000006e4  spiSendAndGetData                   
000004b0  spiSendData                         
00000150  spiSetFunctional                    
000005a8  spiTransmitAndReceiveData           
00000384  spiTransmitData                     
00001a54  systemGetConfigValue                
00001888  systemInit                          
000018fc  systemPowerDown                     
00001620  trimLPO                             
00001ff0  vimChannelMap                       
0000225c  vimDisableInterrupt                 
00003710  vimECCErrorHandler                  
00002094  vimEnableInterrupt                  
00002308  vimGetConfigValue                   
00001f1c  vimInit                             


GLOBAL SYMBOLS: SORTED BY Symbol Address 

address   name                                
-------   ----                                
00000000  __TI_static_base__                  
00000000  resetEntry                          
00000020  spiInit                             
00000150  spiSetFunctional                    
00000170  spiReceiveData                      
0000028c  spiGetData                          
00000384  spiTransmitData                     
000004b0  spiSendData                         
000005a8  spiTransmitAndReceiveData           
000006e4  spiSendAndGetData                   
00000824  SpiTxStatus                         
000008b0  SpiRxStatus                         
0000093c  spiEnableLoopback                   
00000970  spiDisableLoopback                  
0000098c  spiEnableNotification               
000009bc  spiDisableNotification              
000009e8  spi3GetConfigValue                  
00000bfc  muxInit                             
000015c0  setupPLL                            
00001620  trimLPO                             
00001668  setupFlash                          
000016a8  periphInit                          
0000175c  mapClocks                           
00001888  systemInit                          
000018fc  systemPowerDown                     
0000192c  getResetSource                      
00001a54  systemGetConfigValue                
00001f1c  vimInit                             
00001ff0  vimChannelMap                       
00002094  vimEnableInterrupt                  
0000225c  vimDisableInterrupt                 
00002308  vimGetConfigValue                   
00002854  esmInit                             
000029b0  esmError                            
000029cc  esmEnableError                      
000029f4  esmEnableErrorUpper                 
00002a10  esmDisableError                     
00002a38  esmDisableErrorUpper                
00002a54  esmTriggerErrorPinReset             
00002a64  esmActivateNormalOperation          
00002a74  esmEnableInterrupt                  
00002a9c  esmEnableInterruptUpper             
00002ab8  esmDisableInterrupt                 
00002ae0  esmDisableInterruptUpper            
00002afc  esmSetInterruptLevel                
00002b70  esmSetInterruptLevelUpper           
00002bb0  esmClearStatus                      
00002bf0  esmClearStatusUpper                 
00002c14  esmClearStatusBuffer                
00002c30  esmSetCounterPreloadValue           
00002c50  esmGetStatus                        
00002cd4  esmGetStatusUpper                   
00002d1c  esmGetStatusBuffer                  
00002d44  esmEnterSelfTest                    
00002dcc  esmSelfTestStatus                   
00002e1c  esmGetConfigValue                   
00002fe0  _coreInitRegisters_                 
000030ec  _coreInitStackPointer_              
00003138  _getCPSRValue_                      
00003140  _gotoCPUIdle_                       
00003158  _coreEnableVfp_                     
00003170  _coreEnableEventBusExport_          
00003180  _coreDisableEventBusExport_         
00003190  _coreEnableIrqVicOffset_            
000031a0  _coreGetDataFault_                  
000031a8  _coreClearDataFault_                
000031b4  _coreGetInstructionFault_           
000031bc  _coreClearInstructionFault_         
000031c8  _coreGetDataFaultAddress_           
000031d0  _coreClearDataFaultAddress_         
000031dc  _coreGetInstructionFaultAddress_    
000031e4  _coreClearInstructionFaultAddress_  
000031f0  _coreGetAuxiliaryDataFault_         
000031f8  _coreClearAuxiliaryDataFault_       
00003204  _coreGetAuxiliaryInstructionFault_  
0000320c  _coreClearAuxiliaryInstructionFault_
00003218  _disable_IRQ_interrupt_             
00003220  _enable_IRQ_interrupt_              
00003228  _enable_interrupt_                  
00003230  _esmCcmErrorsClear_                 
000032b8  _memInit_                           
000032ec  _checkMemInitOn_                    
0000330c  _cacheEnable_                       
00003350  _cacheDisable_                      
00003374  _dCacheInvalidate_                  
00003388  _iCacheInvalidate_                  
0000339c  __TI_PINIT_Base                     
000033a0  __TI_PINIT_Limit                    
000033a4  _mpuInit_                           
0000365c  _mpuEnable_                         
00003674  _mpuDisable_                        
0000368c  _mpuEnableBackgroundRegion_         
0000369c  _mpuDisableBackgroundRegion_        
000036ac  _mpuGetNumberOfRegions_             
000036b8  _mpuAreRegionsSeparate_             
000036c4  _mpuSetRegion_                      
000036cc  _mpuGetRegion_                      
000036d4  _mpuSetRegionBaseAddress_           
000036dc  _mpuGetRegionBaseAddress_           
000036e4  _mpuSetRegionTypeAndPermission_     
000036f0  _mpuGetRegionType_                  
000036fc  _mpuGetRegionPermission_            
00003708  _mpuSetRegionSizeRegister_          
00003710  vimECCErrorHandler                  
00003a4c  mibspi3HighInterruptLevel           
00003cfc  __aeabi_memcpy                      
00003cfc  __aeabi_memcpy4                     
00003cfc  __aeabi_memcpy8                     
00003cfc  memcpy                              
00003e7c  esmHighInterrupt                    
00003ff4  main                                
000040ac  _c_int00                            
00004160  __aeabi_memclr                      
00004160  __aeabi_memclr4                     
00004160  __aeabi_memclr8                     
00004164  __aeabi_memset                      
00004164  __aeabi_memset4                     
00004164  __aeabi_memset8                     
00004170  memset                              
00004210  esmGroup1Notification               
00004224  esmGroup2Notification               
00004238  esmGroup3Notification               
00004248  dmaGroupANotification               
0000425c  spiNotification                     
00004270  spiEndNotification                  
00004280  epcCAMFullNotification              
00004284  epcFIFOFullNotification             
00004294  __TI_auto_init_nobinit_nopinit      
000042fc  __TI_zero_init_nomemset             
0000431c  C$$EXIT                             
0000431c  abort                               
00004324  phantomInterrupt                    
00004d08  __TI_Handler_Table_Base             
00004d0c  __TI_CINIT_Base                     
00004d0c  __TI_Handler_Table_Limit            
00004d14  __TI_CINIT_Limit                    
08001578  j                                   
ffffffff  __TI_pprof_out_hndl                 
ffffffff  __TI_prof_data_size                 
ffffffff  __TI_prof_data_start                
ffffffff  __binit__                           
ffffffff  __c_args__                          
ffffffff  binit                               
UNDEFED   SHT$$INIT_ARRAY$$Base               
UNDEFED   SHT$$INIT_ARRAY$$Limit              
UNDEFED   _system_post_cinit                  

[146 symbols]
