******************************************************************************
                  TI ARM Linker PC v18.1.4                     
******************************************************************************
>> Linked Thu Dec 20 18:29:14 2018

OUTPUT FILE NAME:   <example-spi-slave.out>
ENTRY POINT SYMBOL: "_c_int00"  address: 00003fc8


MEMORY CONFIGURATION

         name            origin    length      used     unused   attr    fill
----------------------  --------  ---------  --------  --------  ----  --------
  VECTORS               00000000   00000020  00000020  00000000     X
  FLASH0                00000020   001fffe0  0000444c  001fbb94  R  X
  FLASH1                00200000   00200000  00000000  00200000  R  X
  STACKS                08000000   00001500  00000000  00001500  RW  
  RAM                   08001500   0007eb00  00000008  0007eaf8  RW  


SEGMENT ALLOCATION MAP

run origin  load origin   length   init length attrs members
----------  ----------- ---------- ----------- ----- -------
00000000    00000000    00004248   00004248    r-x
  00000000    00000000    00000020   00000020    r-x .intvecs
  00000020    00000020    00004228   00004228    r-x .text
00004260    00004260    00000210   00000210    r--
  00004260    00004260    00000210   00000210    r-- .const
00004480    00004480    00000014   00000014    r--
  00004480    00004480    00000014   00000014    r-- .cinit
08001500    08001500    00000008   00000000    rw-
  08001500    08001500    00000008   00000000    rw- .bss


SECTION ALLOCATION MAP

 output                                  attributes/
section   page    origin      length       input sections
--------  ----  ----------  ----------   ----------------
.intvecs   0    00000000    00000020     
                  00000000    00000020     HL_sys_intvecs.obj (.intvecs)

.text      0    00000020    00004228     
                  00000020    00000c1c     HL_mibspi.obj (.text)
                  00000c3c    000009cc     HL_pinmux.obj (.text)
                  00001608    0000095c     HL_system.obj (.text)
                  00001f64    00000938     HL_sys_vim.obj (.text)
                  0000289c    0000078c     HL_esm.obj (.text)
                  00003028    000003c4     HL_sys_core.obj (.text)
                  000033ec    0000036c     HL_sys_mpu.obj (.text)
                  00003758    0000033c     HL_sys_vim.obj (.text:retain)
                  00003a94    00000180     rtsv7R4_A_le_v3D16_eabi.lib : memcpy32.asm.obj (.text)
                  00003c14    00000178     HL_esm.obj (.text:retain)
                  00003d8c    00000170     HL_sys_main.obj (.text)
                  00003efc    000000cc     HL_mibspi.obj (.text:retain)
                  00003fc8    000000b4     HL_sys_startup.obj (.text:retain)
                  0000407c    000000b0     rtsv7R4_A_le_v3D16_eabi.lib : memset32.asm.obj (.text)
                  0000412c    00000088     HL_notification.obj (.text)
                  000041b4    00000068     rtsv7R4_A_le_v3D16_eabi.lib : autoinit.c.obj (.text:__TI_auto_init_nobinit_nopinit:__TI_auto_init_nobinit_nopinit)
                  0000421c    00000020                                 : copy_zero_init.c.obj (.text:decompress:ZI:__TI_zero_init_nomemset:__TI_zero_init_nomemset)
                  0000423c    00000008                                 : exit.c.obj (.text:abort:abort)
                  00004244    00000004     HL_sys_phantom.obj (.text:retain)

.const     0    00004260    00000210     
                  00004260    00000200     HL_sys_vim.obj (.const:s_vim_init)
                  00004460    00000010     HL_sys_main.obj (.const:$P$T0$1)

.cinit     0    00004480    00000014     
                  00004480    00000008     (.cinit..bss.load) [load image, compression = zero_init]
                  00004488    00000004     (__TI_handler_table)
                  0000448c    00000008     (__TI_cinit_table)

.bss       0    08001500    00000008     UNINITIALIZED
                  08001500    00000004     (.common:TG3_IS_Complete)
                  08001504    00000004     (.common:i)

MODULE SUMMARY

       Module                 code    ro data   rw data
       ------                 ----    -------   -------
    .\source\
       HL_sys_vim.obj         3188    512       0      
       HL_mibspi.obj          3304    0         0      
       HL_pinmux.obj          2508    0         0      
       HL_system.obj          2396    0         0      
       HL_esm.obj             2308    0         0      
       HL_sys_core.obj        964     0         0      
       HL_sys_mpu.obj         876     0         0      
       HL_sys_main.obj        368     16        8      
       HL_sys_startup.obj     180     0         0      
       HL_notification.obj    136     0         0      
       HL_sys_intvecs.obj     32      0         0      
       HL_sys_phantom.obj     4       0         0      
    +--+----------------------+-------+---------+---------+
       Total:                 16264   528       8      
                                                       
    C:\ti\ccsv8\tools\compiler\ti-cgt-arm_18.1.4.LTS\lib\rtsv7R4_A_le_v3D16_eabi.lib
       memcpy32.asm.obj       384     0         0      
       memset32.asm.obj       176     0         0      
       autoinit.c.obj         104     0         0      
       copy_zero_init.c.obj   32      0         0      
       exit.c.obj             8       0         0      
    +--+----------------------+-------+---------+---------+
       Total:                 704     0         0      
                                                       
       Linker Generated:      0       20        0      
    +--+----------------------+-------+---------+---------+
       Grand Total:           16968   548       8      


LINKER GENERATED COPY TABLES

__TI_cinit_table @ 0000448c records: 1, size/record: 8, table size: 8
	.bss: load addr=00004480, load size=00000008 bytes, run addr=08001500, run size=00000008 bytes, compression=zero_init


LINKER GENERATED HANDLER TABLE

__TI_handler_table @ 00004488 records: 1, size/record: 4, table size: 4
	index: 0, handler: __TI_zero_init


GLOBAL SYMBOLS: SORTED ALPHABETICALLY BY Name 

address   name                                
-------   ----                                
0000423c  C$$EXIT                             
UNDEFED   SHT$$INIT_ARRAY$$Base               
UNDEFED   SHT$$INIT_ARRAY$$Limit              
08001500  TG3_IS_Complete                     
0000448c  __TI_CINIT_Base                     
00004494  __TI_CINIT_Limit                    
00004488  __TI_Handler_Table_Base             
0000448c  __TI_Handler_Table_Limit            
000033e4  __TI_PINIT_Base                     
000033e8  __TI_PINIT_Limit                    
000041b4  __TI_auto_init_nobinit_nopinit      
ffffffff  __TI_pprof_out_hndl                 
ffffffff  __TI_prof_data_size                 
ffffffff  __TI_prof_data_start                
00000000  __TI_static_base__                  
0000421c  __TI_zero_init_nomemset             
0000407c  __aeabi_memclr                      
0000407c  __aeabi_memclr4                     
0000407c  __aeabi_memclr8                     
00003a94  __aeabi_memcpy                      
00003a94  __aeabi_memcpy4                     
00003a94  __aeabi_memcpy8                     
00004080  __aeabi_memset                      
00004080  __aeabi_memset4                     
00004080  __aeabi_memset8                     
ffffffff  __binit__                           
ffffffff  __c_args__                          
00003fc8  _c_int00                            
00003398  _cacheDisable_                      
00003354  _cacheEnable_                       
00003334  _checkMemInitOn_                    
00003240  _coreClearAuxiliaryDataFault_       
00003254  _coreClearAuxiliaryInstructionFault_
00003218  _coreClearDataFaultAddress_         
000031f0  _coreClearDataFault_                
0000322c  _coreClearInstructionFaultAddress_  
00003204  _coreClearInstructionFault_         
000031c8  _coreDisableEventBusExport_         
000031b8  _coreEnableEventBusExport_          
000031d8  _coreEnableIrqVicOffset_            
000031a0  _coreEnableVfp_                     
00003238  _coreGetAuxiliaryDataFault_         
0000324c  _coreGetAuxiliaryInstructionFault_  
00003210  _coreGetDataFaultAddress_           
000031e8  _coreGetDataFault_                  
00003224  _coreGetInstructionFaultAddress_    
000031fc  _coreGetInstructionFault_           
00003028  _coreInitRegisters_                 
00003134  _coreInitStackPointer_              
000033bc  _dCacheInvalidate_                  
00003260  _disable_IRQ_interrupt_             
00003268  _enable_IRQ_interrupt_              
00003270  _enable_interrupt_                  
00003278  _esmCcmErrorsClear_                 
00003180  _getCPSRValue_                      
00003188  _gotoCPUIdle_                       
000033d0  _iCacheInvalidate_                  
00003300  _memInit_                           
00003700  _mpuAreRegionsSeparate_             
000036e4  _mpuDisableBackgroundRegion_        
000036bc  _mpuDisable_                        
000036d4  _mpuEnableBackgroundRegion_         
000036a4  _mpuEnable_                         
000036f4  _mpuGetNumberOfRegions_             
00003724  _mpuGetRegionBaseAddress_           
00003744  _mpuGetRegionPermission_            
00003738  _mpuGetRegionType_                  
00003714  _mpuGetRegion_                      
000033ec  _mpuInit_                           
0000371c  _mpuSetRegionBaseAddress_           
00003750  _mpuSetRegionSizeRegister_          
0000372c  _mpuSetRegionTypeAndPermission_     
0000370c  _mpuSetRegion_                      
UNDEFED   _system_post_cinit                  
0000423c  abort                               
ffffffff  binit                               
00004164  dmaGroupANotification               
000041a0  epcCAMFullNotification              
000041a4  epcFIFOFullNotification             
00002aac  esmActivateNormalOperation          
00002bf8  esmClearStatus                      
00002c5c  esmClearStatusBuffer                
00002c38  esmClearStatusUpper                 
00002a58  esmDisableError                     
00002a80  esmDisableErrorUpper                
00002b00  esmDisableInterrupt                 
00002b28  esmDisableInterruptUpper            
00002a14  esmEnableError                      
00002a3c  esmEnableErrorUpper                 
00002abc  esmEnableInterrupt                  
00002ae4  esmEnableInterruptUpper             
00002d8c  esmEnterSelfTest                    
000029f8  esmError                            
00002e64  esmGetConfigValue                   
00002c98  esmGetStatus                        
00002d64  esmGetStatusBuffer                  
00002d1c  esmGetStatusUpper                   
0000412c  esmGroup1Notification               
00004140  esmGroup2Notification               
00004154  esmGroup3Notification               
00003c14  esmHighInterrupt                    
0000289c  esmInit                             
00002e14  esmSelfTestStatus                   
00002c78  esmSetCounterPreloadValue           
00002b44  esmSetInterruptLevel                
00002bb8  esmSetInterruptLevelUpper           
00002a9c  esmTriggerErrorPinReset             
00001974  getResetSource                      
08001504  i                                   
00003d8c  main                                
000017a4  mapClocks                           
00003a94  memcpy                              
0000408c  memset                              
000008b8  mibspi1GetConfigValue               
00003efc  mibspi1HighLevelInterrupt           
00000884  mibspiDisableGroupNotification      
00000790  mibspiDisableLoopback               
000007fc  mibspiEnableGroupNotification       
0000075c  mibspiEnableLoopback                
00000544  mibspiGetData                       
00003ea8  mibspiGroupNotification             
00000020  mibspiInit                          
00000374  mibspiIsBuffInitialized             
000006f0  mibspiIsTransferComplete            
00004178  mibspiNotification                  
000003ac  mibspiOutofReset                    
000007ac  mibspiPmodeSet                      
000003cc  mibspiReset                         
00000408  mibspiSetData                       
000003e8  mibspiSetFunctional                 
000006c0  mibspiTransfer                      
00000c3c  muxInit                             
000016f0  periphInit                          
00004244  phantomInterrupt                    
00000000  resetEntry                          
000016b0  setupFlash                          
00001608  setupPLL                            
00001a9c  systemGetConfigValue                
000018d0  systemInit                          
00001944  systemPowerDown                     
00001668  trimLPO                             
00002038  vimChannelMap                       
000022a4  vimDisableInterrupt                 
00003758  vimECCErrorHandler                  
000020dc  vimEnableInterrupt                  
00002350  vimGetConfigValue                   
00001f64  vimInit                             


GLOBAL SYMBOLS: SORTED BY Symbol Address 

address   name                                
-------   ----                                
00000000  __TI_static_base__                  
00000000  resetEntry                          
00000020  mibspiInit                          
00000374  mibspiIsBuffInitialized             
000003ac  mibspiOutofReset                    
000003cc  mibspiReset                         
000003e8  mibspiSetFunctional                 
00000408  mibspiSetData                       
00000544  mibspiGetData                       
000006c0  mibspiTransfer                      
000006f0  mibspiIsTransferComplete            
0000075c  mibspiEnableLoopback                
00000790  mibspiDisableLoopback               
000007ac  mibspiPmodeSet                      
000007fc  mibspiEnableGroupNotification       
00000884  mibspiDisableGroupNotification      
000008b8  mibspi1GetConfigValue               
00000c3c  muxInit                             
00001608  setupPLL                            
00001668  trimLPO                             
000016b0  setupFlash                          
000016f0  periphInit                          
000017a4  mapClocks                           
000018d0  systemInit                          
00001944  systemPowerDown                     
00001974  getResetSource                      
00001a9c  systemGetConfigValue                
00001f64  vimInit                             
00002038  vimChannelMap                       
000020dc  vimEnableInterrupt                  
000022a4  vimDisableInterrupt                 
00002350  vimGetConfigValue                   
0000289c  esmInit                             
000029f8  esmError                            
00002a14  esmEnableError                      
00002a3c  esmEnableErrorUpper                 
00002a58  esmDisableError                     
00002a80  esmDisableErrorUpper                
00002a9c  esmTriggerErrorPinReset             
00002aac  esmActivateNormalOperation          
00002abc  esmEnableInterrupt                  
00002ae4  esmEnableInterruptUpper             
00002b00  esmDisableInterrupt                 
00002b28  esmDisableInterruptUpper            
00002b44  esmSetInterruptLevel                
00002bb8  esmSetInterruptLevelUpper           
00002bf8  esmClearStatus                      
00002c38  esmClearStatusUpper                 
00002c5c  esmClearStatusBuffer                
00002c78  esmSetCounterPreloadValue           
00002c98  esmGetStatus                        
00002d1c  esmGetStatusUpper                   
00002d64  esmGetStatusBuffer                  
00002d8c  esmEnterSelfTest                    
00002e14  esmSelfTestStatus                   
00002e64  esmGetConfigValue                   
00003028  _coreInitRegisters_                 
00003134  _coreInitStackPointer_              
00003180  _getCPSRValue_                      
00003188  _gotoCPUIdle_                       
000031a0  _coreEnableVfp_                     
000031b8  _coreEnableEventBusExport_          
000031c8  _coreDisableEventBusExport_         
000031d8  _coreEnableIrqVicOffset_            
000031e8  _coreGetDataFault_                  
000031f0  _coreClearDataFault_                
000031fc  _coreGetInstructionFault_           
00003204  _coreClearInstructionFault_         
00003210  _coreGetDataFaultAddress_           
00003218  _coreClearDataFaultAddress_         
00003224  _coreGetInstructionFaultAddress_    
0000322c  _coreClearInstructionFaultAddress_  
00003238  _coreGetAuxiliaryDataFault_         
00003240  _coreClearAuxiliaryDataFault_       
0000324c  _coreGetAuxiliaryInstructionFault_  
00003254  _coreClearAuxiliaryInstructionFault_
00003260  _disable_IRQ_interrupt_             
00003268  _enable_IRQ_interrupt_              
00003270  _enable_interrupt_                  
00003278  _esmCcmErrorsClear_                 
00003300  _memInit_                           
00003334  _checkMemInitOn_                    
00003354  _cacheEnable_                       
00003398  _cacheDisable_                      
000033bc  _dCacheInvalidate_                  
000033d0  _iCacheInvalidate_                  
000033e4  __TI_PINIT_Base                     
000033e8  __TI_PINIT_Limit                    
000033ec  _mpuInit_                           
000036a4  _mpuEnable_                         
000036bc  _mpuDisable_                        
000036d4  _mpuEnableBackgroundRegion_         
000036e4  _mpuDisableBackgroundRegion_        
000036f4  _mpuGetNumberOfRegions_             
00003700  _mpuAreRegionsSeparate_             
0000370c  _mpuSetRegion_                      
00003714  _mpuGetRegion_                      
0000371c  _mpuSetRegionBaseAddress_           
00003724  _mpuGetRegionBaseAddress_           
0000372c  _mpuSetRegionTypeAndPermission_     
00003738  _mpuGetRegionType_                  
00003744  _mpuGetRegionPermission_            
00003750  _mpuSetRegionSizeRegister_          
00003758  vimECCErrorHandler                  
00003a94  __aeabi_memcpy                      
00003a94  __aeabi_memcpy4                     
00003a94  __aeabi_memcpy8                     
00003a94  memcpy                              
00003c14  esmHighInterrupt                    
00003d8c  main                                
00003ea8  mibspiGroupNotification             
00003efc  mibspi1HighLevelInterrupt           
00003fc8  _c_int00                            
0000407c  __aeabi_memclr                      
0000407c  __aeabi_memclr4                     
0000407c  __aeabi_memclr8                     
00004080  __aeabi_memset                      
00004080  __aeabi_memset4                     
00004080  __aeabi_memset8                     
0000408c  memset                              
0000412c  esmGroup1Notification               
00004140  esmGroup2Notification               
00004154  esmGroup3Notification               
00004164  dmaGroupANotification               
00004178  mibspiNotification                  
000041a0  epcCAMFullNotification              
000041a4  epcFIFOFullNotification             
000041b4  __TI_auto_init_nobinit_nopinit      
0000421c  __TI_zero_init_nomemset             
0000423c  C$$EXIT                             
0000423c  abort                               
00004244  phantomInterrupt                    
00004488  __TI_Handler_Table_Base             
0000448c  __TI_CINIT_Base                     
0000448c  __TI_Handler_Table_Limit            
00004494  __TI_CINIT_Limit                    
08001500  TG3_IS_Complete                     
08001504  i                                   
ffffffff  __TI_pprof_out_hndl                 
ffffffff  __TI_prof_data_size                 
ffffffff  __TI_prof_data_start                
ffffffff  __binit__                           
ffffffff  __c_args__                          
ffffffff  binit                               
UNDEFED   SHT$$INIT_ARRAY$$Base               
UNDEFED   SHT$$INIT_ARRAY$$Limit              
UNDEFED   _system_post_cinit                  

[147 symbols]
