******************************************************************************
                  TI ARM Linker PC v18.1.4                     
******************************************************************************
>> Linked Tue Feb  5 15:58:13 2019

OUTPUT FILE NAME:   <example-spi-slave.out>
ENTRY POINT SYMBOL: "_c_int00"  address: 000050e0


MEMORY CONFIGURATION

         name            origin    length      used     unused   attr    fill
----------------------  --------  ---------  --------  --------  ----  --------
  VECTORS               00000000   00000020  00000020  00000000     X
  FLASH0                00000020   001fffe0  000057b0  001fa830  R  X
  FLASH1                00200000   00200000  00000000  00200000  R  X
  STACKS                08000000   00001500  00000000  00001500  RW  
  RAM                   08001500   0007eb00  000000c8  0007ea38  RW  


SEGMENT ALLOCATION MAP

run origin  load origin   length   init length attrs members
----------  ----------- ---------- ----------- ----- -------
00000000    00000000    00005370   00005370    r-x
  00000000    00000000    00000020   00000020    r-x .intvecs
  00000020    00000020    00005350   00005350    r-x .text
00005380    00005380    0000044c   0000044c    r--
  00005380    00005380    0000044c   0000044c    r-- .const
000057e0    000057e0    00000014   00000014    r--
  000057e0    000057e0    00000014   00000014    r-- .cinit
08001500    08001500    000000c8   00000000    rw-
  08001500    08001500    000000c8   00000000    rw- .bss


SECTION ALLOCATION MAP

 output                                  attributes/
section   page    origin      length       input sections
--------  ----  ----------  ----------   ----------------
.intvecs   0    00000000    00000020     
                  00000000    00000020     HL_sys_intvecs.obj (.intvecs)

.text      0    00000020    00005350     
                  00000020    00000bd0     HL_spi.obj (.text)
                  00000bf0    000009cc     HL_pinmux.obj (.text)
                  000015bc    0000095c     HL_system.obj (.text)
                  00001f18    00000938     HL_sys_vim.obj (.text)
                  00002850    00000870     HL_sci.obj (.text)
                  000030c0    0000078c     HL_esm.obj (.text)
                  0000384c    0000051c     herculesprintflib.lib : herculesprintf.obj (.text)
                  00003d68    000003c4     HL_sys_core.obj (.text)
                  0000412c    0000036c     HL_sys_mpu.obj (.text)
                  00004498    0000033c     HL_sys_vim.obj (.text:retain)
                  000047d4    000002ac     HL_spi.obj (.text:retain)
                  00004a80    00000234     HL_sys_main.obj (.text)
                  00004cb4    00000180     rtsv7R4_A_le_v3D16_eabi.lib : memcpy32.asm.obj (.text)
                  00004e34    00000178     HL_esm.obj (.text:retain)
                  00004fac    00000134     rtsv7R4_A_le_v3D16_eabi.lib : s_floor.c.obj (.text:floor)
                  000050e0    000000b4     HL_sys_startup.obj (.text:retain)
                  00005194    000000b0     rtsv7R4_A_le_v3D16_eabi.lib : memset32.asm.obj (.text)
                  00005244    00000098     HL_notification.obj (.text)
                  000052dc    00000068     rtsv7R4_A_le_v3D16_eabi.lib : autoinit.c.obj (.text:__TI_auto_init_nobinit_nopinit:__TI_auto_init_nobinit_nopinit)
                  00005344    00000020                                 : copy_zero_init.c.obj (.text:decompress:ZI:__TI_zero_init_nomemset:__TI_zero_init_nomemset)
                  00005364    00000008                                 : exit.c.obj (.text:abort:abort)
                  0000536c    00000004     HL_sys_phantom.obj (.text:retain)

.const     0    00005380    0000044c     
                  00005380    00000210     HL_sys_main.obj (.const:$P$T0$1)
                  00005590    00000200     HL_sys_vim.obj (.const:s_vim_init)
                  00005790    00000028     herculesprintflib.lib : herculesprintf.obj (.const:dv)
                  000057b8    00000010                           : herculesprintf.obj (.const:.string:hex$1)
                  000057c8    00000004     HL_sys_main.obj (.const:$P$T1$2)

.cinit     0    000057e0    00000014     
                  000057e0    00000008     (.cinit..bss.load) [load image, compression = zero_init]
                  000057e8    00000004     (__TI_handler_table)
                  000057ec    00000008     (__TI_cinit_table)

.bss       0    08001500    000000c8     UNINITIALIZED
                  08001500    00000078     HL_spi.obj (.bss:g_spiPacket_t)
                  08001578    00000050     HL_sci.obj (.bss:g_sciTransfer_t)

MODULE SUMMARY

       Module                 code    ro data   rw data
       ------                 ----    -------   -------
    .\source\
       HL_spi.obj             3708    0         120    
       HL_sys_vim.obj         3188    512       0      
       HL_pinmux.obj          2508    0         0      
       HL_system.obj          2396    0         0      
       HL_esm.obj             2308    0         0      
       HL_sci.obj             2160    0         80     
       HL_sys_main.obj        564     532       0      
       HL_sys_core.obj        964     0         0      
       HL_sys_mpu.obj         876     0         0      
       HL_sys_startup.obj     180     0         0      
       HL_notification.obj    152     0         0      
       HL_sys_intvecs.obj     32      0         0      
       HL_sys_phantom.obj     4       0         0      
    +--+----------------------+-------+---------+---------+
       Total:                 19040   1044      200    
                                                       
    C:/Users/nlcmo/workspace_v8/project1/QController/Hercules/herculesprintflib/Debug/herculesprintflib.lib
       herculesprintf.obj     1308    56        0      
    +--+----------------------+-------+---------+---------+
       Total:                 1308    56        0      
                                                       
    C:\ti\ccsv8\tools\compiler\ti-cgt-arm_18.1.4.LTS\lib\rtsv7R4_A_le_v3D16_eabi.lib
       memcpy32.asm.obj       384     0         0      
       s_floor.c.obj          308     0         0      
       memset32.asm.obj       176     0         0      
       autoinit.c.obj         104     0         0      
       copy_zero_init.c.obj   32      0         0      
       exit.c.obj             8       0         0      
    +--+----------------------+-------+---------+---------+
       Total:                 1012    0         0      
                                                       
       Linker Generated:      0       20        0      
    +--+----------------------+-------+---------+---------+
       Grand Total:           21360   1120      200    


LINKER GENERATED COPY TABLES

__TI_cinit_table @ 000057ec records: 1, size/record: 8, table size: 8
	.bss: load addr=000057e0, load size=00000008 bytes, run addr=08001500, run size=000000c8 bytes, compression=zero_init


LINKER GENERATED HANDLER TABLE

__TI_handler_table @ 000057e8 records: 1, size/record: 4, table size: 4
	index: 0, handler: __TI_zero_init


GLOBAL SYMBOLS: SORTED ALPHABETICALLY BY Name 

address   name                                
-------   ----                                
00005364  C$$EXIT                             
UNDEFED   SHT$$INIT_ARRAY$$Base               
UNDEFED   SHT$$INIT_ARRAY$$Limit              
000008ac  SpiRxStatus                         
00000820  SpiTxStatus                         
000057ec  __TI_CINIT_Base                     
000057f4  __TI_CINIT_Limit                    
000057e8  __TI_Handler_Table_Base             
000057ec  __TI_Handler_Table_Limit            
00004124  __TI_PINIT_Base                     
00004128  __TI_PINIT_Limit                    
000052dc  __TI_auto_init_nobinit_nopinit      
ffffffff  __TI_pprof_out_hndl                 
ffffffff  __TI_prof_data_size                 
ffffffff  __TI_prof_data_start                
00000000  __TI_static_base__                  
00005344  __TI_zero_init_nomemset             
00005194  __aeabi_memclr                      
00005194  __aeabi_memclr4                     
00005194  __aeabi_memclr8                     
00004cb4  __aeabi_memcpy                      
00004cb4  __aeabi_memcpy4                     
00004cb4  __aeabi_memcpy8                     
00005198  __aeabi_memset                      
00005198  __aeabi_memset4                     
00005198  __aeabi_memset8                     
ffffffff  __binit__                           
ffffffff  __c_args__                          
000050e0  _c_int00                            
000040d8  _cacheDisable_                      
00004094  _cacheEnable_                       
00004074  _checkMemInitOn_                    
00003f80  _coreClearAuxiliaryDataFault_       
00003f94  _coreClearAuxiliaryInstructionFault_
00003f58  _coreClearDataFaultAddress_         
00003f30  _coreClearDataFault_                
00003f6c  _coreClearInstructionFaultAddress_  
00003f44  _coreClearInstructionFault_         
00003f08  _coreDisableEventBusExport_         
00003ef8  _coreEnableEventBusExport_          
00003f18  _coreEnableIrqVicOffset_            
00003ee0  _coreEnableVfp_                     
00003f78  _coreGetAuxiliaryDataFault_         
00003f8c  _coreGetAuxiliaryInstructionFault_  
00003f50  _coreGetDataFaultAddress_           
00003f28  _coreGetDataFault_                  
00003f64  _coreGetInstructionFaultAddress_    
00003f3c  _coreGetInstructionFault_           
00003d68  _coreInitRegisters_                 
00003e74  _coreInitStackPointer_              
000040fc  _dCacheInvalidate_                  
00003fa0  _disable_IRQ_interrupt_             
00003fa8  _enable_IRQ_interrupt_              
00003fb0  _enable_interrupt_                  
00003fb8  _esmCcmErrorsClear_                 
00003ec0  _getCPSRValue_                      
00003ec8  _gotoCPUIdle_                       
00004110  _iCacheInvalidate_                  
00004040  _memInit_                           
00004440  _mpuAreRegionsSeparate_             
00004424  _mpuDisableBackgroundRegion_        
000043fc  _mpuDisable_                        
00004414  _mpuEnableBackgroundRegion_         
000043e4  _mpuEnable_                         
00004434  _mpuGetNumberOfRegions_             
00004464  _mpuGetRegionBaseAddress_           
00004484  _mpuGetRegionPermission_            
00004478  _mpuGetRegionType_                  
00004454  _mpuGetRegion_                      
0000412c  _mpuInit_                           
0000445c  _mpuSetRegionBaseAddress_           
00004490  _mpuSetRegionSizeRegister_          
0000446c  _mpuSetRegionTypeAndPermission_     
0000444c  _mpuSetRegion_                      
UNDEFED   _system_post_cinit                  
00005364  abort                               
ffffffff  binit                               
0000527c  dmaGroupANotification               
000052c8  epcCAMFullNotification              
000052cc  epcFIFOFullNotification             
000032d0  esmActivateNormalOperation          
0000341c  esmClearStatus                      
00003480  esmClearStatusBuffer                
0000345c  esmClearStatusUpper                 
0000327c  esmDisableError                     
000032a4  esmDisableErrorUpper                
00003324  esmDisableInterrupt                 
0000334c  esmDisableInterruptUpper            
00003238  esmEnableError                      
00003260  esmEnableErrorUpper                 
000032e0  esmEnableInterrupt                  
00003308  esmEnableInterruptUpper             
000035b0  esmEnterSelfTest                    
0000321c  esmError                            
00003688  esmGetConfigValue                   
000034bc  esmGetStatus                        
00003588  esmGetStatusBuffer                  
00003540  esmGetStatusUpper                   
00005244  esmGroup1Notification               
00005258  esmGroup2Notification               
0000526c  esmGroup3Notification               
00004e34  esmHighInterrupt                    
000030c0  esmInit                             
00003638  esmSelfTestStatus                   
0000349c  esmSetCounterPreloadValue           
00003368  esmSetInterruptLevel                
000033dc  esmSetInterruptLevelUpper           
000032c0  esmTriggerErrorPinReset             
00004fac  floor                               
00004fac  floorl                              
00001928  getResetSource                      
00003a50  hercules_printf                     
00004a80  main                                
00001758  mapClocks                           
00004cb4  memcpy                              
000051a4  memset                              
000047d4  mibspi1HighLevelInterrupt           
00000bf0  muxInit                             
000016a4  periphInit                          
0000536c  phantomInterrupt                    
00000000  resetEntry                          
00002f0c  sci1GetConfigValue                  
00002d80  sciDisableLoopback                  
00002e34  sciDisableNotification              
00004c08  sciDisplayText                      
00002d4c  sciEnableLoopback                   
00002d9c  sciEnableNotification               
00002ecc  sciEnterResetState                  
00002eec  sciExitResetState                   
00002850  sciInit                             
00002bc4  sciIsIdleDetected                   
00002ba8  sciIsRxReady                        
000029f8  sciIsTxReady                        
00005290  sciNotification                     
00002c3c  sciReceive                          
00002c10  sciReceiveByte                      
00002be0  sciRxError                          
00002a44  sciSend                             
00002a14  sciSendByte                         
0000295c  sciSetBaudrate                      
0000293c  sciSetFunctional                    
00001664  setupFlash                          
000015bc  setupPLL                            
000009e4  spi1GetConfigValue                  
0000096c  spiDisableLoopback                  
000009b8  spiDisableNotification              
00000938  spiEnableLoopback                   
00000988  spiEnableNotification               
000052b8  spiEndNotification                  
00000288  spiGetData                          
00000020  spiInit                             
000052a4  spiNotification                     
0000016c  spiReceiveData                      
000006e0  spiSendAndGetData                   
000004ac  spiSendData                         
0000014c  spiSetFunctional                    
000005a4  spiTransmitAndReceiveData           
00000380  spiTransmitData                     
00001a50  systemGetConfigValue                
00001884  systemInit                          
000018f8  systemPowerDown                     
0000161c  trimLPO                             
00001fec  vimChannelMap                       
00002258  vimDisableInterrupt                 
00004498  vimECCErrorHandler                  
00002090  vimEnableInterrupt                  
00002304  vimGetConfigValue                   
00001f18  vimInit                             
00004c68  wait                                


GLOBAL SYMBOLS: SORTED BY Symbol Address 

address   name                                
-------   ----                                
00000000  __TI_static_base__                  
00000000  resetEntry                          
00000020  spiInit                             
0000014c  spiSetFunctional                    
0000016c  spiReceiveData                      
00000288  spiGetData                          
00000380  spiTransmitData                     
000004ac  spiSendData                         
000005a4  spiTransmitAndReceiveData           
000006e0  spiSendAndGetData                   
00000820  SpiTxStatus                         
000008ac  SpiRxStatus                         
00000938  spiEnableLoopback                   
0000096c  spiDisableLoopback                  
00000988  spiEnableNotification               
000009b8  spiDisableNotification              
000009e4  spi1GetConfigValue                  
00000bf0  muxInit                             
000015bc  setupPLL                            
0000161c  trimLPO                             
00001664  setupFlash                          
000016a4  periphInit                          
00001758  mapClocks                           
00001884  systemInit                          
000018f8  systemPowerDown                     
00001928  getResetSource                      
00001a50  systemGetConfigValue                
00001f18  vimInit                             
00001fec  vimChannelMap                       
00002090  vimEnableInterrupt                  
00002258  vimDisableInterrupt                 
00002304  vimGetConfigValue                   
00002850  sciInit                             
0000293c  sciSetFunctional                    
0000295c  sciSetBaudrate                      
000029f8  sciIsTxReady                        
00002a14  sciSendByte                         
00002a44  sciSend                             
00002ba8  sciIsRxReady                        
00002bc4  sciIsIdleDetected                   
00002be0  sciRxError                          
00002c10  sciReceiveByte                      
00002c3c  sciReceive                          
00002d4c  sciEnableLoopback                   
00002d80  sciDisableLoopback                  
00002d9c  sciEnableNotification               
00002e34  sciDisableNotification              
00002ecc  sciEnterResetState                  
00002eec  sciExitResetState                   
00002f0c  sci1GetConfigValue                  
000030c0  esmInit                             
0000321c  esmError                            
00003238  esmEnableError                      
00003260  esmEnableErrorUpper                 
0000327c  esmDisableError                     
000032a4  esmDisableErrorUpper                
000032c0  esmTriggerErrorPinReset             
000032d0  esmActivateNormalOperation          
000032e0  esmEnableInterrupt                  
00003308  esmEnableInterruptUpper             
00003324  esmDisableInterrupt                 
0000334c  esmDisableInterruptUpper            
00003368  esmSetInterruptLevel                
000033dc  esmSetInterruptLevelUpper           
0000341c  esmClearStatus                      
0000345c  esmClearStatusUpper                 
00003480  esmClearStatusBuffer                
0000349c  esmSetCounterPreloadValue           
000034bc  esmGetStatus                        
00003540  esmGetStatusUpper                   
00003588  esmGetStatusBuffer                  
000035b0  esmEnterSelfTest                    
00003638  esmSelfTestStatus                   
00003688  esmGetConfigValue                   
00003a50  hercules_printf                     
00003d68  _coreInitRegisters_                 
00003e74  _coreInitStackPointer_              
00003ec0  _getCPSRValue_                      
00003ec8  _gotoCPUIdle_                       
00003ee0  _coreEnableVfp_                     
00003ef8  _coreEnableEventBusExport_          
00003f08  _coreDisableEventBusExport_         
00003f18  _coreEnableIrqVicOffset_            
00003f28  _coreGetDataFault_                  
00003f30  _coreClearDataFault_                
00003f3c  _coreGetInstructionFault_           
00003f44  _coreClearInstructionFault_         
00003f50  _coreGetDataFaultAddress_           
00003f58  _coreClearDataFaultAddress_         
00003f64  _coreGetInstructionFaultAddress_    
00003f6c  _coreClearInstructionFaultAddress_  
00003f78  _coreGetAuxiliaryDataFault_         
00003f80  _coreClearAuxiliaryDataFault_       
00003f8c  _coreGetAuxiliaryInstructionFault_  
00003f94  _coreClearAuxiliaryInstructionFault_
00003fa0  _disable_IRQ_interrupt_             
00003fa8  _enable_IRQ_interrupt_              
00003fb0  _enable_interrupt_                  
00003fb8  _esmCcmErrorsClear_                 
00004040  _memInit_                           
00004074  _checkMemInitOn_                    
00004094  _cacheEnable_                       
000040d8  _cacheDisable_                      
000040fc  _dCacheInvalidate_                  
00004110  _iCacheInvalidate_                  
00004124  __TI_PINIT_Base                     
00004128  __TI_PINIT_Limit                    
0000412c  _mpuInit_                           
000043e4  _mpuEnable_                         
000043fc  _mpuDisable_                        
00004414  _mpuEnableBackgroundRegion_         
00004424  _mpuDisableBackgroundRegion_        
00004434  _mpuGetNumberOfRegions_             
00004440  _mpuAreRegionsSeparate_             
0000444c  _mpuSetRegion_                      
00004454  _mpuGetRegion_                      
0000445c  _mpuSetRegionBaseAddress_           
00004464  _mpuGetRegionBaseAddress_           
0000446c  _mpuSetRegionTypeAndPermission_     
00004478  _mpuGetRegionType_                  
00004484  _mpuGetRegionPermission_            
00004490  _mpuSetRegionSizeRegister_          
00004498  vimECCErrorHandler                  
000047d4  mibspi1HighLevelInterrupt           
00004a80  main                                
00004c08  sciDisplayText                      
00004c68  wait                                
00004cb4  __aeabi_memcpy                      
00004cb4  __aeabi_memcpy4                     
00004cb4  __aeabi_memcpy8                     
00004cb4  memcpy                              
00004e34  esmHighInterrupt                    
00004fac  floor                               
00004fac  floorl                              
000050e0  _c_int00                            
00005194  __aeabi_memclr                      
00005194  __aeabi_memclr4                     
00005194  __aeabi_memclr8                     
00005198  __aeabi_memset                      
00005198  __aeabi_memset4                     
00005198  __aeabi_memset8                     
000051a4  memset                              
00005244  esmGroup1Notification               
00005258  esmGroup2Notification               
0000526c  esmGroup3Notification               
0000527c  dmaGroupANotification               
00005290  sciNotification                     
000052a4  spiNotification                     
000052b8  spiEndNotification                  
000052c8  epcCAMFullNotification              
000052cc  epcFIFOFullNotification             
000052dc  __TI_auto_init_nobinit_nopinit      
00005344  __TI_zero_init_nomemset             
00005364  C$$EXIT                             
00005364  abort                               
0000536c  phantomInterrupt                    
000057e8  __TI_Handler_Table_Base             
000057ec  __TI_CINIT_Base                     
000057ec  __TI_Handler_Table_Limit            
000057f4  __TI_CINIT_Limit                    
ffffffff  __TI_pprof_out_hndl                 
ffffffff  __TI_prof_data_size                 
ffffffff  __TI_prof_data_start                
ffffffff  __binit__                           
ffffffff  __c_args__                          
ffffffff  binit                               
UNDEFED   SHT$$INIT_ARRAY$$Base               
UNDEFED   SHT$$INIT_ARRAY$$Limit              
UNDEFED   _system_post_cinit                  

[169 symbols]
