******************************************************************************
                  TI ARM Linker PC v18.1.4                     
******************************************************************************
>> Linked Tue Jan 15 21:17:42 2019

OUTPUT FILE NAME:   <example-spi-slave.out>
ENTRY POINT SYMBOL: "_c_int00"  address: 00004a8c


MEMORY CONFIGURATION

         name            origin    length      used     unused   attr    fill
----------------------  --------  ---------  --------  --------  ----  --------
  VECTORS               00000000   00000020  00000020  00000000     X
  FLASH0                00000020   001fffe0  00005124  001faebc  R  X
  FLASH1                00200000   00200000  00000000  00200000  R  X
  STACKS                08000000   00001500  00000000  00001500  RW  
  RAM                   08001500   0007eb00  000000c8  0007ea38  RW  


SEGMENT ALLOCATION MAP

run origin  load origin   length   init length attrs members
----------  ----------- ---------- ----------- ----- -------
00000000    00000000    00005134   00005134    r-x
  00000000    00000000    00000020   00000020    r-x .intvecs
  00000020    00000020    00004cfc   00004cfc    r-x .text
  00004d20    00004d20    00000414   00000414    r-- .const
00005140    00005140    00000014   00000014    r--
  00005140    00005140    00000014   00000014    r-- .cinit
08001500    08001500    000000c8   00000000    rw-
  08001500    08001500    000000c8   00000000    rw- .bss


SECTION ALLOCATION MAP

 output                                  attributes/
section   page    origin      length       input sections
--------  ----  ----------  ----------   ----------------
.intvecs   0    00000000    00000020     
                  00000000    00000020     HL_sys_intvecs.obj (.intvecs)

.text      0    00000020    00004cfc     
                  00000020    00000bd0     HL_spi.obj (.text)
                  00000bf0    000009c0     HL_pinmux.obj (.text)
                  000015b0    0000095c     HL_system.obj (.text)
                  00001f0c    00000938     HL_sys_vim.obj (.text)
                  00002844    00000870     HL_sci.obj (.text)
                  000030b4    0000078c     HL_esm.obj (.text)
                  00003840    000003c4     HL_sys_core.obj (.text)
                  00003c04    0000036c     HL_sys_mpu.obj (.text)
                  00003f70    0000033c     HL_sys_vim.obj (.text:retain)
                  000042ac    000002ac     HL_spi.obj (.text:retain)
                  00004558    00000180     rtsv7R4_A_le_v3D16_eabi.lib : memcpy32.asm.obj (.text)
                  000046d8    00000178     HL_esm.obj (.text:retain)
                  00004850    00000134     rtsv7R4_A_le_v3D16_eabi.lib : s_floor.c.obj (.text:floor)
                  00004984    00000108     HL_sys_main.obj (.text)
                  00004a8c    000000b4     HL_sys_startup.obj (.text:retain)
                  00004b40    000000b0     rtsv7R4_A_le_v3D16_eabi.lib : memset32.asm.obj (.text)
                  00004bf0    00000098     HL_notification.obj (.text)
                  00004c88    00000068     rtsv7R4_A_le_v3D16_eabi.lib : autoinit.c.obj (.text:__TI_auto_init_nobinit_nopinit:__TI_auto_init_nobinit_nopinit)
                  00004cf0    00000020                                 : copy_zero_init.c.obj (.text:decompress:ZI:__TI_zero_init_nomemset:__TI_zero_init_nomemset)
                  00004d10    00000008                                 : exit.c.obj (.text:abort:abort)
                  00004d18    00000004     HL_sys_phantom.obj (.text:retain)

.const     0    00004d20    00000414     
                  00004d20    00000210     HL_sys_main.obj (.const:$P$T0$1)
                  00004f30    00000200     HL_sys_vim.obj (.const:s_vim_init)
                  00005130    00000004     HL_sys_main.obj (.const:$P$T1$2)

.cinit     0    00005140    00000014     
                  00005140    00000008     (.cinit..bss.load) [load image, compression = zero_init]
                  00005148    00000004     (__TI_handler_table)
                  0000514c    00000008     (__TI_cinit_table)

.bss       0    08001500    000000c8     UNINITIALIZED
                  08001500    00000078     HL_spi.obj (.bss:g_spiPacket_t)
                  08001578    00000050     HL_sci.obj (.bss:g_sciTransfer_t)

MODULE SUMMARY

       Module                 code    ro data   rw data
       ------                 ----    -------   -------
    .\source\
       HL_spi.obj             3708    0         120    
       HL_sys_vim.obj         3188    512       0      
       HL_pinmux.obj          2496    0         0      
       HL_system.obj          2396    0         0      
       HL_esm.obj             2308    0         0      
       HL_sci.obj             2160    0         80     
       HL_sys_core.obj        964     0         0      
       HL_sys_mpu.obj         876     0         0      
       HL_sys_main.obj        264     532       0      
       HL_sys_startup.obj     180     0         0      
       HL_notification.obj    152     0         0      
       HL_sys_intvecs.obj     32      0         0      
       HL_sys_phantom.obj     4       0         0      
    +--+----------------------+-------+---------+---------+
       Total:                 18728   1044      200    
                                                       
    C:\ti\ccsv8\tools\compiler\ti-cgt-arm_18.1.4.LTS\lib\rtsv7R4_A_le_v3D16_eabi.lib
       memcpy32.asm.obj       384     0         0      
       s_floor.c.obj          308     0         0      
       memset32.asm.obj       176     0         0      
       autoinit.c.obj         104     0         0      
       copy_zero_init.c.obj   32      0         0      
       exit.c.obj             8       0         0      
    +--+----------------------+-------+---------+---------+
       Total:                 1012    0         0      
                                                       
       Linker Generated:      0       20        0      
    +--+----------------------+-------+---------+---------+
       Grand Total:           19740   1064      200    


LINKER GENERATED COPY TABLES

__TI_cinit_table @ 0000514c records: 1, size/record: 8, table size: 8
	.bss: load addr=00005140, load size=00000008 bytes, run addr=08001500, run size=000000c8 bytes, compression=zero_init


LINKER GENERATED HANDLER TABLE

__TI_handler_table @ 00005148 records: 1, size/record: 4, table size: 4
	index: 0, handler: __TI_zero_init


GLOBAL SYMBOLS: SORTED ALPHABETICALLY BY Name 

address   name                                
-------   ----                                
00004d10  C$$EXIT                             
UNDEFED   SHT$$INIT_ARRAY$$Base               
UNDEFED   SHT$$INIT_ARRAY$$Limit              
000008ac  SpiRxStatus                         
00000820  SpiTxStatus                         
0000514c  __TI_CINIT_Base                     
00005154  __TI_CINIT_Limit                    
00005148  __TI_Handler_Table_Base             
0000514c  __TI_Handler_Table_Limit            
00003bfc  __TI_PINIT_Base                     
00003c00  __TI_PINIT_Limit                    
00004c88  __TI_auto_init_nobinit_nopinit      
ffffffff  __TI_pprof_out_hndl                 
ffffffff  __TI_prof_data_size                 
ffffffff  __TI_prof_data_start                
00000000  __TI_static_base__                  
00004cf0  __TI_zero_init_nomemset             
00004b40  __aeabi_memclr                      
00004b40  __aeabi_memclr4                     
00004b40  __aeabi_memclr8                     
00004558  __aeabi_memcpy                      
00004558  __aeabi_memcpy4                     
00004558  __aeabi_memcpy8                     
00004b44  __aeabi_memset                      
00004b44  __aeabi_memset4                     
00004b44  __aeabi_memset8                     
ffffffff  __binit__                           
ffffffff  __c_args__                          
00004a8c  _c_int00                            
00003bb0  _cacheDisable_                      
00003b6c  _cacheEnable_                       
00003b4c  _checkMemInitOn_                    
00003a58  _coreClearAuxiliaryDataFault_       
00003a6c  _coreClearAuxiliaryInstructionFault_
00003a30  _coreClearDataFaultAddress_         
00003a08  _coreClearDataFault_                
00003a44  _coreClearInstructionFaultAddress_  
00003a1c  _coreClearInstructionFault_         
000039e0  _coreDisableEventBusExport_         
000039d0  _coreEnableEventBusExport_          
000039f0  _coreEnableIrqVicOffset_            
000039b8  _coreEnableVfp_                     
00003a50  _coreGetAuxiliaryDataFault_         
00003a64  _coreGetAuxiliaryInstructionFault_  
00003a28  _coreGetDataFaultAddress_           
00003a00  _coreGetDataFault_                  
00003a3c  _coreGetInstructionFaultAddress_    
00003a14  _coreGetInstructionFault_           
00003840  _coreInitRegisters_                 
0000394c  _coreInitStackPointer_              
00003bd4  _dCacheInvalidate_                  
00003a78  _disable_IRQ_interrupt_             
00003a80  _enable_IRQ_interrupt_              
00003a88  _enable_interrupt_                  
00003a90  _esmCcmErrorsClear_                 
00003998  _getCPSRValue_                      
000039a0  _gotoCPUIdle_                       
00003be8  _iCacheInvalidate_                  
00003b18  _memInit_                           
00003f18  _mpuAreRegionsSeparate_             
00003efc  _mpuDisableBackgroundRegion_        
00003ed4  _mpuDisable_                        
00003eec  _mpuEnableBackgroundRegion_         
00003ebc  _mpuEnable_                         
00003f0c  _mpuGetNumberOfRegions_             
00003f3c  _mpuGetRegionBaseAddress_           
00003f5c  _mpuGetRegionPermission_            
00003f50  _mpuGetRegionType_                  
00003f2c  _mpuGetRegion_                      
00003c04  _mpuInit_                           
00003f34  _mpuSetRegionBaseAddress_           
00003f68  _mpuSetRegionSizeRegister_          
00003f44  _mpuSetRegionTypeAndPermission_     
00003f24  _mpuSetRegion_                      
UNDEFED   _system_post_cinit                  
00004d10  abort                               
ffffffff  binit                               
00004c28  dmaGroupANotification               
00004c74  epcCAMFullNotification              
00004c78  epcFIFOFullNotification             
000032c4  esmActivateNormalOperation          
00003410  esmClearStatus                      
00003474  esmClearStatusBuffer                
00003450  esmClearStatusUpper                 
00003270  esmDisableError                     
00003298  esmDisableErrorUpper                
00003318  esmDisableInterrupt                 
00003340  esmDisableInterruptUpper            
0000322c  esmEnableError                      
00003254  esmEnableErrorUpper                 
000032d4  esmEnableInterrupt                  
000032fc  esmEnableInterruptUpper             
000035a4  esmEnterSelfTest                    
00003210  esmError                            
0000367c  esmGetConfigValue                   
000034b0  esmGetStatus                        
0000357c  esmGetStatusBuffer                  
00003534  esmGetStatusUpper                   
00004bf0  esmGroup1Notification               
00004c04  esmGroup2Notification               
00004c18  esmGroup3Notification               
000046d8  esmHighInterrupt                    
000030b4  esmInit                             
0000362c  esmSelfTestStatus                   
00003490  esmSetCounterPreloadValue           
0000335c  esmSetInterruptLevel                
000033d0  esmSetInterruptLevelUpper           
000032b4  esmTriggerErrorPinReset             
00004850  floor                               
00004850  floorl                              
0000191c  getResetSource                      
00004984  main                                
0000174c  mapClocks                           
00004558  memcpy                              
00004b50  memset                              
000042ac  mibspi1HighLevelInterrupt           
00000bf0  muxInit                             
00001698  periphInit                          
00004d18  phantomInterrupt                    
00000000  resetEntry                          
00002f00  sci1GetConfigValue                  
00002d74  sciDisableLoopback                  
00002e28  sciDisableNotification              
000049fc  sciDisplayText                      
00002d40  sciEnableLoopback                   
00002d90  sciEnableNotification               
00002ec0  sciEnterResetState                  
00002ee0  sciExitResetState                   
00002844  sciInit                             
00002bb8  sciIsIdleDetected                   
00002b9c  sciIsRxReady                        
000029ec  sciIsTxReady                        
00004c3c  sciNotification                     
00002c30  sciReceive                          
00002c04  sciReceiveByte                      
00002bd4  sciRxError                          
00002a38  sciSend                             
00002a08  sciSendByte                         
00002950  sciSetBaudrate                      
00002930  sciSetFunctional                    
00001658  setupFlash                          
000015b0  setupPLL                            
000009e4  spi1GetConfigValue                  
0000096c  spiDisableLoopback                  
000009b8  spiDisableNotification              
00000938  spiEnableLoopback                   
00000988  spiEnableNotification               
00004c64  spiEndNotification                  
00000288  spiGetData                          
00000020  spiInit                             
00004c50  spiNotification                     
0000016c  spiReceiveData                      
000006e0  spiSendAndGetData                   
000004ac  spiSendData                         
0000014c  spiSetFunctional                    
000005a4  spiTransmitAndReceiveData           
00000380  spiTransmitData                     
00001a44  systemGetConfigValue                
00001878  systemInit                          
000018ec  systemPowerDown                     
00001610  trimLPO                             
00001fe0  vimChannelMap                       
0000224c  vimDisableInterrupt                 
00003f70  vimECCErrorHandler                  
00002084  vimEnableInterrupt                  
000022f8  vimGetConfigValue                   
00001f0c  vimInit                             
00004a5c  wait                                


GLOBAL SYMBOLS: SORTED BY Symbol Address 

address   name                                
-------   ----                                
00000000  __TI_static_base__                  
00000000  resetEntry                          
00000020  spiInit                             
0000014c  spiSetFunctional                    
0000016c  spiReceiveData                      
00000288  spiGetData                          
00000380  spiTransmitData                     
000004ac  spiSendData                         
000005a4  spiTransmitAndReceiveData           
000006e0  spiSendAndGetData                   
00000820  SpiTxStatus                         
000008ac  SpiRxStatus                         
00000938  spiEnableLoopback                   
0000096c  spiDisableLoopback                  
00000988  spiEnableNotification               
000009b8  spiDisableNotification              
000009e4  spi1GetConfigValue                  
00000bf0  muxInit                             
000015b0  setupPLL                            
00001610  trimLPO                             
00001658  setupFlash                          
00001698  periphInit                          
0000174c  mapClocks                           
00001878  systemInit                          
000018ec  systemPowerDown                     
0000191c  getResetSource                      
00001a44  systemGetConfigValue                
00001f0c  vimInit                             
00001fe0  vimChannelMap                       
00002084  vimEnableInterrupt                  
0000224c  vimDisableInterrupt                 
000022f8  vimGetConfigValue                   
00002844  sciInit                             
00002930  sciSetFunctional                    
00002950  sciSetBaudrate                      
000029ec  sciIsTxReady                        
00002a08  sciSendByte                         
00002a38  sciSend                             
00002b9c  sciIsRxReady                        
00002bb8  sciIsIdleDetected                   
00002bd4  sciRxError                          
00002c04  sciReceiveByte                      
00002c30  sciReceive                          
00002d40  sciEnableLoopback                   
00002d74  sciDisableLoopback                  
00002d90  sciEnableNotification               
00002e28  sciDisableNotification              
00002ec0  sciEnterResetState                  
00002ee0  sciExitResetState                   
00002f00  sci1GetConfigValue                  
000030b4  esmInit                             
00003210  esmError                            
0000322c  esmEnableError                      
00003254  esmEnableErrorUpper                 
00003270  esmDisableError                     
00003298  esmDisableErrorUpper                
000032b4  esmTriggerErrorPinReset             
000032c4  esmActivateNormalOperation          
000032d4  esmEnableInterrupt                  
000032fc  esmEnableInterruptUpper             
00003318  esmDisableInterrupt                 
00003340  esmDisableInterruptUpper            
0000335c  esmSetInterruptLevel                
000033d0  esmSetInterruptLevelUpper           
00003410  esmClearStatus                      
00003450  esmClearStatusUpper                 
00003474  esmClearStatusBuffer                
00003490  esmSetCounterPreloadValue           
000034b0  esmGetStatus                        
00003534  esmGetStatusUpper                   
0000357c  esmGetStatusBuffer                  
000035a4  esmEnterSelfTest                    
0000362c  esmSelfTestStatus                   
0000367c  esmGetConfigValue                   
00003840  _coreInitRegisters_                 
0000394c  _coreInitStackPointer_              
00003998  _getCPSRValue_                      
000039a0  _gotoCPUIdle_                       
000039b8  _coreEnableVfp_                     
000039d0  _coreEnableEventBusExport_          
000039e0  _coreDisableEventBusExport_         
000039f0  _coreEnableIrqVicOffset_            
00003a00  _coreGetDataFault_                  
00003a08  _coreClearDataFault_                
00003a14  _coreGetInstructionFault_           
00003a1c  _coreClearInstructionFault_         
00003a28  _coreGetDataFaultAddress_           
00003a30  _coreClearDataFaultAddress_         
00003a3c  _coreGetInstructionFaultAddress_    
00003a44  _coreClearInstructionFaultAddress_  
00003a50  _coreGetAuxiliaryDataFault_         
00003a58  _coreClearAuxiliaryDataFault_       
00003a64  _coreGetAuxiliaryInstructionFault_  
00003a6c  _coreClearAuxiliaryInstructionFault_
00003a78  _disable_IRQ_interrupt_             
00003a80  _enable_IRQ_interrupt_              
00003a88  _enable_interrupt_                  
00003a90  _esmCcmErrorsClear_                 
00003b18  _memInit_                           
00003b4c  _checkMemInitOn_                    
00003b6c  _cacheEnable_                       
00003bb0  _cacheDisable_                      
00003bd4  _dCacheInvalidate_                  
00003be8  _iCacheInvalidate_                  
00003bfc  __TI_PINIT_Base                     
00003c00  __TI_PINIT_Limit                    
00003c04  _mpuInit_                           
00003ebc  _mpuEnable_                         
00003ed4  _mpuDisable_                        
00003eec  _mpuEnableBackgroundRegion_         
00003efc  _mpuDisableBackgroundRegion_        
00003f0c  _mpuGetNumberOfRegions_             
00003f18  _mpuAreRegionsSeparate_             
00003f24  _mpuSetRegion_                      
00003f2c  _mpuGetRegion_                      
00003f34  _mpuSetRegionBaseAddress_           
00003f3c  _mpuGetRegionBaseAddress_           
00003f44  _mpuSetRegionTypeAndPermission_     
00003f50  _mpuGetRegionType_                  
00003f5c  _mpuGetRegionPermission_            
00003f68  _mpuSetRegionSizeRegister_          
00003f70  vimECCErrorHandler                  
000042ac  mibspi1HighLevelInterrupt           
00004558  __aeabi_memcpy                      
00004558  __aeabi_memcpy4                     
00004558  __aeabi_memcpy8                     
00004558  memcpy                              
000046d8  esmHighInterrupt                    
00004850  floor                               
00004850  floorl                              
00004984  main                                
000049fc  sciDisplayText                      
00004a5c  wait                                
00004a8c  _c_int00                            
00004b40  __aeabi_memclr                      
00004b40  __aeabi_memclr4                     
00004b40  __aeabi_memclr8                     
00004b44  __aeabi_memset                      
00004b44  __aeabi_memset4                     
00004b44  __aeabi_memset8                     
00004b50  memset                              
00004bf0  esmGroup1Notification               
00004c04  esmGroup2Notification               
00004c18  esmGroup3Notification               
00004c28  dmaGroupANotification               
00004c3c  sciNotification                     
00004c50  spiNotification                     
00004c64  spiEndNotification                  
00004c74  epcCAMFullNotification              
00004c78  epcFIFOFullNotification             
00004c88  __TI_auto_init_nobinit_nopinit      
00004cf0  __TI_zero_init_nomemset             
00004d10  C$$EXIT                             
00004d10  abort                               
00004d18  phantomInterrupt                    
00005148  __TI_Handler_Table_Base             
0000514c  __TI_CINIT_Base                     
0000514c  __TI_Handler_Table_Limit            
00005154  __TI_CINIT_Limit                    
ffffffff  __TI_pprof_out_hndl                 
ffffffff  __TI_prof_data_size                 
ffffffff  __TI_prof_data_start                
ffffffff  __binit__                           
ffffffff  __c_args__                          
ffffffff  binit                               
UNDEFED   SHT$$INIT_ARRAY$$Base               
UNDEFED   SHT$$INIT_ARRAY$$Limit              
UNDEFED   _system_post_cinit                  

[168 symbols]
