<?xml version="1.0" encoding="ISO-8859-1" ?>
<link_info>
   <banner>TI ARM Linker PC v18.1.3.LTS</banner>
   <copyright>Copyright (c) 1996-2017 Texas Instruments Incorporated</copyright>
   <link_time>0x5c0ad3e3</link_time>
   <link_errors>0x0</link_errors>
   <output_file>OUTBIT_SPI.out</output_file>
   <entry_point>
      <name>_c_int00</name>
      <address>0xb044</address>
   </entry_point>
   <input_file_list>
      <input_file id="fl-2">
         <path>.\demoapp\source\</path>
         <kind>object</kind>
         <file>adc_demos.obj</file>
         <name>adc_demos.obj</name>
      </input_file>
      <input_file id="fl-3">
         <path>.\demoapp\source\</path>
         <kind>object</kind>
         <file>app_main_NoOS.obj</file>
         <name>app_main_NoOS.obj</name>
      </input_file>
      <input_file id="fl-4">
         <path>.\demoapp\source\</path>
         <kind>object</kind>
         <file>esm_application_callback.obj</file>
         <name>esm_application_callback.obj</name>
      </input_file>
      <input_file id="fl-5">
         <path>.\demoapp\source\</path>
         <kind>object</kind>
         <file>misc.obj</file>
         <name>misc.obj</name>
      </input_file>
      <input_file id="fl-6">
         <path>.\demoapp\source\</path>
         <kind>object</kind>
         <file>support_functions.obj</file>
         <name>support_functions.obj</name>
      </input_file>
      <input_file id="fl-7">
         <path>.\hcg\source\</path>
         <kind>object</kind>
         <file>HL_adc.obj</file>
         <name>HL_adc.obj</name>
      </input_file>
      <input_file id="fl-8">
         <path>.\hcg\source\</path>
         <kind>object</kind>
         <file>HL_epc.obj</file>
         <name>HL_epc.obj</name>
      </input_file>
      <input_file id="fl-9">
         <path>.\hcg\source\</path>
         <kind>object</kind>
         <file>HL_errata.obj</file>
         <name>HL_errata.obj</name>
      </input_file>
      <input_file id="fl-a">
         <path>.\hcg\source\</path>
         <kind>object</kind>
         <file>HL_esm.obj</file>
         <name>HL_esm.obj</name>
      </input_file>
      <input_file id="fl-b">
         <path>.\hcg\source\</path>
         <kind>object</kind>
         <file>HL_gio.obj</file>
         <name>HL_gio.obj</name>
      </input_file>
      <input_file id="fl-c">
         <path>.\hcg\source\</path>
         <kind>object</kind>
         <file>HL_mibspi.obj</file>
         <name>HL_mibspi.obj</name>
      </input_file>
      <input_file id="fl-d">
         <path>.\hcg\source\</path>
         <kind>object</kind>
         <file>HL_nmpu.obj</file>
         <name>HL_nmpu.obj</name>
      </input_file>
      <input_file id="fl-e">
         <path>.\hcg\source\</path>
         <kind>object</kind>
         <file>HL_notification.obj</file>
         <name>HL_notification.obj</name>
      </input_file>
      <input_file id="fl-f">
         <path>.\hcg\source\</path>
         <kind>object</kind>
         <file>HL_pinmux.obj</file>
         <name>HL_pinmux.obj</name>
      </input_file>
      <input_file id="fl-10">
         <path>.\hcg\source\</path>
         <kind>object</kind>
         <file>HL_rti.obj</file>
         <name>HL_rti.obj</name>
      </input_file>
      <input_file id="fl-11">
         <path>.\hcg\source\</path>
         <kind>object</kind>
         <file>HL_sci.obj</file>
         <name>HL_sci.obj</name>
      </input_file>
      <input_file id="fl-12">
         <path>.\hcg\source\</path>
         <kind>object</kind>
         <file>HL_sys_core.obj</file>
         <name>HL_sys_core.obj</name>
      </input_file>
      <input_file id="fl-13">
         <path>.\hcg\source\</path>
         <kind>object</kind>
         <file>HL_sys_dma.obj</file>
         <name>HL_sys_dma.obj</name>
      </input_file>
      <input_file id="fl-14">
         <path>.\hcg\source\</path>
         <kind>object</kind>
         <file>HL_sys_intvecs.obj</file>
         <name>HL_sys_intvecs.obj</name>
      </input_file>
      <input_file id="fl-15">
         <path>.\hcg\source\</path>
         <kind>object</kind>
         <file>HL_sys_mpu.obj</file>
         <name>HL_sys_mpu.obj</name>
      </input_file>
      <input_file id="fl-16">
         <path>.\hcg\source\</path>
         <kind>object</kind>
         <file>HL_sys_pcr.obj</file>
         <name>HL_sys_pcr.obj</name>
      </input_file>
      <input_file id="fl-17">
         <path>.\hcg\source\</path>
         <kind>object</kind>
         <file>HL_sys_phantom.obj</file>
         <name>HL_sys_phantom.obj</name>
      </input_file>
      <input_file id="fl-18">
         <path>.\hcg\source\</path>
         <kind>object</kind>
         <file>HL_sys_pmm.obj</file>
         <name>HL_sys_pmm.obj</name>
      </input_file>
      <input_file id="fl-19">
         <path>.\hcg\source\</path>
         <kind>object</kind>
         <file>HL_sys_pmu.obj</file>
         <name>HL_sys_pmu.obj</name>
      </input_file>
      <input_file id="fl-1a">
         <path>.\hcg\source\</path>
         <kind>object</kind>
         <file>HL_sys_startup.obj</file>
         <name>HL_sys_startup.obj</name>
      </input_file>
      <input_file id="fl-1b">
         <path>.\hcg\source\</path>
         <kind>object</kind>
         <file>HL_sys_vim.obj</file>
         <name>HL_sys_vim.obj</name>
      </input_file>
      <input_file id="fl-1c">
         <path>.\hcg\source\</path>
         <kind>object</kind>
         <file>HL_system.obj</file>
         <name>HL_system.obj</name>
      </input_file>
      <input_file id="fl-21">
         <kind>object</kind>
         <file>&lt;internal&gt;</file>
         <name>&lt;internal&gt;</name>
      </input_file>
      <input_file id="fl-22">
         <path>C:\ti\Hercules\SafeTI Diagnostic Library\2.3.1\libs\</path>
         <kind>archive</kind>
         <file>SafeTILib_RM57L_LE.lib</file>
         <name>sl_asm_api.obj</name>
      </input_file>
      <input_file id="fl-23">
         <path>C:\ti\Hercules\SafeTI Diagnostic Library\2.3.1\libs\</path>
         <kind>archive</kind>
         <file>SafeTILib_RM57L_LE.lib</file>
         <name>sl_esm.obj</name>
      </input_file>
      <input_file id="fl-24">
         <path>C:\ti\Hercules\SafeTI Diagnostic Library\2.3.1\libs\</path>
         <kind>archive</kind>
         <file>SafeTILib_RM57L_LE.lib</file>
         <name>sl_init.obj</name>
      </input_file>
      <input_file id="fl-25">
         <path>C:\ti\Hercules\SafeTI Diagnostic Library\2.3.1\libs\</path>
         <kind>archive</kind>
         <file>SafeTILib_RM57L_LE.lib</file>
         <name>sl_priv.obj</name>
      </input_file>
      <input_file id="fl-26">
         <path>C:\ti\Hercules\SafeTI Diagnostic Library\2.3.1\libs\</path>
         <kind>archive</kind>
         <file>SafeTILib_RM57L_LE.lib</file>
         <name>sl_selftest.obj</name>
      </input_file>
      <input_file id="fl-27">
         <path>C:\ti\Hercules\SafeTI Diagnostic Library\2.3.1\libs\</path>
         <kind>archive</kind>
         <file>SafeTILib_RM57L_LE.lib</file>
         <name>sl_log.obj</name>
      </input_file>
      <input_file id="fl-dd">
         <path>C:\ti\ccsv8\tools\compiler\ti-cgt-arm_18.1.3.LTS\lib\</path>
         <kind>archive</kind>
         <file>rtsv7R4_A_le_v3D16_eabi.lib</file>
         <name>s_floor.c.obj</name>
      </input_file>
      <input_file id="fl-de">
         <path>C:\ti\ccsv8\tools\compiler\ti-cgt-arm_18.1.3.LTS\lib\</path>
         <kind>archive</kind>
         <file>rtsv7R4_A_le_v3D16_eabi.lib</file>
         <name>memcpy32.asm.obj</name>
      </input_file>
      <input_file id="fl-df">
         <path>C:\ti\ccsv8\tools\compiler\ti-cgt-arm_18.1.3.LTS\lib\</path>
         <kind>archive</kind>
         <file>rtsv7R4_A_le_v3D16_eabi.lib</file>
         <name>memset32.asm.obj</name>
      </input_file>
      <input_file id="fl-e0">
         <path>C:\ti\ccsv8\tools\compiler\ti-cgt-arm_18.1.3.LTS\lib\</path>
         <kind>archive</kind>
         <file>rtsv7R4_A_le_v3D16_eabi.lib</file>
         <name>autoinit.c.obj</name>
      </input_file>
      <input_file id="fl-e1">
         <path>C:\ti\ccsv8\tools\compiler\ti-cgt-arm_18.1.3.LTS\lib\</path>
         <kind>archive</kind>
         <file>rtsv7R4_A_le_v3D16_eabi.lib</file>
         <name>cpy_tbl.c.obj</name>
      </input_file>
      <input_file id="fl-e2">
         <path>C:\ti\ccsv8\tools\compiler\ti-cgt-arm_18.1.3.LTS\lib\</path>
         <kind>archive</kind>
         <file>rtsv7R4_A_le_v3D16_eabi.lib</file>
         <name>copy_zero_init.c.obj</name>
      </input_file>
      <input_file id="fl-e3">
         <path>C:\ti\ccsv8\tools\compiler\ti-cgt-arm_18.1.3.LTS\lib\</path>
         <kind>archive</kind>
         <file>rtsv7R4_A_le_v3D16_eabi.lib</file>
         <name>copy_decompress_none.c.obj</name>
      </input_file>
      <input_file id="fl-e4">
         <path>C:\ti\ccsv8\tools\compiler\ti-cgt-arm_18.1.3.LTS\lib\</path>
         <kind>archive</kind>
         <file>rtsv7R4_A_le_v3D16_eabi.lib</file>
         <name>copy_decompress_lzss.c.obj</name>
      </input_file>
      <input_file id="fl-e5">
         <path>C:\ti\ccsv8\tools\compiler\ti-cgt-arm_18.1.3.LTS\lib\</path>
         <kind>archive</kind>
         <file>rtsv7R4_A_le_v3D16_eabi.lib</file>
         <name>exit.c.obj</name>
      </input_file>
      <input_file id="fl-e6">
         <path>C:\ti\ccsv8\tools\compiler\ti-cgt-arm_18.1.3.LTS\lib\</path>
         <kind>archive</kind>
         <file>rtsv7R4_A_le_v3D16_eabi.lib</file>
         <name>_lock.c.obj</name>
      </input_file>
      <input_file id="fl-e7">
         <path>C:\ti\ccsv8\tools\compiler\ti-cgt-arm_18.1.3.LTS\lib\</path>
         <kind>archive</kind>
         <file>rtsv7R4_A_le_v3D16_eabi.lib</file>
         <name>sprintf.c.obj</name>
      </input_file>
      <input_file id="fl-e8">
         <path>C:\ti\ccsv8\tools\compiler\ti-cgt-arm_18.1.3.LTS\lib\</path>
         <kind>archive</kind>
         <file>rtsv7R4_A_le_v3D16_eabi.lib</file>
         <name>strlen.c.obj</name>
      </input_file>
      <input_file id="fl-e9">
         <path>C:\ti\ccsv8\tools\compiler\ti-cgt-arm_18.1.3.LTS\lib\</path>
         <kind>archive</kind>
         <file>rtsv7R4_A_le_v3D16_eabi.lib</file>
         <name>_printfi.c.obj</name>
      </input_file>
      <input_file id="fl-ea">
         <path>C:\ti\ccsv8\tools\compiler\ti-cgt-arm_18.1.3.LTS\lib\</path>
         <kind>archive</kind>
         <file>rtsv7R4_A_le_v3D16_eabi.lib</file>
         <name>atoi.c.obj</name>
      </input_file>
      <input_file id="fl-eb">
         <path>C:\ti\ccsv8\tools\compiler\ti-cgt-arm_18.1.3.LTS\lib\</path>
         <kind>archive</kind>
         <file>rtsv7R4_A_le_v3D16_eabi.lib</file>
         <name>ctype.c.obj</name>
      </input_file>
      <input_file id="fl-ec">
         <path>C:\ti\ccsv8\tools\compiler\ti-cgt-arm_18.1.3.LTS\lib\</path>
         <kind>archive</kind>
         <file>rtsv7R4_A_le_v3D16_eabi.lib</file>
         <name>ltoa.c.obj</name>
      </input_file>
      <input_file id="fl-ed">
         <path>C:\ti\ccsv8\tools\compiler\ti-cgt-arm_18.1.3.LTS\lib\</path>
         <kind>archive</kind>
         <file>rtsv7R4_A_le_v3D16_eabi.lib</file>
         <name>memccpy.c.obj</name>
      </input_file>
      <input_file id="fl-ee">
         <path>C:\ti\ccsv8\tools\compiler\ti-cgt-arm_18.1.3.LTS\lib\</path>
         <kind>archive</kind>
         <file>rtsv7R4_A_le_v3D16_eabi.lib</file>
         <name>strchr.c.obj</name>
      </input_file>
      <input_file id="fl-ef">
         <path>C:\ti\ccsv8\tools\compiler\ti-cgt-arm_18.1.3.LTS\lib\</path>
         <kind>archive</kind>
         <file>rtsv7R4_A_le_v3D16_eabi.lib</file>
         <name>wcslen.c.obj</name>
      </input_file>
      <input_file id="fl-f0">
         <path>C:\ti\ccsv8\tools\compiler\ti-cgt-arm_18.1.3.LTS\lib\</path>
         <kind>archive</kind>
         <file>rtsv7R4_A_le_v3D16_eabi.lib</file>
         <name>s_frexp.c.obj</name>
      </input_file>
      <input_file id="fl-f1">
         <path>C:\ti\ccsv8\tools\compiler\ti-cgt-arm_18.1.3.LTS\lib\</path>
         <kind>archive</kind>
         <file>rtsv7R4_A_le_v3D16_eabi.lib</file>
         <name>s_scalbn.c.obj</name>
      </input_file>
      <input_file id="fl-f2">
         <path>C:\ti\ccsv8\tools\compiler\ti-cgt-arm_18.1.3.LTS\lib\</path>
         <kind>archive</kind>
         <file>rtsv7R4_A_le_v3D16_eabi.lib</file>
         <name>i_div32.asm.obj</name>
      </input_file>
      <input_file id="fl-f3">
         <path>C:\ti\ccsv8\tools\compiler\ti-cgt-arm_18.1.3.LTS\lib\</path>
         <kind>archive</kind>
         <file>rtsv7R4_A_le_v3D16_eabi.lib</file>
         <name>u_div32.asm.obj</name>
      </input_file>
      <input_file id="fl-f4">
         <path>C:\ti\ccsv8\tools\compiler\ti-cgt-arm_18.1.3.LTS\lib\</path>
         <kind>archive</kind>
         <file>rtsv7R4_A_le_v3D16_eabi.lib</file>
         <name>ull_div32.asm.obj</name>
      </input_file>
      <input_file id="fl-f5">
         <path>C:\ti\ccsv8\tools\compiler\ti-cgt-arm_18.1.3.LTS\lib\</path>
         <kind>archive</kind>
         <file>rtsv7R4_A_le_v3D16_eabi.lib</file>
         <name>errno.c.obj</name>
      </input_file>
      <input_file id="fl-f6">
         <path>C:\ti\ccsv8\tools\compiler\ti-cgt-arm_18.1.3.LTS\lib\</path>
         <kind>archive</kind>
         <file>rtsv7R4_A_le_v3D16_eabi.lib</file>
         <name>s_copysign.c.obj</name>
      </input_file>
      <input_file id="fl-f7">
         <path>C:\ti\ccsv8\tools\compiler\ti-cgt-arm_18.1.3.LTS\lib\</path>
         <kind>archive</kind>
         <file>rtsv7R4_A_le_v3D16_eabi.lib</file>
         <name>div0.asm.obj</name>
      </input_file>
   </input_file_list>
   <object_component_list>
      <object_component id="oc-4f">
         <name>.intvecs</name>
         <load_address>0x0</load_address>
         <run_address>0x0</run_address>
         <size>0x20</size>
         <input_file_ref idref="fl-14"/>
      </object_component>
      <object_component id="oc-ab">
         <name>.text</name>
         <load_address>0x20</load_address>
         <run_address>0x20</run_address>
         <size>0x2bd0</size>
         <input_file_ref idref="fl-26"/>
      </object_component>
      <object_component id="oc-36d">
         <name>.text:__TI_printfi</name>
         <load_address>0x2bf0</load_address>
         <run_address>0x2bf0</run_address>
         <size>0xf90</size>
         <input_file_ref idref="fl-e9"/>
      </object_component>
      <object_component id="oc-249">
         <name>.text</name>
         <load_address>0x3b80</load_address>
         <run_address>0x3b80</run_address>
         <size>0xb10</size>
         <input_file_ref idref="fl-c"/>
      </object_component>
      <object_component id="oc-237">
         <name>.text</name>
         <load_address>0x4690</load_address>
         <run_address>0x4690</run_address>
         <size>0xaec</size>
         <input_file_ref idref="fl-7"/>
      </object_component>
      <object_component id="oc-318">
         <name>.text</name>
         <load_address>0x517c</load_address>
         <run_address>0x517c</run_address>
         <size>0x9d4</size>
         <input_file_ref idref="fl-f"/>
      </object_component>
      <object_component id="oc-144">
         <name>.text</name>
         <load_address>0x5b50</load_address>
         <run_address>0x5b50</run_address>
         <size>0x95c</size>
         <input_file_ref idref="fl-1c"/>
      </object_component>
      <object_component id="oc-5b">
         <name>.text</name>
         <load_address>0x64ac</load_address>
         <run_address>0x64ac</run_address>
         <size>0x940</size>
         <input_file_ref idref="fl-1b"/>
      </object_component>
      <object_component id="oc-243">
         <name>.text</name>
         <load_address>0x6dec</load_address>
         <run_address>0x6dec</run_address>
         <size>0x870</size>
         <input_file_ref idref="fl-11"/>
      </object_component>
      <object_component id="oc-14a">
         <name>.text</name>
         <load_address>0x765c</load_address>
         <run_address>0x765c</run_address>
         <size>0x798</size>
         <input_file_ref idref="fl-a"/>
      </object_component>
      <object_component id="oc-23d">
         <name>.text</name>
         <load_address>0x7df4</load_address>
         <run_address>0x7df4</run_address>
         <size>0x698</size>
         <input_file_ref idref="fl-10"/>
      </object_component>
      <object_component id="oc-164">
         <name>.text</name>
         <load_address>0x848c</load_address>
         <run_address>0x848c</run_address>
         <size>0x484</size>
         <input_file_ref idref="fl-b"/>
      </object_component>
      <object_component id="oc-6a">
         <name>.text</name>
         <load_address>0x8910</load_address>
         <run_address>0x8910</run_address>
         <size>0x448</size>
         <input_file_ref idref="fl-23"/>
      </object_component>
      <object_component id="oc-b7">
         <name>.text</name>
         <load_address>0x8d58</load_address>
         <run_address>0x8d58</run_address>
         <size>0x408</size>
         <input_file_ref idref="fl-e"/>
      </object_component>
      <object_component id="oc-95">
         <name>.text</name>
         <load_address>0x9160</load_address>
         <run_address>0x9160</run_address>
         <size>0x3c4</size>
         <input_file_ref idref="fl-12"/>
      </object_component>
      <object_component id="oc-156">
         <name>.text</name>
         <load_address>0x9524</load_address>
         <run_address>0x9524</run_address>
         <size>0x36c</size>
         <input_file_ref idref="fl-15"/>
      </object_component>
      <object_component id="oc-5a">
         <name>.text:retain</name>
         <load_address>0x9890</load_address>
         <run_address>0x9890</run_address>
         <size>0x33c</size>
         <input_file_ref idref="fl-1b"/>
      </object_component>
      <object_component id="oc-150">
         <name>.text</name>
         <load_address>0x9bcc</load_address>
         <run_address>0x9bcc</run_address>
         <size>0x334</size>
         <input_file_ref idref="fl-8"/>
      </object_component>
      <object_component id="oc-4c1">
         <name>.text:_pconv_a</name>
         <load_address>0x9f00</load_address>
         <run_address>0x9f00</run_address>
         <size>0x2dc</size>
         <input_file_ref idref="fl-e9"/>
      </object_component>
      <object_component id="oc-536">
         <name>.text</name>
         <load_address>0xa1dc</load_address>
         <run_address>0xa1dc</run_address>
         <size>0x2b8</size>
         <input_file_ref idref="fl-f4"/>
      </object_component>
      <object_component id="oc-3a">
         <name>.text:retain</name>
         <load_address>0xa494</load_address>
         <run_address>0xa494</run_address>
         <size>0x2a4</size>
         <input_file_ref idref="fl-a"/>
      </object_component>
      <object_component id="oc-176">
         <name>.text</name>
         <load_address>0xa738</load_address>
         <run_address>0xa738</run_address>
         <size>0x290</size>
         <input_file_ref idref="fl-6"/>
      </object_component>
      <object_component id="oc-4af">
         <name>.text:_pconv_g</name>
         <load_address>0xa9c8</load_address>
         <run_address>0xa9c8</run_address>
         <size>0x248</size>
         <input_file_ref idref="fl-e9"/>
      </object_component>
      <object_component id="oc-9a">
         <name>.text</name>
         <load_address>0xac10</load_address>
         <run_address>0xac10</run_address>
         <size>0x238</size>
         <input_file_ref idref="fl-22"/>
      </object_component>
      <object_component id="oc-a5">
         <name>.text</name>
         <load_address>0xae48</load_address>
         <run_address>0xae48</run_address>
         <size>0x1fc</size>
         <input_file_ref idref="fl-25"/>
      </object_component>
      <object_component id="oc-27">
         <name>.text:retain</name>
         <load_address>0xb044</load_address>
         <run_address>0xb044</run_address>
         <size>0x1cc</size>
         <input_file_ref idref="fl-1a"/>
      </object_component>
      <object_component id="oc-c6">
         <name>.text</name>
         <load_address>0xb210</load_address>
         <run_address>0xb210</run_address>
         <size>0x1b4</size>
         <input_file_ref idref="fl-3"/>
      </object_component>
      <object_component id="oc-7d">
         <name>.text</name>
         <load_address>0xb3c4</load_address>
         <run_address>0xb3c4</run_address>
         <size>0x180</size>
         <input_file_ref idref="fl-de"/>
      </object_component>
      <object_component id="oc-4bb">
         <name>.text:_pconv_e</name>
         <load_address>0xb544</load_address>
         <run_address>0xb544</run_address>
         <size>0x15c</size>
         <input_file_ref idref="fl-e9"/>
      </object_component>
      <object_component id="oc-15d">
         <name>.text</name>
         <load_address>0xb6a0</load_address>
         <run_address>0xb6a0</run_address>
         <size>0x14c</size>
         <input_file_ref idref="fl-4"/>
      </object_component>
      <object_component id="oc-9f">
         <name>.text</name>
         <load_address>0xb7ec</load_address>
         <run_address>0xb7ec</run_address>
         <size>0x148</size>
         <input_file_ref idref="fl-24"/>
      </object_component>
      <object_component id="oc-554">
         <name>.text:fcvt</name>
         <load_address>0xb934</load_address>
         <run_address>0xb934</run_address>
         <size>0x144</size>
         <input_file_ref idref="fl-e9"/>
      </object_component>
      <object_component id="oc-49">
         <name>.text:retain</name>
         <load_address>0xba78</load_address>
         <run_address>0xba78</run_address>
         <size>0x138</size>
         <input_file_ref idref="fl-10"/>
      </object_component>
      <object_component id="oc-3c4">
         <name>.text:floor</name>
         <load_address>0xbbb0</load_address>
         <run_address>0xbbb0</run_address>
         <size>0x134</size>
         <input_file_ref idref="fl-dd"/>
      </object_component>
      <object_component id="oc-66">
         <name>.text:retain</name>
         <load_address>0xbce4</load_address>
         <run_address>0xbce4</run_address>
         <size>0x134</size>
         <input_file_ref idref="fl-23"/>
      </object_component>
      <object_component id="oc-568">
         <name>.text:scalbn</name>
         <load_address>0xbe18</load_address>
         <run_address>0xbe18</run_address>
         <size>0x11c</size>
         <input_file_ref idref="fl-f1"/>
      </object_component>
      <object_component id="oc-4a9">
         <name>.text:_ltostr</name>
         <load_address>0xbf34</load_address>
         <run_address>0xbf34</run_address>
         <size>0x10d</size>
         <input_file_ref idref="fl-e9"/>
      </object_component>
      <object_component id="oc-43">
         <name>.text:retain</name>
         <load_address>0xc044</load_address>
         <run_address>0xc044</run_address>
         <size>0xcc</size>
         <input_file_ref idref="fl-c"/>
      </object_component>
      <object_component id="oc-54d">
         <name>.text:_mcpy</name>
         <load_address>0xc110</load_address>
         <run_address>0xc110</run_address>
         <size>0xc8</size>
         <input_file_ref idref="fl-e9"/>
      </object_component>
      <object_component id="oc-114">
         <name>.text</name>
         <load_address>0xc1d8</load_address>
         <run_address>0xc1d8</run_address>
         <size>0xb0</size>
         <input_file_ref idref="fl-df"/>
      </object_component>
      <object_component id="oc-b1">
         <name>.text</name>
         <load_address>0xc288</load_address>
         <run_address>0xc288</run_address>
         <size>0xa8</size>
         <input_file_ref idref="fl-1a"/>
      </object_component>
      <object_component id="oc-547">
         <name>.text:_ecpy</name>
         <load_address>0xc330</load_address>
         <run_address>0xc330</run_address>
         <size>0x94</size>
         <input_file_ref idref="fl-e9"/>
      </object_component>
      <object_component id="oc-1a">
         <name>.text:decompress:lzss:__TI_decompress_lzss</name>
         <load_address>0xc3c4</load_address>
         <run_address>0xc3c4</run_address>
         <size>0x90</size>
         <input_file_ref idref="fl-e4"/>
      </object_component>
      <object_component id="oc-562">
         <name>.text:frexp</name>
         <load_address>0xc454</load_address>
         <run_address>0xc454</run_address>
         <size>0x8c</size>
         <input_file_ref idref="fl-f0"/>
      </object_component>
      <object_component id="oc-4a3">
         <name>.text:atoi</name>
         <load_address>0xc4e0</load_address>
         <run_address>0xc4e0</run_address>
         <size>0x84</size>
         <input_file_ref idref="fl-ea"/>
      </object_component>
      <object_component id="oc-541">
         <name>.text:ltoa</name>
         <load_address>0xc564</load_address>
         <run_address>0xc564</run_address>
         <size>0x80</size>
         <input_file_ref idref="fl-ec"/>
      </object_component>
      <object_component id="oc-4b5">
         <name>.text:_pconv_f</name>
         <load_address>0xc5e4</load_address>
         <run_address>0xc5e4</run_address>
         <size>0x74</size>
         <input_file_ref idref="fl-e9"/>
      </object_component>
      <object_component id="oc-32e">
         <name>.text:__TI_auto_init_nobinit_nopinit:__TI_auto_init_nobinit_nopinit</name>
         <load_address>0xc658</load_address>
         <run_address>0xc658</run_address>
         <size>0x68</size>
         <input_file_ref idref="fl-e0"/>
      </object_component>
      <object_component id="oc-55a">
         <name>.text:_fcpy</name>
         <load_address>0xc6c0</load_address>
         <run_address>0xc6c0</run_address>
         <size>0x64</size>
         <input_file_ref idref="fl-e9"/>
      </object_component>
      <object_component id="oc-16a">
         <name>.text:sprintf</name>
         <load_address>0xc724</load_address>
         <run_address>0xc724</run_address>
         <size>0x64</size>
         <input_file_ref idref="fl-e7"/>
      </object_component>
      <object_component id="oc-123">
         <name>.text</name>
         <load_address>0xc788</load_address>
         <run_address>0xc788</run_address>
         <size>0x60</size>
         <input_file_ref idref="fl-27"/>
      </object_component>
      <object_component id="oc-5ba">
         <name>.text</name>
         <load_address>0xc7e8</load_address>
         <run_address>0xc7e8</run_address>
         <size>0x54</size>
         <input_file_ref idref="fl-f2"/>
      </object_component>
      <object_component id="oc-53b">
         <name>.text</name>
         <load_address>0xc83c</load_address>
         <run_address>0xc83c</run_address>
         <size>0x50</size>
         <input_file_ref idref="fl-f3"/>
      </object_component>
      <object_component id="oc-373">
         <name>.text:_outs</name>
         <load_address>0xc88c</load_address>
         <run_address>0xc88c</run_address>
         <size>0x30</size>
         <input_file_ref idref="fl-e7"/>
      </object_component>
      <object_component id="oc-4c7">
         <name>.text:memccpy</name>
         <load_address>0xc8bc</load_address>
         <run_address>0xc8bc</run_address>
         <size>0x2c</size>
         <input_file_ref idref="fl-ed"/>
      </object_component>
      <object_component id="oc-56e">
         <name>.text:strchr</name>
         <load_address>0xc8e8</load_address>
         <run_address>0xc8e8</run_address>
         <size>0x28</size>
         <input_file_ref idref="fl-ee"/>
      </object_component>
      <object_component id="oc-4cd">
         <name>.text:wcslen</name>
         <load_address>0xc910</load_address>
         <run_address>0xc910</run_address>
         <size>0x24</size>
         <input_file_ref idref="fl-ef"/>
      </object_component>
      <object_component id="oc-5cc">
         <name>.text:copysign</name>
         <load_address>0xc934</load_address>
         <run_address>0xc934</run_address>
         <size>0x20</size>
         <input_file_ref idref="fl-f6"/>
      </object_component>
      <object_component id="oc-89">
         <name>.text:decompress:ZI:__TI_zero_init_nomemset:__TI_zero_init_nomemset</name>
         <load_address>0xc954</load_address>
         <run_address>0xc954</run_address>
         <size>0x20</size>
         <input_file_ref idref="fl-e2"/>
      </object_component>
      <object_component id="oc-170">
         <name>.text:strlen</name>
         <load_address>0xc974</load_address>
         <run_address>0xc974</run_address>
         <size>0x20</size>
         <input_file_ref idref="fl-e8"/>
      </object_component>
      <object_component id="oc-379">
         <name>.text:_outc</name>
         <load_address>0xc994</load_address>
         <run_address>0xc994</run_address>
         <size>0x14</size>
         <input_file_ref idref="fl-e7"/>
      </object_component>
      <object_component id="oc-20">
         <name>.text:decompress:none:__TI_decompress_none</name>
         <load_address>0xc9a8</load_address>
         <run_address>0xc9a8</run_address>
         <size>0x14</size>
         <input_file_ref idref="fl-e3"/>
      </object_component>
      <object_component id="oc-4d3">
         <name>.text:__aeabi_errno_addr</name>
         <load_address>0xc9bc</load_address>
         <run_address>0xc9bc</run_address>
         <size>0xc</size>
         <input_file_ref idref="fl-f5"/>
      </object_component>
      <object_component id="oc-35e">
         <name>.text:abort:abort</name>
         <load_address>0xc9c8</load_address>
         <run_address>0xc9c8</run_address>
         <size>0x8</size>
         <input_file_ref idref="fl-e5"/>
      </object_component>
      <object_component id="oc-54">
         <name>.text:retain</name>
         <load_address>0xc9d0</load_address>
         <run_address>0xc9d0</run_address>
         <size>0x4</size>
         <input_file_ref idref="fl-17"/>
      </object_component>
      <object_component id="oc-5b4">
         <name>.text</name>
         <load_address>0xc9d4</load_address>
         <run_address>0xc9d4</run_address>
         <size>0x4</size>
         <input_file_ref idref="fl-f7"/>
      </object_component>
      <object_component id="oc-40">
         <name>.const:s_vim_init</name>
         <load_address>0xc9d8</load_address>
         <run_address>0xc9d8</run_address>
         <size>0x200</size>
         <input_file_ref idref="fl-1b"/>
      </object_component>
      <object_component id="oc-531">
         <name>.const:.string:_ctypes_</name>
         <load_address>0xcbd8</load_address>
         <run_address>0xcbd8</run_address>
         <size>0x101</size>
         <input_file_ref idref="fl-eb"/>
      </object_component>
      <object_component id="oc-3b6">
         <name>.const:s_adcFiFoSize</name>
         <load_address>0xccdc</load_address>
         <run_address>0xccdc</run_address>
         <size>0x18</size>
         <input_file_ref idref="fl-7"/>
      </object_component>
      <object_component id="oc-3b9">
         <name>.const:s_adcSelect</name>
         <load_address>0xccf4</load_address>
         <run_address>0xccf4</run_address>
         <size>0x18</size>
         <input_file_ref idref="fl-7"/>
      </object_component>
      <object_component id="oc-24f">
         <name>.const:$P$T0$1</name>
         <load_address>0xcd0c</load_address>
         <run_address>0xcd0c</run_address>
         <size>0x14</size>
         <input_file_ref idref="fl-3"/>
      </object_component>
      <object_component id="oc-627">
         <name>.cinit..data.load</name>
         <load_address>0xcd20</load_address>
         <run_address>0xcd20</run_address>
         <size>0x13</size>
      </object_component>
      <object_component id="oc-628">
         <name>.cinit.LOG_DATA.load</name>
         <load_address>0xcd33</load_address>
         <run_address>0xcd33</run_address>
         <size>0xf</size>
      </object_component>
      <object_component id="oc-624">
         <name>__TI_handler_table</name>
         <load_address>0xcd44</load_address>
         <run_address>0xcd44</run_address>
         <size>0xc</size>
      </object_component>
      <object_component id="oc-626">
         <name>.cinit..bss.load</name>
         <load_address>0xcd50</load_address>
         <run_address>0xcd50</run_address>
         <size>0x8</size>
      </object_component>
      <object_component id="oc-625">
         <name>__TI_cinit_table</name>
         <load_address>0xcd58</load_address>
         <run_address>0xcd58</run_address>
         <size>0x18</size>
      </object_component>
      <object_component id="oc-256">
         <name>.bss</name>
         <uninitialized>true</uninitialized>
         <run_address>0x8001a70</run_address>
         <size>0x1</size>
         <input_file_ref idref="fl-3"/>
      </object_component>
      <object_component id="oc-3ca">
         <name>.bss:g_sciTransfer_t</name>
         <uninitialized>true</uninitialized>
         <run_address>0x80019ec</run_address>
         <size>0x50</size>
         <input_file_ref idref="fl-11"/>
      </object_component>
      <object_component id="oc-252">
         <name>.common:transfer_complete</name>
         <uninitialized>true</uninitialized>
         <run_address>0x8001a6c</run_address>
         <size>0x4</size>
      </object_component>
      <object_component id="oc-255">
         <name>.common:i</name>
         <uninitialized>true</uninitialized>
         <run_address>0x8001a68</run_address>
         <size>0x4</size>
      </object_component>
      <object_component id="oc-182">
         <name>.common:u8PotStringBuf</name>
         <uninitialized>true</uninitialized>
         <run_address>0x8001988</run_address>
         <size>0x64</size>
      </object_component>
      <object_component id="oc-bd">
         <name>.common:resetReason</name>
         <uninitialized>true</uninitialized>
         <run_address>0x8001a75</run_address>
         <size>0x1</size>
      </object_component>
      <object_component id="oc-f3">
         <name>.common:ESM_AppCallback</name>
         <uninitialized>true</uninitialized>
         <run_address>0x8001a3c</run_address>
         <size>0x4</size>
      </object_component>
      <object_component id="oc-134">
         <name>.common:g_MemIntrCnt_retVal</name>
         <uninitialized>true</uninitialized>
         <run_address>0x8001a73</run_address>
         <size>0x1</size>
      </object_component>
      <object_component id="oc-135">
         <name>.common:g_MemIntrCnt_reserved_word</name>
         <uninitialized>true</uninitialized>
         <run_address>0x8001a44</run_address>
         <size>0x4</size>
      </object_component>
      <object_component id="oc-136">
         <name>.common:g_MainPeriphIntrCnt_retVal</name>
         <uninitialized>true</uninitialized>
         <run_address>0x8001a72</run_address>
         <size>0x1</size>
      </object_component>
      <object_component id="oc-137">
         <name>.common:g_MainPeriphIntrCnt_flag</name>
         <uninitialized>true</uninitialized>
         <run_address>0x8001a71</run_address>
         <size>0x1</size>
      </object_component>
      <object_component id="oc-138">
         <name>.common:g_MainPeriphIntrCnt_reserved_word</name>
         <uninitialized>true</uninitialized>
         <run_address>0x8001a40</run_address>
         <size>0x4</size>
      </object_component>
      <object_component id="oc-129">
         <name>.common:g_PeriphSegIntrCnt_retVal</name>
         <uninitialized>true</uninitialized>
         <run_address>0x8001a74</run_address>
         <size>0x1</size>
      </object_component>
      <object_component id="oc-133">
         <name>.common:g_PeriphSegIntrCnt_reserved_word_read</name>
         <uninitialized>true</uninitialized>
         <run_address>0x8001a60</run_address>
         <size>0x4</size>
      </object_component>
      <object_component id="oc-132">
         <name>.common:g_PeriphSegIntrCnt_protected_word_read</name>
         <uninitialized>true</uninitialized>
         <run_address>0x8001a58</run_address>
         <size>0x4</size>
      </object_component>
      <object_component id="oc-131">
         <name>.common:g_PeriphSegIntrCnt_pcrprot_bit</name>
         <uninitialized>true</uninitialized>
         <run_address>0x8001a48</run_address>
         <size>0x4</size>
      </object_component>
      <object_component id="oc-12d">
         <name>.common:g_PeriphSegIntrCnt_reserved_word_location</name>
         <uninitialized>true</uninitialized>
         <run_address>0x8001a5c</run_address>
         <size>0x4</size>
      </object_component>
      <object_component id="oc-12e">
         <name>.common:g_PeriphSegIntrCnt_protected_word_location</name>
         <uninitialized>true</uninitialized>
         <run_address>0x8001a54</run_address>
         <size>0x4</size>
      </object_component>
      <object_component id="oc-12f">
         <name>.common:g_PeriphSegIntrCnt_pcrprotset_reg</name>
         <uninitialized>true</uninitialized>
         <run_address>0x8001a50</run_address>
         <size>0x4</size>
      </object_component>
      <object_component id="oc-130">
         <name>.common:g_PeriphSegIntrCnt_pcrprotclr_reg</name>
         <uninitialized>true</uninitialized>
         <run_address>0x8001a4c</run_address>
         <size>0x4</size>
      </object_component>
      <object_component id="oc-12c">
         <name>.common:g_sl_pcrREG</name>
         <uninitialized>true</uninitialized>
         <run_address>0x8001a64</run_address>
         <size>0x4</size>
      </object_component>
      <object_component id="oc-17f">
         <name>.data</name>
         <load_address>0x8001af8</load_address>
         <run_address>0x8001af8</run_address>
         <size>0x12</size>
         <input_file_ref idref="fl-3"/>
      </object_component>
      <object_component id="oc-17c">
         <name>.data</name>
         <load_address>0x8001ae4</load_address>
         <run_address>0x8001ae4</run_address>
         <size>0x14</size>
         <input_file_ref idref="fl-e"/>
      </object_component>
      <object_component id="oc-f0">
         <name>.data</name>
         <load_address>0x8001abc</load_address>
         <run_address>0x8001abc</run_address>
         <size>0x4</size>
         <input_file_ref idref="fl-23"/>
      </object_component>
      <object_component id="oc-11e">
         <name>.data:sl_priv_flag_set</name>
         <load_address>0x8001a80</load_address>
         <run_address>0x8001a80</run_address>
         <size>0x39</size>
         <input_file_ref idref="fl-25"/>
      </object_component>
      <object_component id="oc-f6">
         <name>.data</name>
         <load_address>0x8001ac0</load_address>
         <run_address>0x8001ac0</run_address>
         <size>0x21</size>
         <input_file_ref idref="fl-26"/>
      </object_component>
      <object_component id="oc-57e">
         <name>.data</name>
         <load_address>0x8001b0c</load_address>
         <run_address>0x8001b0c</run_address>
         <size>0x4</size>
         <input_file_ref idref="fl-f5"/>
      </object_component>
      <object_component id="oc-309">
         <name>LOG_DATA:init</name>
         <load_address>0x8001980</load_address>
         <run_address>0x8001980</run_address>
         <size>0x8</size>
         <input_file_ref idref="fl-27"/>
      </object_component>
      <object_component id="oc-30c">
         <name>LOG_DATA:uninit</name>
         <load_address>0x8001800</load_address>
         <run_address>0x8001800</run_address>
         <size>0x180</size>
         <input_file_ref idref="fl-27"/>
      </object_component>
      <object_component id="oc-3b4">
         <name>.debug_info</name>
         <load_address>0x0</load_address>
         <run_address>0x0</run_address>
         <size>0x395</size>
         <input_file_ref idref="fl-2"/>
      </object_component>
      <object_component id="oc-39a">
         <name>.debug_info</name>
         <load_address>0x395</load_address>
         <run_address>0x395</run_address>
         <size>0x791</size>
         <input_file_ref idref="fl-2"/>
      </object_component>
      <object_component id="oc-1ab">
         <name>.debug_info</name>
         <load_address>0xb26</load_address>
         <run_address>0xb26</run_address>
         <size>0x26b</size>
         <input_file_ref idref="fl-2"/>
      </object_component>
      <object_component id="oc-cd">
         <name>.debug_info</name>
         <load_address>0xd91</load_address>
         <run_address>0xd91</run_address>
         <size>0x157</size>
         <input_file_ref idref="fl-2"/>
      </object_component>
      <object_component id="oc-df">
         <name>.debug_info</name>
         <load_address>0xee8</load_address>
         <run_address>0xee8</run_address>
         <size>0x8b</size>
         <input_file_ref idref="fl-2"/>
      </object_component>
      <object_component id="oc-3af">
         <name>.debug_info</name>
         <load_address>0xf73</load_address>
         <run_address>0xf73</run_address>
         <size>0x297</size>
         <input_file_ref idref="fl-2"/>
      </object_component>
      <object_component id="oc-25f">
         <name>.debug_info</name>
         <load_address>0x120a</load_address>
         <run_address>0x120a</run_address>
         <size>0xbb</size>
         <input_file_ref idref="fl-2"/>
      </object_component>
      <object_component id="oc-e4">
         <name>.debug_info</name>
         <load_address>0x12c5</load_address>
         <run_address>0x12c5</run_address>
         <size>0x86</size>
         <input_file_ref idref="fl-2"/>
      </object_component>
      <object_component id="oc-469">
         <name>.debug_info</name>
         <load_address>0x134b</load_address>
         <run_address>0x134b</run_address>
         <size>0x38f</size>
         <input_file_ref idref="fl-2"/>
      </object_component>
      <object_component id="oc-253">
         <name>.debug_info</name>
         <load_address>0x16da</load_address>
         <run_address>0x16da</run_address>
         <size>0x8c3</size>
         <input_file_ref idref="fl-3"/>
      </object_component>
      <object_component id="oc-180">
         <name>.debug_info</name>
         <load_address>0x1f9d</load_address>
         <run_address>0x1f9d</run_address>
         <size>0x1cc</size>
         <input_file_ref idref="fl-3"/>
      </object_component>
      <object_component id="oc-257">
         <name>.debug_info</name>
         <load_address>0x2169</load_address>
         <run_address>0x2169</run_address>
         <size>0xf2</size>
         <input_file_ref idref="fl-3"/>
      </object_component>
      <object_component id="oc-250">
         <name>.debug_info</name>
         <load_address>0x225b</load_address>
         <run_address>0x225b</run_address>
         <size>0xf2</size>
         <input_file_ref idref="fl-3"/>
      </object_component>
      <object_component id="oc-c7">
         <name>.debug_info</name>
         <load_address>0x234d</load_address>
         <run_address>0x234d</run_address>
         <size>0x562</size>
         <input_file_ref idref="fl-3"/>
      </object_component>
      <object_component id="oc-3d9">
         <name>.debug_info</name>
         <load_address>0x28af</load_address>
         <run_address>0x28af</run_address>
         <size>0x791</size>
         <input_file_ref idref="fl-3"/>
      </object_component>
      <object_component id="oc-3de">
         <name>.debug_info</name>
         <load_address>0x3040</load_address>
         <run_address>0x3040</run_address>
         <size>0x795</size>
         <input_file_ref idref="fl-3"/>
      </object_component>
      <object_component id="oc-3e3">
         <name>.debug_info</name>
         <load_address>0x37d5</load_address>
         <run_address>0x37d5</run_address>
         <size>0x306</size>
         <input_file_ref idref="fl-3"/>
      </object_component>
      <object_component id="oc-3e8">
         <name>.debug_info</name>
         <load_address>0x3adb</load_address>
         <run_address>0x3adb</run_address>
         <size>0xb13</size>
         <input_file_ref idref="fl-3"/>
      </object_component>
      <object_component id="oc-3ed">
         <name>.debug_info</name>
         <load_address>0x45ee</load_address>
         <run_address>0x45ee</run_address>
         <size>0x591</size>
         <input_file_ref idref="fl-3"/>
      </object_component>
      <object_component id="oc-3f2">
         <name>.debug_info</name>
         <load_address>0x4b7f</load_address>
         <run_address>0x4b7f</run_address>
         <size>0x306</size>
         <input_file_ref idref="fl-3"/>
      </object_component>
      <object_component id="oc-3f7">
         <name>.debug_info</name>
         <load_address>0x4e85</load_address>
         <run_address>0x4e85</run_address>
         <size>0x547</size>
         <input_file_ref idref="fl-3"/>
      </object_component>
      <object_component id="oc-3fc">
         <name>.debug_info</name>
         <load_address>0x53cc</load_address>
         <run_address>0x53cc</run_address>
         <size>0x18c</size>
         <input_file_ref idref="fl-3"/>
      </object_component>
      <object_component id="oc-25a">
         <name>.debug_info</name>
         <load_address>0x5558</load_address>
         <run_address>0x5558</run_address>
         <size>0xae</size>
         <input_file_ref idref="fl-3"/>
      </object_component>
      <object_component id="oc-13f">
         <name>.debug_info</name>
         <load_address>0x5606</load_address>
         <run_address>0x5606</run_address>
         <size>0x86</size>
         <input_file_ref idref="fl-3"/>
      </object_component>
      <object_component id="oc-38e">
         <name>.debug_info</name>
         <load_address>0x568c</load_address>
         <run_address>0x568c</run_address>
         <size>0x4c</size>
         <input_file_ref idref="fl-3"/>
      </object_component>
      <object_component id="oc-401">
         <name>.debug_info</name>
         <load_address>0x56d8</load_address>
         <run_address>0x56d8</run_address>
         <size>0x102</size>
         <input_file_ref idref="fl-3"/>
      </object_component>
      <object_component id="oc-406">
         <name>.debug_info</name>
         <load_address>0x57da</load_address>
         <run_address>0x57da</run_address>
         <size>0x1f9</size>
         <input_file_ref idref="fl-3"/>
      </object_component>
      <object_component id="oc-40b">
         <name>.debug_info</name>
         <load_address>0x59d3</load_address>
         <run_address>0x59d3</run_address>
         <size>0x222</size>
         <input_file_ref idref="fl-3"/>
      </object_component>
      <object_component id="oc-410">
         <name>.debug_info</name>
         <load_address>0x5bf5</load_address>
         <run_address>0x5bf5</run_address>
         <size>0x243</size>
         <input_file_ref idref="fl-3"/>
      </object_component>
      <object_component id="oc-456">
         <name>.debug_info</name>
         <load_address>0x5e38</load_address>
         <run_address>0x5e38</run_address>
         <size>0x4a3</size>
         <input_file_ref idref="fl-3"/>
      </object_component>
      <object_component id="oc-415">
         <name>.debug_info</name>
         <load_address>0x62db</load_address>
         <run_address>0x62db</run_address>
         <size>0x4d2</size>
         <input_file_ref idref="fl-3"/>
      </object_component>
      <object_component id="oc-41a">
         <name>.debug_info</name>
         <load_address>0x67ad</load_address>
         <run_address>0x67ad</run_address>
         <size>0x1ca</size>
         <input_file_ref idref="fl-3"/>
      </object_component>
      <object_component id="oc-41f">
         <name>.debug_info</name>
         <load_address>0x6977</load_address>
         <run_address>0x6977</run_address>
         <size>0x142</size>
         <input_file_ref idref="fl-3"/>
      </object_component>
      <object_component id="oc-424">
         <name>.debug_info</name>
         <load_address>0x6ab9</load_address>
         <run_address>0x6ab9</run_address>
         <size>0x285</size>
         <input_file_ref idref="fl-3"/>
      </object_component>
      <object_component id="oc-429">
         <name>.debug_info</name>
         <load_address>0x6d3e</load_address>
         <run_address>0x6d3e</run_address>
         <size>0x3f6</size>
         <input_file_ref idref="fl-3"/>
      </object_component>
      <object_component id="oc-42e">
         <name>.debug_info</name>
         <load_address>0x7134</load_address>
         <run_address>0x7134</run_address>
         <size>0x1d1</size>
         <input_file_ref idref="fl-3"/>
      </object_component>
      <object_component id="oc-433">
         <name>.debug_info</name>
         <load_address>0x7305</load_address>
         <run_address>0x7305</run_address>
         <size>0x152</size>
         <input_file_ref idref="fl-3"/>
      </object_component>
      <object_component id="oc-438">
         <name>.debug_info</name>
         <load_address>0x7457</load_address>
         <run_address>0x7457</run_address>
         <size>0x1de</size>
         <input_file_ref idref="fl-3"/>
      </object_component>
      <object_component id="oc-43d">
         <name>.debug_info</name>
         <load_address>0x7635</load_address>
         <run_address>0x7635</run_address>
         <size>0x2af</size>
         <input_file_ref idref="fl-3"/>
      </object_component>
      <object_component id="oc-442">
         <name>.debug_info</name>
         <load_address>0x78e4</load_address>
         <run_address>0x78e4</run_address>
         <size>0x1ab</size>
         <input_file_ref idref="fl-3"/>
      </object_component>
      <object_component id="oc-447">
         <name>.debug_info</name>
         <load_address>0x7a8f</load_address>
         <run_address>0x7a8f</run_address>
         <size>0x29b</size>
         <input_file_ref idref="fl-3"/>
      </object_component>
      <object_component id="oc-44c">
         <name>.debug_info</name>
         <load_address>0x7d2a</load_address>
         <run_address>0x7d2a</run_address>
         <size>0xee</size>
         <input_file_ref idref="fl-3"/>
      </object_component>
      <object_component id="oc-451">
         <name>.debug_info</name>
         <load_address>0x7e18</load_address>
         <run_address>0x7e18</run_address>
         <size>0x116</size>
         <input_file_ref idref="fl-3"/>
      </object_component>
      <object_component id="oc-45b">
         <name>.debug_info</name>
         <load_address>0x7f2e</load_address>
         <run_address>0x7f2e</run_address>
         <size>0x1b6</size>
         <input_file_ref idref="fl-3"/>
      </object_component>
      <object_component id="oc-460">
         <name>.debug_info</name>
         <load_address>0x80e4</load_address>
         <run_address>0x80e4</run_address>
         <size>0x36d</size>
         <input_file_ref idref="fl-3"/>
      </object_component>
      <object_component id="oc-223">
         <name>.debug_info</name>
         <load_address>0x8451</load_address>
         <run_address>0x8451</run_address>
         <size>0x4f</size>
         <input_file_ref idref="fl-3"/>
      </object_component>
      <object_component id="oc-15e">
         <name>.debug_info</name>
         <load_address>0x84a0</load_address>
         <run_address>0x84a0</run_address>
         <size>0x2a5</size>
         <input_file_ref idref="fl-4"/>
      </object_component>
      <object_component id="oc-389">
         <name>.debug_info</name>
         <load_address>0x8745</load_address>
         <run_address>0x8745</run_address>
         <size>0x31a</size>
         <input_file_ref idref="fl-6"/>
      </object_component>
      <object_component id="oc-179">
         <name>.debug_info</name>
         <load_address>0x8a5f</load_address>
         <run_address>0x8a5f</run_address>
         <size>0x57d</size>
         <input_file_ref idref="fl-6"/>
      </object_component>
      <object_component id="oc-1c9">
         <name>.debug_info</name>
         <load_address>0x8fdc</load_address>
         <run_address>0x8fdc</run_address>
         <size>0x1f9</size>
         <input_file_ref idref="fl-6"/>
      </object_component>
      <object_component id="oc-3a4">
         <name>.debug_info</name>
         <load_address>0x91d5</load_address>
         <run_address>0x91d5</run_address>
         <size>0x243</size>
         <input_file_ref idref="fl-6"/>
      </object_component>
      <object_component id="oc-509">
         <name>.debug_info</name>
         <load_address>0x9418</load_address>
         <run_address>0x9418</run_address>
         <size>0x18e</size>
         <input_file_ref idref="fl-6"/>
      </object_component>
      <object_component id="oc-26b">
         <name>.debug_info</name>
         <load_address>0x95a6</load_address>
         <run_address>0x95a6</run_address>
         <size>0x338</size>
         <input_file_ref idref="fl-7"/>
      </object_component>
      <object_component id="oc-3ba">
         <name>.debug_info</name>
         <load_address>0x98de</load_address>
         <run_address>0x98de</run_address>
         <size>0xef</size>
         <input_file_ref idref="fl-7"/>
      </object_component>
      <object_component id="oc-3b7">
         <name>.debug_info</name>
         <load_address>0x99cd</load_address>
         <run_address>0x99cd</run_address>
         <size>0xf4</size>
         <input_file_ref idref="fl-7"/>
      </object_component>
      <object_component id="oc-238">
         <name>.debug_info</name>
         <load_address>0x9ac1</load_address>
         <run_address>0x9ac1</run_address>
         <size>0xc30</size>
         <input_file_ref idref="fl-7"/>
      </object_component>
      <object_component id="oc-da">
         <name>.debug_info</name>
         <load_address>0xa6f1</load_address>
         <run_address>0xa6f1</run_address>
         <size>0x18c</size>
         <input_file_ref idref="fl-7"/>
      </object_component>
      <object_component id="oc-232">
         <name>.debug_info</name>
         <load_address>0xa87d</load_address>
         <run_address>0xa87d</run_address>
         <size>0x36d</size>
         <input_file_ref idref="fl-7"/>
      </object_component>
      <object_component id="oc-3b5">
         <name>.debug_info</name>
         <load_address>0xabea</load_address>
         <run_address>0xabea</run_address>
         <size>0x391</size>
         <input_file_ref idref="fl-8"/>
      </object_component>
      <object_component id="oc-153">
         <name>.debug_info</name>
         <load_address>0xaf7b</load_address>
         <run_address>0xaf7b</run_address>
         <size>0x7a2</size>
         <input_file_ref idref="fl-8"/>
      </object_component>
      <object_component id="oc-31f">
         <name>.debug_info</name>
         <load_address>0xb71d</load_address>
         <run_address>0xb71d</run_address>
         <size>0x429</size>
         <input_file_ref idref="fl-8"/>
      </object_component>
      <object_component id="oc-1b5">
         <name>.debug_info</name>
         <load_address>0xbb46</load_address>
         <run_address>0xbb46</run_address>
         <size>0x102</size>
         <input_file_ref idref="fl-8"/>
      </object_component>
      <object_component id="oc-1ba">
         <name>.debug_info</name>
         <load_address>0xbc48</load_address>
         <run_address>0xbc48</run_address>
         <size>0x142</size>
         <input_file_ref idref="fl-8"/>
      </object_component>
      <object_component id="oc-1bf">
         <name>.debug_info</name>
         <load_address>0xbd8a</load_address>
         <run_address>0xbd8a</run_address>
         <size>0x285</size>
         <input_file_ref idref="fl-8"/>
      </object_component>
      <object_component id="oc-1c4">
         <name>.debug_info</name>
         <load_address>0xc00f</load_address>
         <run_address>0xc00f</run_address>
         <size>0x44a</size>
         <input_file_ref idref="fl-8"/>
      </object_component>
      <object_component id="oc-1ce">
         <name>.debug_info</name>
         <load_address>0xc459</load_address>
         <run_address>0xc459</run_address>
         <size>0x152</size>
         <input_file_ref idref="fl-8"/>
      </object_component>
      <object_component id="oc-22d">
         <name>.debug_info</name>
         <load_address>0xc5ab</load_address>
         <run_address>0xc5ab</run_address>
         <size>0x70a</size>
         <input_file_ref idref="fl-8"/>
      </object_component>
      <object_component id="oc-32b">
         <name>.debug_info</name>
         <load_address>0xccb5</load_address>
         <run_address>0xccb5</run_address>
         <size>0x35d</size>
         <input_file_ref idref="fl-a"/>
      </object_component>
      <object_component id="oc-14b">
         <name>.debug_info</name>
         <load_address>0xd012</load_address>
         <run_address>0xd012</run_address>
         <size>0x1192</size>
         <input_file_ref idref="fl-a"/>
      </object_component>
      <object_component id="oc-3b">
         <name>.debug_info</name>
         <load_address>0xe1a4</load_address>
         <run_address>0xe1a4</run_address>
         <size>0x295</size>
         <input_file_ref idref="fl-a"/>
      </object_component>
      <object_component id="oc-326">
         <name>.debug_info</name>
         <load_address>0xe439</load_address>
         <run_address>0xe439</run_address>
         <size>0x168</size>
         <input_file_ref idref="fl-a"/>
      </object_component>
      <object_component id="oc-36c">
         <name>.debug_info</name>
         <load_address>0xe5a1</load_address>
         <run_address>0xe5a1</run_address>
         <size>0x2c2</size>
         <input_file_ref idref="fl-b"/>
      </object_component>
      <object_component id="oc-166">
         <name>.debug_info</name>
         <load_address>0xe863</load_address>
         <run_address>0xe863</run_address>
         <size>0x77c</size>
         <input_file_ref idref="fl-b"/>
      </object_component>
      <object_component id="oc-49e">
         <name>.debug_info</name>
         <load_address>0xefdf</load_address>
         <run_address>0xefdf</run_address>
         <size>0x12a</size>
         <input_file_ref idref="fl-b"/>
      </object_component>
      <object_component id="oc-3ae">
         <name>.debug_info</name>
         <load_address>0xf109</load_address>
         <run_address>0xf109</run_address>
         <size>0x3b8</size>
         <input_file_ref idref="fl-c"/>
      </object_component>
      <object_component id="oc-24a">
         <name>.debug_info</name>
         <load_address>0xf4c1</load_address>
         <run_address>0xf4c1</run_address>
         <size>0xd96</size>
         <input_file_ref idref="fl-c"/>
      </object_component>
      <object_component id="oc-45">
         <name>.debug_info</name>
         <load_address>0x10257</load_address>
         <run_address>0x10257</run_address>
         <size>0x1c4</size>
         <input_file_ref idref="fl-c"/>
      </object_component>
      <object_component id="oc-18d">
         <name>.debug_info</name>
         <load_address>0x1041b</load_address>
         <run_address>0x1041b</run_address>
         <size>0x547</size>
         <input_file_ref idref="fl-c"/>
      </object_component>
      <object_component id="oc-3d0">
         <name>.debug_info</name>
         <load_address>0x10962</load_address>
         <run_address>0x10962</run_address>
         <size>0x44e</size>
         <input_file_ref idref="fl-c"/>
      </object_component>
      <object_component id="oc-183">
         <name>.debug_info</name>
         <load_address>0x10db0</load_address>
         <run_address>0x10db0</run_address>
         <size>0x5c4</size>
         <input_file_ref idref="fl-e"/>
      </object_component>
      <object_component id="oc-17d">
         <name>.debug_info</name>
         <load_address>0x11374</load_address>
         <run_address>0x11374</run_address>
         <size>0x294</size>
         <input_file_ref idref="fl-e"/>
      </object_component>
      <object_component id="oc-b9">
         <name>.debug_info</name>
         <load_address>0x11608</load_address>
         <run_address>0x11608</run_address>
         <size>0xb20</size>
         <input_file_ref idref="fl-e"/>
      </object_component>
      <object_component id="oc-395">
         <name>.debug_info</name>
         <load_address>0x12128</load_address>
         <run_address>0x12128</run_address>
         <size>0x306</size>
         <input_file_ref idref="fl-e"/>
      </object_component>
      <object_component id="oc-39f">
         <name>.debug_info</name>
         <load_address>0x1242e</load_address>
         <run_address>0x1242e</run_address>
         <size>0xadd</size>
         <input_file_ref idref="fl-e"/>
      </object_component>
      <object_component id="oc-3a9">
         <name>.debug_info</name>
         <load_address>0x12f0b</load_address>
         <run_address>0x12f0b</run_address>
         <size>0xcc</size>
         <input_file_ref idref="fl-e"/>
      </object_component>
      <object_component id="oc-381">
         <name>.debug_info</name>
         <load_address>0x12fd7</load_address>
         <run_address>0x12fd7</run_address>
         <size>0x2c</size>
         <input_file_ref idref="fl-e"/>
      </object_component>
      <object_component id="oc-186">
         <name>.debug_info</name>
         <load_address>0x13003</load_address>
         <run_address>0x13003</run_address>
         <size>0x6eb</size>
         <input_file_ref idref="fl-e"/>
      </object_component>
      <object_component id="oc-3bf">
         <name>.debug_info</name>
         <load_address>0x136ee</load_address>
         <run_address>0x136ee</run_address>
         <size>0x1d4</size>
         <input_file_ref idref="fl-e"/>
      </object_component>
      <object_component id="oc-50f">
         <name>.debug_info</name>
         <load_address>0x138c2</load_address>
         <run_address>0x138c2</run_address>
         <size>0x2c4</size>
         <input_file_ref idref="fl-f"/>
      </object_component>
      <object_component id="oc-319">
         <name>.debug_info</name>
         <load_address>0x13b86</load_address>
         <run_address>0x13b86</run_address>
         <size>0x136</size>
         <input_file_ref idref="fl-f"/>
      </object_component>
      <object_component id="oc-47c">
         <name>.debug_info</name>
         <load_address>0x13cbc</load_address>
         <run_address>0x13cbc</run_address>
         <size>0x199</size>
         <input_file_ref idref="fl-f"/>
      </object_component>
      <object_component id="oc-3be">
         <name>.debug_info</name>
         <load_address>0x13e55</load_address>
         <run_address>0x13e55</run_address>
         <size>0x31d</size>
         <input_file_ref idref="fl-10"/>
      </object_component>
      <object_component id="oc-23e">
         <name>.debug_info</name>
         <load_address>0x14172</load_address>
         <run_address>0x14172</run_address>
         <size>0x118a</size>
         <input_file_ref idref="fl-10"/>
      </object_component>
      <object_component id="oc-4a">
         <name>.debug_info</name>
         <load_address>0x152fc</load_address>
         <run_address>0x152fc</run_address>
         <size>0x30d</size>
         <input_file_ref idref="fl-10"/>
      </object_component>
      <object_component id="oc-3ce">
         <name>.debug_info</name>
         <load_address>0x15609</load_address>
         <run_address>0x15609</run_address>
         <size>0x30f</size>
         <input_file_ref idref="fl-11"/>
      </object_component>
      <object_component id="oc-3cb">
         <name>.debug_info</name>
         <load_address>0x15918</load_address>
         <run_address>0x15918</run_address>
         <size>0xf7</size>
         <input_file_ref idref="fl-11"/>
      </object_component>
      <object_component id="oc-244">
         <name>.debug_info</name>
         <load_address>0x15a0f</load_address>
         <run_address>0x15a0f</run_address>
         <size>0xd3f</size>
         <input_file_ref idref="fl-11"/>
      </object_component>
      <object_component id="oc-504">
         <name>.debug_info</name>
         <load_address>0x1674e</load_address>
         <run_address>0x1674e</run_address>
         <size>0x91</size>
         <input_file_ref idref="fl-11"/>
      </object_component>
      <object_component id="oc-96">
         <name>.debug_info</name>
         <load_address>0x167df</load_address>
         <run_address>0x167df</run_address>
         <size>0x89c</size>
         <input_file_ref idref="fl-12"/>
      </object_component>
      <object_component id="oc-50">
         <name>.debug_info</name>
         <load_address>0x1707b</load_address>
         <run_address>0x1707b</run_address>
         <size>0x11e</size>
         <input_file_ref idref="fl-14"/>
      </object_component>
      <object_component id="oc-158">
         <name>.debug_info</name>
         <load_address>0x17199</load_address>
         <run_address>0x17199</run_address>
         <size>0x48d</size>
         <input_file_ref idref="fl-15"/>
      </object_component>
      <object_component id="oc-50e">
         <name>.debug_info</name>
         <load_address>0x17626</load_address>
         <run_address>0x17626</run_address>
         <size>0x305</size>
         <input_file_ref idref="fl-16"/>
      </object_component>
      <object_component id="oc-477">
         <name>.debug_info</name>
         <load_address>0x1792b</load_address>
         <run_address>0x1792b</run_address>
         <size>0x457</size>
         <input_file_ref idref="fl-16"/>
      </object_component>
      <object_component id="oc-55">
         <name>.debug_info</name>
         <load_address>0x17d82</load_address>
         <run_address>0x17d82</run_address>
         <size>0x157</size>
         <input_file_ref idref="fl-17"/>
      </object_component>
      <object_component id="oc-be">
         <name>.debug_info</name>
         <load_address>0x17ed9</load_address>
         <run_address>0x17ed9</run_address>
         <size>0xa0f</size>
         <input_file_ref idref="fl-1a"/>
      </object_component>
      <object_component id="oc-28">
         <name>.debug_info</name>
         <load_address>0x188e8</load_address>
         <run_address>0x188e8</run_address>
         <size>0x28d</size>
         <input_file_ref idref="fl-1a"/>
      </object_component>
      <object_component id="oc-b2">
         <name>.debug_info</name>
         <load_address>0x18b75</load_address>
         <run_address>0x18b75</run_address>
         <size>0x23f</size>
         <input_file_ref idref="fl-1a"/>
      </object_component>
      <object_component id="oc-192">
         <name>.debug_info</name>
         <load_address>0x18db4</load_address>
         <run_address>0x18db4</run_address>
         <size>0x795</size>
         <input_file_ref idref="fl-1a"/>
      </object_component>
      <object_component id="oc-197">
         <name>.debug_info</name>
         <load_address>0x19549</load_address>
         <run_address>0x19549</run_address>
         <size>0x306</size>
         <input_file_ref idref="fl-1a"/>
      </object_component>
      <object_component id="oc-19c">
         <name>.debug_info</name>
         <load_address>0x1984f</load_address>
         <run_address>0x1984f</run_address>
         <size>0xb13</size>
         <input_file_ref idref="fl-1a"/>
      </object_component>
      <object_component id="oc-1a1">
         <name>.debug_info</name>
         <load_address>0x1a362</load_address>
         <run_address>0x1a362</run_address>
         <size>0x591</size>
         <input_file_ref idref="fl-1a"/>
      </object_component>
      <object_component id="oc-c1">
         <name>.debug_info</name>
         <load_address>0x1a8f3</load_address>
         <run_address>0x1a8f3</run_address>
         <size>0xb1a</size>
         <input_file_ref idref="fl-1a"/>
      </object_component>
      <object_component id="oc-1a6">
         <name>.debug_info</name>
         <load_address>0x1b40d</load_address>
         <run_address>0x1b40d</run_address>
         <size>0x18c</size>
         <input_file_ref idref="fl-1a"/>
      </object_component>
      <object_component id="oc-1b0">
         <name>.debug_info</name>
         <load_address>0x1b599</load_address>
         <run_address>0x1b599</run_address>
         <size>0x102</size>
         <input_file_ref idref="fl-1a"/>
      </object_component>
      <object_component id="oc-1d3">
         <name>.debug_info</name>
         <load_address>0x1b69b</load_address>
         <run_address>0x1b69b</run_address>
         <size>0x222</size>
         <input_file_ref idref="fl-1a"/>
      </object_component>
      <object_component id="oc-214">
         <name>.debug_info</name>
         <load_address>0x1b8bd</load_address>
         <run_address>0x1b8bd</run_address>
         <size>0x4a3</size>
         <input_file_ref idref="fl-1a"/>
      </object_component>
      <object_component id="oc-1d8">
         <name>.debug_info</name>
         <load_address>0x1bd60</load_address>
         <run_address>0x1bd60</run_address>
         <size>0x4d2</size>
         <input_file_ref idref="fl-1a"/>
      </object_component>
      <object_component id="oc-1dd">
         <name>.debug_info</name>
         <load_address>0x1c232</load_address>
         <run_address>0x1c232</run_address>
         <size>0x1ca</size>
         <input_file_ref idref="fl-1a"/>
      </object_component>
      <object_component id="oc-1e2">
         <name>.debug_info</name>
         <load_address>0x1c3fc</load_address>
         <run_address>0x1c3fc</run_address>
         <size>0x285</size>
         <input_file_ref idref="fl-1a"/>
      </object_component>
      <object_component id="oc-1e7">
         <name>.debug_info</name>
         <load_address>0x1c681</load_address>
         <run_address>0x1c681</run_address>
         <size>0x3f6</size>
         <input_file_ref idref="fl-1a"/>
      </object_component>
      <object_component id="oc-1ec">
         <name>.debug_info</name>
         <load_address>0x1ca77</load_address>
         <run_address>0x1ca77</run_address>
         <size>0x1d1</size>
         <input_file_ref idref="fl-1a"/>
      </object_component>
      <object_component id="oc-1f1">
         <name>.debug_info</name>
         <load_address>0x1cc48</load_address>
         <run_address>0x1cc48</run_address>
         <size>0x152</size>
         <input_file_ref idref="fl-1a"/>
      </object_component>
      <object_component id="oc-1f6">
         <name>.debug_info</name>
         <load_address>0x1cd9a</load_address>
         <run_address>0x1cd9a</run_address>
         <size>0x1de</size>
         <input_file_ref idref="fl-1a"/>
      </object_component>
      <object_component id="oc-1fb">
         <name>.debug_info</name>
         <load_address>0x1cf78</load_address>
         <run_address>0x1cf78</run_address>
         <size>0x2af</size>
         <input_file_ref idref="fl-1a"/>
      </object_component>
      <object_component id="oc-200">
         <name>.debug_info</name>
         <load_address>0x1d227</load_address>
         <run_address>0x1d227</run_address>
         <size>0x1ab</size>
         <input_file_ref idref="fl-1a"/>
      </object_component>
      <object_component id="oc-205">
         <name>.debug_info</name>
         <load_address>0x1d3d2</load_address>
         <run_address>0x1d3d2</run_address>
         <size>0x29b</size>
         <input_file_ref idref="fl-1a"/>
      </object_component>
      <object_component id="oc-20a">
         <name>.debug_info</name>
         <load_address>0x1d66d</load_address>
         <run_address>0x1d66d</run_address>
         <size>0xee</size>
         <input_file_ref idref="fl-1a"/>
      </object_component>
      <object_component id="oc-20f">
         <name>.debug_info</name>
         <load_address>0x1d75b</load_address>
         <run_address>0x1d75b</run_address>
         <size>0x116</size>
         <input_file_ref idref="fl-1a"/>
      </object_component>
      <object_component id="oc-219">
         <name>.debug_info</name>
         <load_address>0x1d871</load_address>
         <run_address>0x1d871</run_address>
         <size>0x1b6</size>
         <input_file_ref idref="fl-1a"/>
      </object_component>
      <object_component id="oc-21e">
         <name>.debug_info</name>
         <load_address>0x1da27</load_address>
         <run_address>0x1da27</run_address>
         <size>0x36d</size>
         <input_file_ref idref="fl-1a"/>
      </object_component>
      <object_component id="oc-228">
         <name>.debug_info</name>
         <load_address>0x1dd94</load_address>
         <run_address>0x1dd94</run_address>
         <size>0x1b6</size>
         <input_file_ref idref="fl-1a"/>
      </object_component>
      <object_component id="oc-d4">
         <name>.debug_info</name>
         <load_address>0x1df4a</load_address>
         <run_address>0x1df4a</run_address>
         <size>0x580</size>
         <input_file_ref idref="fl-1b"/>
      </object_component>
      <object_component id="oc-41">
         <name>.debug_info</name>
         <load_address>0x1e4ca</load_address>
         <run_address>0x1e4ca</run_address>
         <size>0xf1</size>
         <input_file_ref idref="fl-1b"/>
      </object_component>
      <object_component id="oc-5c">
         <name>.debug_info</name>
         <load_address>0x1e5bb</load_address>
         <run_address>0x1e5bb</run_address>
         <size>0x4c9</size>
         <input_file_ref idref="fl-1b"/>
      </object_component>
      <object_component id="oc-61">
         <name>.debug_info</name>
         <load_address>0x1ea84</load_address>
         <run_address>0x1ea84</run_address>
         <size>0x214</size>
         <input_file_ref idref="fl-1b"/>
      </object_component>
      <object_component id="oc-266">
         <name>.debug_info</name>
         <load_address>0x1ec98</load_address>
         <run_address>0x1ec98</run_address>
         <size>0x4f</size>
         <input_file_ref idref="fl-1b"/>
      </object_component>
      <object_component id="oc-324">
         <name>.debug_info</name>
         <load_address>0x1ece7</load_address>
         <run_address>0x1ece7</run_address>
         <size>0x3f3</size>
         <input_file_ref idref="fl-1c"/>
      </object_component>
      <object_component id="oc-145">
         <name>.debug_info</name>
         <load_address>0x1f0da</load_address>
         <run_address>0x1f0da</run_address>
         <size>0x5e9</size>
         <input_file_ref idref="fl-1c"/>
      </object_component>
      <object_component id="oc-9b">
         <name>.debug_info</name>
         <load_address>0x1f6c3</load_address>
         <run_address>0x1f6c3</run_address>
         <size>0x5b7</size>
         <input_file_ref idref="fl-22"/>
      </object_component>
      <object_component id="oc-f4">
         <name>.debug_info</name>
         <load_address>0x1fc7a</load_address>
         <run_address>0x1fc7a</run_address>
         <size>0x489</size>
         <input_file_ref idref="fl-23"/>
      </object_component>
      <object_component id="oc-f1">
         <name>.debug_info</name>
         <load_address>0x20103</load_address>
         <run_address>0x20103</run_address>
         <size>0x140</size>
         <input_file_ref idref="fl-23"/>
      </object_component>
      <object_component id="oc-6b">
         <name>.debug_info</name>
         <load_address>0x20243</load_address>
         <run_address>0x20243</run_address>
         <size>0x776</size>
         <input_file_ref idref="fl-23"/>
      </object_component>
      <object_component id="oc-67">
         <name>.debug_info</name>
         <load_address>0x209b9</load_address>
         <run_address>0x209b9</run_address>
         <size>0x359</size>
         <input_file_ref idref="fl-23"/>
      </object_component>
      <object_component id="oc-275">
         <name>.debug_info</name>
         <load_address>0x20d12</load_address>
         <run_address>0x20d12</run_address>
         <size>0x795</size>
         <input_file_ref idref="fl-23"/>
      </object_component>
      <object_component id="oc-27a">
         <name>.debug_info</name>
         <load_address>0x214a7</load_address>
         <run_address>0x214a7</run_address>
         <size>0x306</size>
         <input_file_ref idref="fl-23"/>
      </object_component>
      <object_component id="oc-27f">
         <name>.debug_info</name>
         <load_address>0x217ad</load_address>
         <run_address>0x217ad</run_address>
         <size>0xb13</size>
         <input_file_ref idref="fl-23"/>
      </object_component>
      <object_component id="oc-284">
         <name>.debug_info</name>
         <load_address>0x222c0</load_address>
         <run_address>0x222c0</run_address>
         <size>0x591</size>
         <input_file_ref idref="fl-23"/>
      </object_component>
      <object_component id="oc-fa">
         <name>.debug_info</name>
         <load_address>0x22851</load_address>
         <run_address>0x22851</run_address>
         <size>0xb1a</size>
         <input_file_ref idref="fl-23"/>
      </object_component>
      <object_component id="oc-304">
         <name>.debug_info</name>
         <load_address>0x2336b</load_address>
         <run_address>0x2336b</run_address>
         <size>0xa1</size>
         <input_file_ref idref="fl-23"/>
      </object_component>
      <object_component id="oc-310">
         <name>.debug_info</name>
         <load_address>0x2340c</load_address>
         <run_address>0x2340c</run_address>
         <size>0x305</size>
         <input_file_ref idref="fl-23"/>
      </object_component>
      <object_component id="oc-289">
         <name>.debug_info</name>
         <load_address>0x23711</load_address>
         <run_address>0x23711</run_address>
         <size>0x18c</size>
         <input_file_ref idref="fl-23"/>
      </object_component>
      <object_component id="oc-26c">
         <name>.debug_info</name>
         <load_address>0x2389d</load_address>
         <run_address>0x2389d</run_address>
         <size>0x18b</size>
         <input_file_ref idref="fl-23"/>
      </object_component>
      <object_component id="oc-eb">
         <name>.debug_info</name>
         <load_address>0x23a28</load_address>
         <run_address>0x23a28</run_address>
         <size>0xae</size>
         <input_file_ref idref="fl-23"/>
      </object_component>
      <object_component id="oc-28e">
         <name>.debug_info</name>
         <load_address>0x23ad6</load_address>
         <run_address>0x23ad6</run_address>
         <size>0x102</size>
         <input_file_ref idref="fl-23"/>
      </object_component>
      <object_component id="oc-293">
         <name>.debug_info</name>
         <load_address>0x23bd8</load_address>
         <run_address>0x23bd8</run_address>
         <size>0x222</size>
         <input_file_ref idref="fl-23"/>
      </object_component>
      <object_component id="oc-2d9">
         <name>.debug_info</name>
         <load_address>0x23dfa</load_address>
         <run_address>0x23dfa</run_address>
         <size>0x4a3</size>
         <input_file_ref idref="fl-23"/>
      </object_component>
      <object_component id="oc-298">
         <name>.debug_info</name>
         <load_address>0x2429d</load_address>
         <run_address>0x2429d</run_address>
         <size>0x4d2</size>
         <input_file_ref idref="fl-23"/>
      </object_component>
      <object_component id="oc-13a">
         <name>.debug_info</name>
         <load_address>0x2476f</load_address>
         <run_address>0x2476f</run_address>
         <size>0x2e2</size>
[...]
         <value>0xac84</value>
         <object_component_ref idref="oc-9a"/>
      </symbol>
      <symbol id="sm-7d9">
         <name>_SL_Disable_IRQ</name>
         <value>0xac28</value>
         <object_component_ref idref="oc-9a"/>
      </symbol>
      <symbol id="sm-7da">
         <name>_SL_Get_DataFault_Status</name>
         <value>0xac74</value>
         <object_component_ref idref="oc-9a"/>
      </symbol>
      <symbol id="sm-7db">
         <name>_SL_Get_ARM_Mode</name>
         <value>0xac68</value>
         <object_component_ref idref="oc-9a"/>
      </symbol>
      <symbol id="sm-7dc">
         <name>_SL_Barrier_Data_Access</name>
         <value>0xae3c</value>
         <object_component_ref idref="oc-9a"/>
      </symbol>
      <symbol id="sm-7dd">
         <name>_SL_Kickoff_STC_execution</name>
         <value>0xadfc</value>
         <object_component_ref idref="oc-9a"/>
      </symbol>
      <symbol id="sm-7de">
         <name>_SL_Restore_IRQ</name>
         <value>0xac48</value>
         <object_component_ref idref="oc-9a"/>
      </symbol>
      <symbol id="sm-7df">
         <name>SL_Init_StackPointers</name>
         <value>0xadac</value>
         <object_component_ref idref="oc-9a"/>
      </symbol>
      <symbol id="sm-7e0">
         <name>_SL_Init_EnableEventExport</name>
         <value>0xac10</value>
         <object_component_ref idref="oc-9a"/>
      </symbol>
      <symbol id="sm-7e1">
         <name>_SL_Get_DataFault_Address</name>
         <value>0xac7c</value>
         <object_component_ref idref="oc-9a"/>
      </symbol>
      <symbol id="sm-8d7">
         <name>SL_ESM_Init</name>
         <value>0x8d04</value>
         <object_component_ref idref="oc-6a"/>
      </symbol>
      <symbol id="sm-8d8">
         <name>SL_ESM_nERROR_Active</name>
         <value>0x8cec</value>
         <object_component_ref idref="oc-6a"/>
      </symbol>
      <symbol id="sm-8f4">
         <name>SL_Init_ECCTCMRAM</name>
         <value>0xb90c</value>
         <object_component_ref idref="oc-9f"/>
      </symbol>
      <symbol id="sm-8f5">
         <name>SL_Init_Memory</name>
         <value>0xb8c0</value>
         <object_component_ref idref="oc-9f"/>
      </symbol>
      <symbol id="sm-8f6">
         <name>SL_Init_ResetReason_XInfo</name>
         <value>0xb7ec</value>
         <object_component_ref idref="oc-9f"/>
      </symbol>
      <symbol id="sm-8f7">
         <name>SL_Init_ResetReason</name>
         <value>0xb7f4</value>
         <object_component_ref idref="oc-9f"/>
      </symbol>
      <symbol id="sm-8f8">
         <name>SL_Init_ECCFlash</name>
         <value>0xb91c</value>
         <object_component_ref idref="oc-9f"/>
      </symbol>
      <symbol id="sm-920">
         <name>_SL_SelfTest_adcStartConversion_selChn</name>
         <value>0xae48</value>
         <object_component_ref idref="oc-a5"/>
      </symbol>
      <symbol id="sm-921">
         <name>SL_FLAG_GET</name>
         <value>0xb004</value>
         <object_component_ref idref="oc-a5"/>
      </symbol>
      <symbol id="sm-922">
         <name>_SL_HoldNClear_nError</name>
         <value>0xafac</value>
         <object_component_ref idref="oc-a5"/>
      </symbol>
      <symbol id="sm-923">
         <name>sl_priv_flag_set</name>
         <value>0x8001a80</value>
         <object_component_ref idref="oc-11e"/>
      </symbol>
      <symbol id="sm-924">
         <name>SL_FLAG_SET</name>
         <value>0xafec</value>
         <object_component_ref idref="oc-a5"/>
      </symbol>
      <symbol id="sm-925">
         <name>SL_FLAG_CLEAR</name>
         <value>0xb018</value>
         <object_component_ref idref="oc-a5"/>
      </symbol>
      <symbol id="sm-926">
         <name>_SL_SelfTest_adcIsConversionComplete</name>
         <value>0xae78</value>
         <object_component_ref idref="oc-a5"/>
      </symbol>
      <symbol id="sm-927">
         <name>_SL_SelfTest_adcGetSingleData</name>
         <value>0xaea4</value>
         <object_component_ref idref="oc-a5"/>
      </symbol>
      <symbol id="sm-928">
         <name>_SL_Approximate_value</name>
         <value>0xafcc</value>
         <object_component_ref idref="oc-a5"/>
      </symbol>
      <symbol id="sm-929">
         <name>_SL_SelfTest_SRAM_RAD</name>
         <value>0xaef4</value>
         <object_component_ref idref="oc-a5"/>
      </symbol>
      <symbol id="sm-ae0">
         <name>g_MemIntrCnt_retVal</name>
         <value>0x8001a73</value>
      </symbol>
      <symbol id="sm-ae1">
         <name>g_MemIntrCnt_reserved_word</name>
         <value>0x8001a44</value>
      </symbol>
      <symbol id="sm-ae2">
         <name>g_MainPeriphIntrCnt_retVal</name>
         <value>0x8001a72</value>
      </symbol>
      <symbol id="sm-ae3">
         <name>g_MainPeriphIntrCnt_flag</name>
         <value>0x8001a71</value>
      </symbol>
      <symbol id="sm-ae4">
         <name>g_MainPeriphIntrCnt_reserved_word</name>
         <value>0x8001a40</value>
      </symbol>
      <symbol id="sm-ae5">
         <name>g_PeriphSegIntrCnt_retVal</name>
         <value>0x8001a74</value>
      </symbol>
      <symbol id="sm-ae6">
         <name>g_PeriphSegIntrCnt_reserved_word_read</name>
         <value>0x8001a60</value>
      </symbol>
      <symbol id="sm-ae7">
         <name>g_PeriphSegIntrCnt_protected_word_read</name>
         <value>0x8001a58</value>
      </symbol>
      <symbol id="sm-ae8">
         <name>g_PeriphSegIntrCnt_pcrprot_bit</name>
         <value>0x8001a48</value>
      </symbol>
      <symbol id="sm-ae9">
         <name>g_PeriphSegIntrCnt_reserved_word_location</name>
         <value>0x8001a5c</value>
      </symbol>
      <symbol id="sm-aea">
         <name>g_PeriphSegIntrCnt_protected_word_location</name>
         <value>0x8001a54</value>
      </symbol>
      <symbol id="sm-aeb">
         <name>g_PeriphSegIntrCnt_pcrprotset_reg</name>
         <value>0x8001a50</value>
      </symbol>
      <symbol id="sm-aec">
         <name>g_PeriphSegIntrCnt_pcrprotclr_reg</name>
         <value>0x8001a4c</value>
      </symbol>
      <symbol id="sm-aed">
         <name>g_sl_pcrREG</name>
         <value>0x8001a64</value>
      </symbol>
      <symbol id="sm-aee">
         <name>SL_adcCalibration</name>
         <value>0x3a0</value>
         <object_component_ref idref="oc-ab"/>
      </symbol>
      <symbol id="sm-aef">
         <name>SL_SelfTest_EFuse</name>
         <value>0x1ef4</value>
         <object_component_ref idref="oc-ab"/>
      </symbol>
      <symbol id="sm-af0">
         <name>SL_mibspiTransfer</name>
         <value>0x274</value>
         <object_component_ref idref="oc-ab"/>
      </symbol>
      <symbol id="sm-af1">
         <name>SL_SelfTest_PeripheralSegmentInterconnect</name>
         <value>0x103c</value>
         <object_component_ref idref="oc-ab"/>
      </symbol>
      <symbol id="sm-af2">
         <name>sl_dmaSetChEnable</name>
         <value>0x154</value>
         <object_component_ref idref="oc-ab"/>
      </symbol>
      <symbol id="sm-af3">
         <name>SL_SelfTest_Status_CCMR5F</name>
         <value>0x574</value>
         <object_component_ref idref="oc-ab"/>
      </symbol>
      <symbol id="sm-af4">
         <name>SL_SelfTest_Status_MemIntrcntSelftest</name>
         <value>0xc44</value>
         <object_component_ref idref="oc-ab"/>
      </symbol>
      <symbol id="sm-af5">
         <name>SL_SelfTest_Status_PSCON</name>
         <value>0xaf8</value>
         <object_component_ref idref="oc-ab"/>
      </symbol>
      <symbol id="sm-af6">
         <name>SL_SelfTest_CAN</name>
         <value>0x2550</value>
         <object_component_ref idref="oc-ab"/>
      </symbol>
      <symbol id="sm-af7">
         <name>vimTestFlag</name>
         <value>0x8001ae0</value>
         <object_component_ref idref="oc-f6"/>
      </symbol>
      <symbol id="sm-af8">
         <name>SL_SelfTest_PBIST</name>
         <value>0x14e0</value>
         <object_component_ref idref="oc-ab"/>
      </symbol>
      <symbol id="sm-af9">
         <name>sl_dmaSetCtrlPacket</name>
         <value>0x70</value>
         <object_component_ref idref="oc-ab"/>
      </symbol>
      <symbol id="sm-afa">
         <name>SL_SelfTest_STC</name>
         <value>0xce4</value>
         <object_component_ref idref="oc-ab"/>
      </symbol>
      <symbol id="sm-afb">
         <name>SL_SelfTest_CCMR5F</name>
         <value>0x694</value>
         <object_component_ref idref="oc-ab"/>
      </symbol>
      <symbol id="sm-afc">
         <name>SL_mibspiGetData</name>
         <value>0x310</value>
         <object_component_ref idref="oc-ab"/>
      </symbol>
      <symbol id="sm-afd">
         <name>SL_SelfTest_PSCON</name>
         <value>0x1264</value>
         <object_component_ref idref="oc-ab"/>
      </symbol>
      <symbol id="sm-afe">
         <name>sl_dmaSetProtectedRegion</name>
         <value>0x240</value>
         <object_component_ref idref="oc-ab"/>
      </symbol>
      <symbol id="sm-aff">
         <name>SL_mibspiSetData</name>
         <value>0x288</value>
         <object_component_ref idref="oc-ab"/>
      </symbol>
      <symbol id="sm-b00">
         <name>sramEccTestBuff</name>
         <value>0x8001ac0</value>
         <object_component_ref idref="oc-f6"/>
      </symbol>
      <symbol id="sm-b01">
         <name>SL_SelfTest_SRAM</name>
         <value>0xdd4</value>
         <object_component_ref idref="oc-ab"/>
      </symbol>
      <symbol id="sm-b02">
         <name>SL_SelfTest_WaitCompletion_PBIST</name>
         <value>0x558</value>
         <object_component_ref idref="oc-ab"/>
      </symbol>
      <symbol id="sm-b03">
         <name>SL_SelfTest_Status_EFuse</name>
         <value>0xc5c</value>
         <object_component_ref idref="oc-ab"/>
      </symbol>
      <symbol id="sm-b04">
         <name>SL_mibspiEnableLoopback</name>
         <value>0x388</value>
         <object_component_ref idref="oc-ab"/>
      </symbol>
      <symbol id="sm-b05">
         <name>SL_SelfTest_PBIST_StopExec</name>
         <value>0xb4c</value>
         <object_component_ref idref="oc-ab"/>
      </symbol>
      <symbol id="sm-b06">
         <name>SL_SelfTest_Status_STC</name>
         <value>0xa60</value>
         <object_component_ref idref="oc-ab"/>
      </symbol>
      <symbol id="sm-b07">
         <name>SL_SelfTest_Status_PBIST</name>
         <value>0xb70</value>
         <object_component_ref idref="oc-ab"/>
      </symbol>
      <symbol id="sm-b08">
         <name>SL_SelfTest_MibSPI</name>
         <value>0x1680</value>
         <object_component_ref idref="oc-ab"/>
      </symbol>
      <symbol id="sm-b09">
         <name>SL_SelfTest_ADC</name>
         <value>0x29e0</value>
         <object_component_ref idref="oc-ab"/>
      </symbol>
      <symbol id="sm-b0a">
         <name>sl_dmaConfigCtrlPacket</name>
         <value>0x20</value>
         <object_component_ref idref="oc-ab"/>
      </symbol>
      <symbol id="sm-b0b">
         <name>sl_dmaSoftwrTestConfig</name>
         <value>0x170</value>
         <object_component_ref idref="oc-ab"/>
      </symbol>
      <symbol id="sm-b0c">
         <name>SL_SelfTest_DMA</name>
         <value>0x20bc</value>
         <object_component_ref idref="oc-ab"/>
      </symbol>
      <symbol id="sm-b0d">
         <name>SL_SelfTest_MemoryInterconnect</name>
         <value>0x1ce0</value>
         <object_component_ref idref="oc-ab"/>
      </symbol>
      <symbol id="sm-b0e">
         <name>SL_SelfTest_MainPeripheralInterconnect</name>
         <value>0x1e20</value>
         <object_component_ref idref="oc-ab"/>
      </symbol>
      <symbol id="sm-b0f">
         <name>SL_mibspiIsTransferComplete</name>
         <value>0x2e0</value>
         <object_component_ref idref="oc-ab"/>
      </symbol>
      <symbol id="sm-b10">
         <name>SL_SelfTest_VIM</name>
         <value>0x9c0</value>
         <object_component_ref idref="oc-ab"/>
      </symbol>
      <symbol id="sm-b2f">
         <name>SL_Log_Error</name>
         <value>0xc788</value>
         <object_component_ref idref="oc-123"/>
      </symbol>
      <symbol id="sm-b30">
         <name>_SL_Log_Error_Buffer</name>
         <value>0x8001800</value>
         <object_component_ref idref="oc-30c"/>
      </symbol>
      <symbol id="sm-b31">
         <name>_SL_Log_Error_Index</name>
         <value>0x8001984</value>
         <object_component_ref idref="oc-309"/>
      </symbol>
      <symbol id="sm-b5b">
         <name>floorl</name>
         <value>0xbbb0</value>
         <object_component_ref idref="oc-3c4"/>
      </symbol>
      <symbol id="sm-b5c">
         <name>floor</name>
         <value>0xbbb0</value>
         <object_component_ref idref="oc-3c4"/>
      </symbol>
      <symbol id="sm-b75">
         <name>memcpy</name>
         <value>0xb3c4</value>
         <object_component_ref idref="oc-7d"/>
      </symbol>
      <symbol id="sm-b76">
         <name>__aeabi_memcpy</name>
         <value>0xb3c4</value>
         <object_component_ref idref="oc-7d"/>
      </symbol>
      <symbol id="sm-b77">
         <name>__aeabi_memcpy8</name>
         <value>0xb3c4</value>
         <object_component_ref idref="oc-7d"/>
      </symbol>
      <symbol id="sm-b78">
         <name>__aeabi_memcpy4</name>
         <value>0xb3c4</value>
         <object_component_ref idref="oc-7d"/>
      </symbol>
      <symbol id="sm-b87">
         <name>__aeabi_memset</name>
         <value>0xc1dc</value>
         <object_component_ref idref="oc-114"/>
      </symbol>
      <symbol id="sm-b88">
         <name>memset</name>
         <value>0xc1e8</value>
         <object_component_ref idref="oc-114"/>
      </symbol>
      <symbol id="sm-b89">
         <name>__aeabi_memset8</name>
         <value>0xc1dc</value>
         <object_component_ref idref="oc-114"/>
      </symbol>
      <symbol id="sm-b8a">
         <name>__aeabi_memset4</name>
         <value>0xc1dc</value>
         <object_component_ref idref="oc-114"/>
      </symbol>
      <symbol id="sm-b8b">
         <name>__aeabi_memclr8</name>
         <value>0xc1d8</value>
         <object_component_ref idref="oc-114"/>
      </symbol>
      <symbol id="sm-b8c">
         <name>__aeabi_memclr4</name>
         <value>0xc1d8</value>
         <object_component_ref idref="oc-114"/>
      </symbol>
      <symbol id="sm-b8d">
         <name>__aeabi_memclr</name>
         <value>0xc1d8</value>
         <object_component_ref idref="oc-114"/>
      </symbol>
      <symbol id="sm-bb5">
         <name>__TI_auto_init_nobinit_nopinit</name>
         <value>0xc658</value>
         <object_component_ref idref="oc-32e"/>
      </symbol>
      <symbol id="sm-bce">
         <name>__TI_zero_init_nomemset</name>
         <value>0xc954</value>
         <object_component_ref idref="oc-89"/>
      </symbol>
      <symbol id="sm-be5">
         <name>__TI_decompress_none</name>
         <value>0xc9a8</value>
         <object_component_ref idref="oc-20"/>
      </symbol>
      <symbol id="sm-c08">
         <name>__TI_decompress_lzss</name>
         <value>0xc3c4</value>
         <object_component_ref idref="oc-1a"/>
      </symbol>
      <symbol id="sm-c13">
         <name>C$$EXIT</name>
         <value>0xc9c8</value>
         <object_component_ref idref="oc-35e"/>
      </symbol>
      <symbol id="sm-c14">
         <name>abort</name>
         <value>0xc9c8</value>
         <object_component_ref idref="oc-35e"/>
      </symbol>
      <symbol id="sm-c3c">
         <name>sprintf</name>
         <value>0xc724</value>
         <object_component_ref idref="oc-16a"/>
      </symbol>
      <symbol id="sm-c4a">
         <name>strlen</name>
         <value>0xc974</value>
         <object_component_ref idref="oc-170"/>
      </symbol>
      <symbol id="sm-d8f">
         <name>__TI_printfi</name>
         <value>0x2bf0</value>
         <object_component_ref idref="oc-36d"/>
      </symbol>
      <symbol id="sm-da2">
         <name>atoi</name>
         <value>0xc4e0</value>
         <object_component_ref idref="oc-4a3"/>
      </symbol>
      <symbol id="sm-dad">
         <name>_ctypes_</name>
         <value>0xcbd8</value>
         <object_component_ref idref="oc-531"/>
      </symbol>
      <symbol id="sm-dbb">
         <name>ltoa</name>
         <value>0xc564</value>
         <object_component_ref idref="oc-541"/>
      </symbol>
      <symbol id="sm-dca">
         <name>memccpy</name>
         <value>0xc8bc</value>
         <object_component_ref idref="oc-4c7"/>
      </symbol>
      <symbol id="sm-dd8">
         <name>strchr</name>
         <value>0xc8e8</value>
         <object_component_ref idref="oc-56e"/>
      </symbol>
      <symbol id="sm-df0">
         <name>wcslen</name>
         <value>0xc910</value>
         <object_component_ref idref="oc-4cd"/>
      </symbol>
      <symbol id="sm-e0d">
         <name>frexpl</name>
         <value>0xc454</value>
         <object_component_ref idref="oc-562"/>
      </symbol>
      <symbol id="sm-e0e">
         <name>frexp</name>
         <value>0xc454</value>
         <object_component_ref idref="oc-562"/>
      </symbol>
      <symbol id="sm-e28">
         <name>scalbn</name>
         <value>0xbe18</value>
         <object_component_ref idref="oc-568"/>
      </symbol>
      <symbol id="sm-e29">
         <name>scalbnl</name>
         <value>0xbe18</value>
         <object_component_ref idref="oc-568"/>
      </symbol>
      <symbol id="sm-e2a">
         <name>ldexpl</name>
         <value>0xbe18</value>
         <object_component_ref idref="oc-568"/>
      </symbol>
      <symbol id="sm-e2b">
         <name>ldexp</name>
         <value>0xbe18</value>
         <object_component_ref idref="oc-568"/>
      </symbol>
      <symbol id="sm-e37">
         <name>__aeabi_idivmod</name>
         <value>0xc7e8</value>
         <object_component_ref idref="oc-5ba"/>
      </symbol>
      <symbol id="sm-e38">
         <name>__aeabi_idiv</name>
         <value>0xc7e8</value>
         <object_component_ref idref="oc-5ba"/>
      </symbol>
      <symbol id="sm-e44">
         <name>__aeabi_uidivmod</name>
         <value>0xc83c</value>
         <object_component_ref idref="oc-53b"/>
      </symbol>
      <symbol id="sm-e45">
         <name>__aeabi_uidiv</name>
         <value>0xc83c</value>
         <object_component_ref idref="oc-53b"/>
      </symbol>
      <symbol id="sm-e61">
         <name>__aeabi_uldivmod</name>
         <value>0xa1dc</value>
         <object_component_ref idref="oc-536"/>
      </symbol>
      <symbol id="sm-e77">
         <name>__aeabi_errno_addr</name>
         <value>0xc9bc</value>
         <object_component_ref idref="oc-4d3"/>
      </symbol>
      <symbol id="sm-e78">
         <name>errno</name>
         <value>0x8001b0c</value>
         <object_component_ref idref="oc-57e"/>
      </symbol>
      <symbol id="sm-e82">
         <name>copysign</name>
         <value>0xc934</value>
         <object_component_ref idref="oc-5cc"/>
      </symbol>
      <symbol id="sm-e83">
         <name>copysignl</name>
         <value>0xc934</value>
         <object_component_ref idref="oc-5cc"/>
      </symbol>
      <symbol id="sm-e8d">
         <name>__aeabi_idiv0</name>
         <value>0xc9d4</value>
         <object_component_ref idref="oc-5b4"/>
      </symbol>
      <symbol id="sm-e8e">
         <name>__aeabi_ldiv0</name>
         <value>0xc9d4</value>
         <object_component_ref idref="oc-5b4"/>
      </symbol>
      <symbol id="sm-e8f">
         <name>__TI_static_base__</name>
         <value>0x0</value>
      </symbol>
      <symbol id="sm-e96">
         <name>SHT$$INIT_ARRAY$$Base</name>
         <value>0x0</value>
      </symbol>
      <symbol id="sm-e97">
         <name>SHT$$INIT_ARRAY$$Limit</name>
         <value>0x0</value>
      </symbol>
      <symbol id="sm-e98">
         <name>_system_post_cinit</name>
         <value>0x0</value>
      </symbol>
   </symbol_table>
   <title>Link successful</title>
</link_info>
