<?xml version="1.0" encoding="ISO-8859-1" ?>
<link_info>
   <banner>TI ARM Linker PC v18.1.3.LTS</banner>
   <copyright>Copyright (c) 1996-2017 Texas Instruments Incorporated</copyright>
   <link_time>0x5c0e46ba</link_time>
   <link_errors>0x0</link_errors>
   <output_file>OUTBIT_SPI.out</output_file>
   <entry_point>
      <name>_c_int00</name>
      <address>0x94d0</address>
   </entry_point>
   <input_file_list>
      <input_file id="fl-2">
         <path>.\demoapp\source\</path>
         <kind>object</kind>
         <file>adc_demos.obj</file>
         <name>adc_demos.obj</name>
      </input_file>
      <input_file id="fl-3">
         <path>.\demoapp\source\</path>
         <kind>object</kind>
         <file>app_main_NoOS.obj</file>
         <name>app_main_NoOS.obj</name>
      </input_file>
      <input_file id="fl-4">
         <path>.\demoapp\source\</path>
         <kind>object</kind>
         <file>esm_application_callback.obj</file>
         <name>esm_application_callback.obj</name>
      </input_file>
      <input_file id="fl-5">
         <path>.\demoapp\source\</path>
         <kind>object</kind>
         <file>misc.obj</file>
         <name>misc.obj</name>
      </input_file>
      <input_file id="fl-6">
         <path>.\demoapp\source\</path>
         <kind>object</kind>
         <file>support_functions.obj</file>
         <name>support_functions.obj</name>
      </input_file>
      <input_file id="fl-7">
         <path>.\hcg\source\</path>
         <kind>object</kind>
         <file>HL_adc.obj</file>
         <name>HL_adc.obj</name>
      </input_file>
      <input_file id="fl-8">
         <path>.\hcg\source\</path>
         <kind>object</kind>
         <file>HL_epc.obj</file>
         <name>HL_epc.obj</name>
      </input_file>
      <input_file id="fl-9">
         <path>.\hcg\source\</path>
         <kind>object</kind>
         <file>HL_errata.obj</file>
         <name>HL_errata.obj</name>
      </input_file>
      <input_file id="fl-a">
         <path>.\hcg\source\</path>
         <kind>object</kind>
         <file>HL_esm.obj</file>
         <name>HL_esm.obj</name>
      </input_file>
      <input_file id="fl-b">
         <path>.\hcg\source\</path>
         <kind>object</kind>
         <file>HL_gio.obj</file>
         <name>HL_gio.obj</name>
      </input_file>
      <input_file id="fl-c">
         <path>.\hcg\source\</path>
         <kind>object</kind>
         <file>HL_mibspi.obj</file>
         <name>HL_mibspi.obj</name>
      </input_file>
      <input_file id="fl-d">
         <path>.\hcg\source\</path>
         <kind>object</kind>
         <file>HL_nmpu.obj</file>
         <name>HL_nmpu.obj</name>
      </input_file>
      <input_file id="fl-e">
         <path>.\hcg\source\</path>
         <kind>object</kind>
         <file>HL_notification.obj</file>
         <name>HL_notification.obj</name>
      </input_file>
      <input_file id="fl-f">
         <path>.\hcg\source\</path>
         <kind>object</kind>
         <file>HL_pinmux.obj</file>
         <name>HL_pinmux.obj</name>
      </input_file>
      <input_file id="fl-10">
         <path>.\hcg\source\</path>
         <kind>object</kind>
         <file>HL_rti.obj</file>
         <name>HL_rti.obj</name>
      </input_file>
      <input_file id="fl-11">
         <path>.\hcg\source\</path>
         <kind>object</kind>
         <file>HL_sci.obj</file>
         <name>HL_sci.obj</name>
      </input_file>
      <input_file id="fl-12">
         <path>.\hcg\source\</path>
         <kind>object</kind>
         <file>HL_sys_core.obj</file>
         <name>HL_sys_core.obj</name>
      </input_file>
      <input_file id="fl-13">
         <path>.\hcg\source\</path>
         <kind>object</kind>
         <file>HL_sys_dma.obj</file>
         <name>HL_sys_dma.obj</name>
      </input_file>
      <input_file id="fl-14">
         <path>.\hcg\source\</path>
         <kind>object</kind>
         <file>HL_sys_intvecs.obj</file>
         <name>HL_sys_intvecs.obj</name>
      </input_file>
      <input_file id="fl-15">
         <path>.\hcg\source\</path>
         <kind>object</kind>
         <file>HL_sys_mpu.obj</file>
         <name>HL_sys_mpu.obj</name>
      </input_file>
      <input_file id="fl-16">
         <path>.\hcg\source\</path>
         <kind>object</kind>
         <file>HL_sys_pcr.obj</file>
         <name>HL_sys_pcr.obj</name>
      </input_file>
      <input_file id="fl-17">
         <path>.\hcg\source\</path>
         <kind>object</kind>
         <file>HL_sys_phantom.obj</file>
         <name>HL_sys_phantom.obj</name>
      </input_file>
      <input_file id="fl-18">
         <path>.\hcg\source\</path>
         <kind>object</kind>
         <file>HL_sys_pmm.obj</file>
         <name>HL_sys_pmm.obj</name>
      </input_file>
      <input_file id="fl-19">
         <path>.\hcg\source\</path>
         <kind>object</kind>
         <file>HL_sys_pmu.obj</file>
         <name>HL_sys_pmu.obj</name>
      </input_file>
      <input_file id="fl-1a">
         <path>.\hcg\source\</path>
         <kind>object</kind>
         <file>HL_sys_startup.obj</file>
         <name>HL_sys_startup.obj</name>
      </input_file>
      <input_file id="fl-1b">
         <path>.\hcg\source\</path>
         <kind>object</kind>
         <file>HL_sys_vim.obj</file>
         <name>HL_sys_vim.obj</name>
      </input_file>
      <input_file id="fl-1c">
         <path>.\hcg\source\</path>
         <kind>object</kind>
         <file>HL_system.obj</file>
         <name>HL_system.obj</name>
      </input_file>
      <input_file id="fl-21">
         <kind>object</kind>
         <file>&lt;internal&gt;</file>
         <name>&lt;internal&gt;</name>
      </input_file>
      <input_file id="fl-22">
         <path>C:\ti\Hercules\SafeTI Diagnostic Library\2.3.1\libs\</path>
         <kind>archive</kind>
         <file>SafeTILib_RM57L_LE.lib</file>
         <name>sl_asm_api.obj</name>
      </input_file>
      <input_file id="fl-23">
         <path>C:\ti\Hercules\SafeTI Diagnostic Library\2.3.1\libs\</path>
         <kind>archive</kind>
         <file>SafeTILib_RM57L_LE.lib</file>
         <name>sl_esm.obj</name>
      </input_file>
      <input_file id="fl-24">
         <path>C:\ti\Hercules\SafeTI Diagnostic Library\2.3.1\libs\</path>
         <kind>archive</kind>
         <file>SafeTILib_RM57L_LE.lib</file>
         <name>sl_init.obj</name>
      </input_file>
      <input_file id="fl-25">
         <path>C:\ti\Hercules\SafeTI Diagnostic Library\2.3.1\libs\</path>
         <kind>archive</kind>
         <file>SafeTILib_RM57L_LE.lib</file>
         <name>sl_priv.obj</name>
      </input_file>
      <input_file id="fl-26">
         <path>C:\ti\Hercules\SafeTI Diagnostic Library\2.3.1\libs\</path>
         <kind>archive</kind>
         <file>SafeTILib_RM57L_LE.lib</file>
         <name>sl_selftest.obj</name>
      </input_file>
      <input_file id="fl-27">
         <path>C:\ti\Hercules\SafeTI Diagnostic Library\2.3.1\libs\</path>
         <kind>archive</kind>
         <file>SafeTILib_RM57L_LE.lib</file>
         <name>sl_log.obj</name>
      </input_file>
      <input_file id="fl-dd">
         <path>C:\ti\ccsv8\tools\compiler\ti-cgt-arm_18.1.3.LTS\lib\</path>
         <kind>archive</kind>
         <file>rtsv7R4_A_le_v3D16_eabi.lib</file>
         <name>s_floor.c.obj</name>
      </input_file>
      <input_file id="fl-de">
         <path>C:\ti\ccsv8\tools\compiler\ti-cgt-arm_18.1.3.LTS\lib\</path>
         <kind>archive</kind>
         <file>rtsv7R4_A_le_v3D16_eabi.lib</file>
         <name>memcpy32.asm.obj</name>
      </input_file>
      <input_file id="fl-df">
         <path>C:\ti\ccsv8\tools\compiler\ti-cgt-arm_18.1.3.LTS\lib\</path>
         <kind>archive</kind>
         <file>rtsv7R4_A_le_v3D16_eabi.lib</file>
         <name>memset32.asm.obj</name>
      </input_file>
      <input_file id="fl-e0">
         <path>C:\ti\ccsv8\tools\compiler\ti-cgt-arm_18.1.3.LTS\lib\</path>
         <kind>archive</kind>
         <file>rtsv7R4_A_le_v3D16_eabi.lib</file>
         <name>autoinit.c.obj</name>
      </input_file>
      <input_file id="fl-e1">
         <path>C:\ti\ccsv8\tools\compiler\ti-cgt-arm_18.1.3.LTS\lib\</path>
         <kind>archive</kind>
         <file>rtsv7R4_A_le_v3D16_eabi.lib</file>
         <name>cpy_tbl.c.obj</name>
      </input_file>
      <input_file id="fl-e2">
         <path>C:\ti\ccsv8\tools\compiler\ti-cgt-arm_18.1.3.LTS\lib\</path>
         <kind>archive</kind>
         <file>rtsv7R4_A_le_v3D16_eabi.lib</file>
         <name>copy_zero_init.c.obj</name>
      </input_file>
      <input_file id="fl-e3">
         <path>C:\ti\ccsv8\tools\compiler\ti-cgt-arm_18.1.3.LTS\lib\</path>
         <kind>archive</kind>
         <file>rtsv7R4_A_le_v3D16_eabi.lib</file>
         <name>copy_decompress_none.c.obj</name>
      </input_file>
      <input_file id="fl-e4">
         <path>C:\ti\ccsv8\tools\compiler\ti-cgt-arm_18.1.3.LTS\lib\</path>
         <kind>archive</kind>
         <file>rtsv7R4_A_le_v3D16_eabi.lib</file>
         <name>copy_decompress_lzss.c.obj</name>
      </input_file>
      <input_file id="fl-e5">
         <path>C:\ti\ccsv8\tools\compiler\ti-cgt-arm_18.1.3.LTS\lib\</path>
         <kind>archive</kind>
         <file>rtsv7R4_A_le_v3D16_eabi.lib</file>
         <name>exit.c.obj</name>
      </input_file>
      <input_file id="fl-e6">
         <path>C:\ti\ccsv8\tools\compiler\ti-cgt-arm_18.1.3.LTS\lib\</path>
         <kind>archive</kind>
         <file>rtsv7R4_A_le_v3D16_eabi.lib</file>
         <name>_lock.c.obj</name>
      </input_file>
   </input_file_list>
   <object_component_list>
      <object_component id="oc-4f">
         <name>.intvecs</name>
         <load_address>0x0</load_address>
         <run_address>0x0</run_address>
         <size>0x20</size>
         <input_file_ref idref="fl-14"/>
      </object_component>
      <object_component id="oc-ab">
         <name>.text</name>
         <load_address>0x20</load_address>
         <run_address>0x20</run_address>
         <size>0x2bd0</size>
         <input_file_ref idref="fl-26"/>
      </object_component>
      <object_component id="oc-230">
         <name>.text</name>
         <load_address>0x2bf0</load_address>
         <run_address>0x2bf0</run_address>
         <size>0xb10</size>
         <input_file_ref idref="fl-c"/>
      </object_component>
      <object_component id="oc-21e">
         <name>.text</name>
         <load_address>0x3700</load_address>
         <run_address>0x3700</run_address>
         <size>0xaec</size>
         <input_file_ref idref="fl-7"/>
      </object_component>
      <object_component id="oc-2ff">
         <name>.text</name>
         <load_address>0x41ec</load_address>
         <run_address>0x41ec</run_address>
         <size>0x9d4</size>
         <input_file_ref idref="fl-f"/>
      </object_component>
      <object_component id="oc-144">
         <name>.text</name>
         <load_address>0x4bc0</load_address>
         <run_address>0x4bc0</run_address>
         <size>0x95c</size>
         <input_file_ref idref="fl-1c"/>
      </object_component>
      <object_component id="oc-5b">
         <name>.text</name>
         <load_address>0x551c</load_address>
         <run_address>0x551c</run_address>
         <size>0x940</size>
         <input_file_ref idref="fl-1b"/>
      </object_component>
      <object_component id="oc-22a">
         <name>.text</name>
         <load_address>0x5e5c</load_address>
         <run_address>0x5e5c</run_address>
         <size>0x870</size>
         <input_file_ref idref="fl-11"/>
      </object_component>
      <object_component id="oc-14a">
         <name>.text</name>
         <load_address>0x66cc</load_address>
         <run_address>0x66cc</run_address>
         <size>0x798</size>
         <input_file_ref idref="fl-a"/>
      </object_component>
      <object_component id="oc-224">
         <name>.text</name>
         <load_address>0x6e64</load_address>
         <run_address>0x6e64</run_address>
         <size>0x698</size>
         <input_file_ref idref="fl-10"/>
      </object_component>
      <object_component id="oc-218">
         <name>.text</name>
         <load_address>0x74fc</load_address>
         <run_address>0x74fc</run_address>
         <size>0x484</size>
         <input_file_ref idref="fl-b"/>
      </object_component>
      <object_component id="oc-67">
         <name>.text</name>
         <load_address>0x7980</load_address>
         <run_address>0x7980</run_address>
         <size>0x448</size>
         <input_file_ref idref="fl-23"/>
      </object_component>
      <object_component id="oc-95">
         <name>.text</name>
         <load_address>0x7dc8</load_address>
         <run_address>0x7dc8</run_address>
         <size>0x3c4</size>
         <input_file_ref idref="fl-12"/>
      </object_component>
      <object_component id="oc-156">
         <name>.text</name>
         <load_address>0x818c</load_address>
         <run_address>0x818c</run_address>
         <size>0x36c</size>
         <input_file_ref idref="fl-15"/>
      </object_component>
      <object_component id="oc-5a">
         <name>.text:retain</name>
         <load_address>0x84f8</load_address>
         <run_address>0x84f8</run_address>
         <size>0x33c</size>
         <input_file_ref idref="fl-1b"/>
      </object_component>
      <object_component id="oc-150">
         <name>.text</name>
         <load_address>0x8834</load_address>
         <run_address>0x8834</run_address>
         <size>0x334</size>
         <input_file_ref idref="fl-8"/>
      </object_component>
      <object_component id="oc-3a">
         <name>.text:retain</name>
         <load_address>0x8b68</load_address>
         <run_address>0x8b68</run_address>
         <size>0x2a4</size>
         <input_file_ref idref="fl-a"/>
      </object_component>
      <object_component id="oc-351">
         <name>.text</name>
         <load_address>0x8e0c</load_address>
         <run_address>0x8e0c</run_address>
         <size>0x290</size>
         <input_file_ref idref="fl-6"/>
      </object_component>
      <object_component id="oc-9a">
         <name>.text</name>
         <load_address>0x909c</load_address>
         <run_address>0x909c</run_address>
         <size>0x238</size>
         <input_file_ref idref="fl-22"/>
      </object_component>
      <object_component id="oc-a5">
         <name>.text</name>
         <load_address>0x92d4</load_address>
         <run_address>0x92d4</run_address>
         <size>0x1fc</size>
         <input_file_ref idref="fl-25"/>
      </object_component>
      <object_component id="oc-27">
         <name>.text:retain</name>
         <load_address>0x94d0</load_address>
         <run_address>0x94d0</run_address>
         <size>0x1cc</size>
         <input_file_ref idref="fl-1a"/>
      </object_component>
      <object_component id="oc-c6">
         <name>.text</name>
         <load_address>0x969c</load_address>
         <run_address>0x969c</run_address>
         <size>0x194</size>
         <input_file_ref idref="fl-3"/>
      </object_component>
      <object_component id="oc-7d">
         <name>.text</name>
         <load_address>0x9830</load_address>
         <run_address>0x9830</run_address>
         <size>0x180</size>
         <input_file_ref idref="fl-de"/>
      </object_component>
      <object_component id="oc-15d">
         <name>.text</name>
         <load_address>0x99b0</load_address>
         <run_address>0x99b0</run_address>
         <size>0x14c</size>
         <input_file_ref idref="fl-4"/>
      </object_component>
      <object_component id="oc-9f">
         <name>.text</name>
         <load_address>0x9afc</load_address>
         <run_address>0x9afc</run_address>
         <size>0x148</size>
         <input_file_ref idref="fl-24"/>
      </object_component>
      <object_component id="oc-49">
         <name>.text:retain</name>
         <load_address>0x9c44</load_address>
         <run_address>0x9c44</run_address>
         <size>0x138</size>
         <input_file_ref idref="fl-10"/>
      </object_component>
      <object_component id="oc-387">
         <name>.text:floor</name>
         <load_address>0x9d7c</load_address>
         <run_address>0x9d7c</run_address>
         <size>0x134</size>
         <input_file_ref idref="fl-dd"/>
      </object_component>
      <object_component id="oc-66">
         <name>.text:retain</name>
         <load_address>0x9eb0</load_address>
         <run_address>0x9eb0</run_address>
         <size>0x134</size>
         <input_file_ref idref="fl-23"/>
      </object_component>
      <object_component id="oc-b7">
         <name>.text</name>
         <load_address>0x9fe4</load_address>
         <run_address>0x9fe4</run_address>
         <size>0xd8</size>
         <input_file_ref idref="fl-e"/>
      </object_component>
      <object_component id="oc-43">
         <name>.text:retain</name>
         <load_address>0xa0bc</load_address>
         <run_address>0xa0bc</run_address>
         <size>0xcc</size>
         <input_file_ref idref="fl-c"/>
      </object_component>
      <object_component id="oc-114">
         <name>.text</name>
         <load_address>0xa188</load_address>
         <run_address>0xa188</run_address>
         <size>0xb0</size>
         <input_file_ref idref="fl-df"/>
      </object_component>
      <object_component id="oc-b1">
         <name>.text</name>
         <load_address>0xa238</load_address>
         <run_address>0xa238</run_address>
         <size>0xa8</size>
         <input_file_ref idref="fl-1a"/>
      </object_component>
      <object_component id="oc-1a">
         <name>.text:decompress:lzss:__TI_decompress_lzss</name>
         <load_address>0xa2e0</load_address>
         <run_address>0xa2e0</run_address>
         <size>0x90</size>
         <input_file_ref idref="fl-e4"/>
      </object_component>
      <object_component id="oc-315">
         <name>.text:__TI_auto_init_nobinit_nopinit:__TI_auto_init_nobinit_nopinit</name>
         <load_address>0xa370</load_address>
         <run_address>0xa370</run_address>
         <size>0x68</size>
         <input_file_ref idref="fl-e0"/>
      </object_component>
      <object_component id="oc-123">
         <name>.text</name>
         <load_address>0xa3d8</load_address>
         <run_address>0xa3d8</run_address>
         <size>0x60</size>
         <input_file_ref idref="fl-27"/>
      </object_component>
      <object_component id="oc-89">
         <name>.text:decompress:ZI:__TI_zero_init_nomemset:__TI_zero_init_nomemset</name>
         <load_address>0xa438</load_address>
         <run_address>0xa438</run_address>
         <size>0x20</size>
         <input_file_ref idref="fl-e2"/>
      </object_component>
      <object_component id="oc-20">
         <name>.text:decompress:none:__TI_decompress_none</name>
         <load_address>0xa458</load_address>
         <run_address>0xa458</run_address>
         <size>0x14</size>
         <input_file_ref idref="fl-e3"/>
      </object_component>
      <object_component id="oc-345">
         <name>.text:abort:abort</name>
         <load_address>0xa46c</load_address>
         <run_address>0xa46c</run_address>
         <size>0x8</size>
         <input_file_ref idref="fl-e5"/>
      </object_component>
      <object_component id="oc-54">
         <name>.text:retain</name>
         <load_address>0xa474</load_address>
         <run_address>0xa474</run_address>
         <size>0x4</size>
         <input_file_ref idref="fl-17"/>
      </object_component>
      <object_component id="oc-40">
         <name>.const:s_vim_init</name>
         <load_address>0xa478</load_address>
         <run_address>0xa478</run_address>
         <size>0x200</size>
         <input_file_ref idref="fl-1b"/>
      </object_component>
      <object_component id="oc-379">
         <name>.const:s_adcFiFoSize</name>
         <load_address>0xa678</load_address>
         <run_address>0xa678</run_address>
         <size>0x18</size>
         <input_file_ref idref="fl-7"/>
      </object_component>
      <object_component id="oc-37c">
         <name>.const:s_adcSelect</name>
         <load_address>0xa690</load_address>
         <run_address>0xa690</run_address>
         <size>0x18</size>
         <input_file_ref idref="fl-7"/>
      </object_component>
      <object_component id="oc-236">
         <name>.const:$P$T0$1</name>
         <load_address>0xa6a8</load_address>
         <run_address>0xa6a8</run_address>
         <size>0x14</size>
         <input_file_ref idref="fl-3"/>
      </object_component>
      <object_component id="oc-4f5">
         <name>.cinit.LOG_DATA.load</name>
         <load_address>0xa6c0</load_address>
         <run_address>0xa6c0</run_address>
         <size>0xf</size>
      </object_component>
      <object_component id="oc-4f1">
         <name>__TI_handler_table</name>
         <load_address>0xa6d0</load_address>
         <run_address>0xa6d0</run_address>
         <size>0xc</size>
      </object_component>
      <object_component id="oc-4f3">
         <name>.cinit..bss.load</name>
         <load_address>0xa6e0</load_address>
         <run_address>0xa6e0</run_address>
         <size>0x8</size>
      </object_component>
      <object_component id="oc-4f4">
         <name>.cinit..data.load</name>
         <load_address>0xa6e8</load_address>
         <run_address>0xa6e8</run_address>
         <size>0x8</size>
      </object_component>
      <object_component id="oc-4f2">
         <name>__TI_cinit_table</name>
         <load_address>0xa6f0</load_address>
         <run_address>0xa6f0</run_address>
         <size>0x18</size>
      </object_component>
      <object_component id="oc-23d">
         <name>.bss</name>
         <uninitialized>true</uninitialized>
         <run_address>0x8001a0c</run_address>
         <size>0x1</size>
         <input_file_ref idref="fl-3"/>
      </object_component>
      <object_component id="oc-38d">
         <name>.bss:g_sciTransfer_t</name>
         <uninitialized>true</uninitialized>
         <run_address>0x8001988</run_address>
         <size>0x50</size>
         <input_file_ref idref="fl-11"/>
      </object_component>
      <object_component id="oc-239">
         <name>.common:transfer_complete</name>
         <uninitialized>true</uninitialized>
         <run_address>0x8001a08</run_address>
         <size>0x4</size>
      </object_component>
      <object_component id="oc-23c">
         <name>.common:i</name>
         <uninitialized>true</uninitialized>
         <run_address>0x8001a04</run_address>
         <size>0x4</size>
      </object_component>
      <object_component id="oc-bd">
         <name>.common:resetReason</name>
         <uninitialized>true</uninitialized>
         <run_address>0x8001a11</run_address>
         <size>0x1</size>
      </object_component>
      <object_component id="oc-ed">
         <name>.common:ESM_AppCallback</name>
         <uninitialized>true</uninitialized>
         <run_address>0x80019d8</run_address>
         <size>0x4</size>
      </object_component>
      <object_component id="oc-134">
         <name>.common:g_MemIntrCnt_retVal</name>
         <uninitialized>true</uninitialized>
         <run_address>0x8001a0f</run_address>
         <size>0x1</size>
      </object_component>
      <object_component id="oc-135">
         <name>.common:g_MemIntrCnt_reserved_word</name>
         <uninitialized>true</uninitialized>
         <run_address>0x80019e0</run_address>
         <size>0x4</size>
      </object_component>
      <object_component id="oc-136">
         <name>.common:g_MainPeriphIntrCnt_retVal</name>
         <uninitialized>true</uninitialized>
         <run_address>0x8001a0e</run_address>
         <size>0x1</size>
      </object_component>
      <object_component id="oc-137">
         <name>.common:g_MainPeriphIntrCnt_flag</name>
         <uninitialized>true</uninitialized>
         <run_address>0x8001a0d</run_address>
         <size>0x1</size>
      </object_component>
      <object_component id="oc-138">
         <name>.common:g_MainPeriphIntrCnt_reserved_word</name>
         <uninitialized>true</uninitialized>
         <run_address>0x80019dc</run_address>
         <size>0x4</size>
      </object_component>
      <object_component id="oc-129">
         <name>.common:g_PeriphSegIntrCnt_retVal</name>
         <uninitialized>true</uninitialized>
         <run_address>0x8001a10</run_address>
         <size>0x1</size>
      </object_component>
      <object_component id="oc-133">
         <name>.common:g_PeriphSegIntrCnt_reserved_word_read</name>
         <uninitialized>true</uninitialized>
         <run_address>0x80019fc</run_address>
         <size>0x4</size>
      </object_component>
      <object_component id="oc-132">
         <name>.common:g_PeriphSegIntrCnt_protected_word_read</name>
         <uninitialized>true</uninitialized>
         <run_address>0x80019f4</run_address>
         <size>0x4</size>
      </object_component>
      <object_component id="oc-131">
         <name>.common:g_PeriphSegIntrCnt_pcrprot_bit</name>
         <uninitialized>true</uninitialized>
         <run_address>0x80019e4</run_address>
         <size>0x4</size>
      </object_component>
      <object_component id="oc-12d">
         <name>.common:g_PeriphSegIntrCnt_reserved_word_location</name>
         <uninitialized>true</uninitialized>
         <run_address>0x80019f8</run_address>
         <size>0x4</size>
      </object_component>
      <object_component id="oc-12e">
         <name>.common:g_PeriphSegIntrCnt_protected_word_location</name>
         <uninitialized>true</uninitialized>
         <run_address>0x80019f0</run_address>
         <size>0x4</size>
      </object_component>
      <object_component id="oc-12f">
         <name>.common:g_PeriphSegIntrCnt_pcrprotset_reg</name>
         <uninitialized>true</uninitialized>
         <run_address>0x80019ec</run_address>
         <size>0x4</size>
      </object_component>
      <object_component id="oc-130">
         <name>.common:g_PeriphSegIntrCnt_pcrprotclr_reg</name>
         <uninitialized>true</uninitialized>
         <run_address>0x80019e8</run_address>
         <size>0x4</size>
      </object_component>
      <object_component id="oc-12c">
         <name>.common:g_sl_pcrREG</name>
         <uninitialized>true</uninitialized>
         <run_address>0x8001a00</run_address>
         <size>0x4</size>
      </object_component>
      <object_component id="oc-ea">
         <name>.data</name>
         <load_address>0x8001a5c</load_address>
         <run_address>0x8001a5c</run_address>
         <size>0x4</size>
         <input_file_ref idref="fl-23"/>
      </object_component>
      <object_component id="oc-11e">
         <name>.data:sl_priv_flag_set</name>
         <load_address>0x8001a20</load_address>
         <run_address>0x8001a20</run_address>
         <size>0x39</size>
         <input_file_ref idref="fl-25"/>
      </object_component>
      <object_component id="oc-f0">
         <name>.data</name>
         <load_address>0x8001a60</load_address>
         <run_address>0x8001a60</run_address>
         <size>0x21</size>
         <input_file_ref idref="fl-26"/>
      </object_component>
      <object_component id="oc-2f0">
         <name>LOG_DATA:init</name>
         <load_address>0x8001980</load_address>
         <run_address>0x8001980</run_address>
         <size>0x8</size>
         <input_file_ref idref="fl-27"/>
      </object_component>
      <object_component id="oc-2f3">
         <name>LOG_DATA:uninit</name>
         <load_address>0x8001800</load_address>
         <run_address>0x8001800</run_address>
         <size>0x180</size>
         <input_file_ref idref="fl-27"/>
      </object_component>
      <object_component id="oc-374">
         <name>.debug_info</name>
         <load_address>0x0</load_address>
         <run_address>0x0</run_address>
         <size>0x395</size>
         <input_file_ref idref="fl-2"/>
      </object_component>
      <object_component id="oc-35f">
         <name>.debug_info</name>
         <load_address>0x395</load_address>
         <run_address>0x395</run_address>
         <size>0x791</size>
         <input_file_ref idref="fl-2"/>
      </object_component>
      <object_component id="oc-18c">
         <name>.debug_info</name>
         <load_address>0xb26</load_address>
         <run_address>0xb26</run_address>
         <size>0x26b</size>
         <input_file_ref idref="fl-2"/>
      </object_component>
      <object_component id="oc-cd">
         <name>.debug_info</name>
         <load_address>0xd91</load_address>
         <run_address>0xd91</run_address>
         <size>0x157</size>
         <input_file_ref idref="fl-2"/>
      </object_component>
      <object_component id="oc-df">
         <name>.debug_info</name>
         <load_address>0xee8</load_address>
         <run_address>0xee8</run_address>
         <size>0x8b</size>
         <input_file_ref idref="fl-2"/>
      </object_component>
      <object_component id="oc-36f">
         <name>.debug_info</name>
         <load_address>0xf73</load_address>
         <run_address>0xf73</run_address>
         <size>0x297</size>
         <input_file_ref idref="fl-2"/>
      </object_component>
      <object_component id="oc-246">
         <name>.debug_info</name>
         <load_address>0x120a</load_address>
         <run_address>0x120a</run_address>
         <size>0xbb</size>
         <input_file_ref idref="fl-2"/>
      </object_component>
      <object_component id="oc-e4">
         <name>.debug_info</name>
         <load_address>0x12c5</load_address>
         <run_address>0x12c5</run_address>
         <size>0x86</size>
         <input_file_ref idref="fl-2"/>
      </object_component>
      <object_component id="oc-42c">
         <name>.debug_info</name>
         <load_address>0x134b</load_address>
         <run_address>0x134b</run_address>
         <size>0x38f</size>
         <input_file_ref idref="fl-2"/>
      </object_component>
      <object_component id="oc-23a">
         <name>.debug_info</name>
         <load_address>0x16da</load_address>
         <run_address>0x16da</run_address>
         <size>0x830</size>
         <input_file_ref idref="fl-3"/>
      </object_component>
      <object_component id="oc-23e">
         <name>.debug_info</name>
         <load_address>0x1f0a</load_address>
         <run_address>0x1f0a</run_address>
         <size>0xf2</size>
         <input_file_ref idref="fl-3"/>
      </object_component>
      <object_component id="oc-237">
         <name>.debug_info</name>
         <load_address>0x1ffc</load_address>
         <run_address>0x1ffc</run_address>
         <size>0xf2</size>
         <input_file_ref idref="fl-3"/>
      </object_component>
      <object_component id="oc-c7">
         <name>.debug_info</name>
         <load_address>0x20ee</load_address>
         <run_address>0x20ee</run_address>
         <size>0x562</size>
         <input_file_ref idref="fl-3"/>
      </object_component>
      <object_component id="oc-39c">
         <name>.debug_info</name>
         <load_address>0x2650</load_address>
         <run_address>0x2650</run_address>
         <size>0x791</size>
         <input_file_ref idref="fl-3"/>
      </object_component>
      <object_component id="oc-3a1">
         <name>.debug_info</name>
         <load_address>0x2de1</load_address>
         <run_address>0x2de1</run_address>
         <size>0x795</size>
         <input_file_ref idref="fl-3"/>
      </object_component>
      <object_component id="oc-3a6">
         <name>.debug_info</name>
         <load_address>0x3576</load_address>
         <run_address>0x3576</run_address>
         <size>0x306</size>
         <input_file_ref idref="fl-3"/>
      </object_component>
      <object_component id="oc-3ab">
         <name>.debug_info</name>
         <load_address>0x387c</load_address>
         <run_address>0x387c</run_address>
         <size>0xb13</size>
         <input_file_ref idref="fl-3"/>
      </object_component>
      <object_component id="oc-3b0">
         <name>.debug_info</name>
         <load_address>0x438f</load_address>
         <run_address>0x438f</run_address>
         <size>0x591</size>
         <input_file_ref idref="fl-3"/>
      </object_component>
      <object_component id="oc-3b5">
         <name>.debug_info</name>
         <load_address>0x4920</load_address>
         <run_address>0x4920</run_address>
         <size>0x306</size>
         <input_file_ref idref="fl-3"/>
      </object_component>
      <object_component id="oc-3ba">
         <name>.debug_info</name>
         <load_address>0x4c26</load_address>
         <run_address>0x4c26</run_address>
         <size>0x547</size>
         <input_file_ref idref="fl-3"/>
      </object_component>
      <object_component id="oc-3bf">
         <name>.debug_info</name>
         <load_address>0x516d</load_address>
         <run_address>0x516d</run_address>
         <size>0x18c</size>
         <input_file_ref idref="fl-3"/>
      </object_component>
      <object_component id="oc-241">
         <name>.debug_info</name>
         <load_address>0x52f9</load_address>
         <run_address>0x52f9</run_address>
         <size>0xae</size>
         <input_file_ref idref="fl-3"/>
      </object_component>
      <object_component id="oc-13f">
         <name>.debug_info</name>
         <load_address>0x53a7</load_address>
         <run_address>0x53a7</run_address>
         <size>0x86</size>
         <input_file_ref idref="fl-3"/>
      </object_component>
      <object_component id="oc-3c4">
         <name>.debug_info</name>
         <load_address>0x542d</load_address>
         <run_address>0x542d</run_address>
         <size>0x102</size>
         <input_file_ref idref="fl-3"/>
      </object_component>
      <object_component id="oc-3c9">
         <name>.debug_info</name>
         <load_address>0x552f</load_address>
         <run_address>0x552f</run_address>
         <size>0x1f9</size>
         <input_file_ref idref="fl-3"/>
      </object_component>
      <object_component id="oc-3ce">
         <name>.debug_info</name>
         <load_address>0x5728</load_address>
         <run_address>0x5728</run_address>
         <size>0x222</size>
         <input_file_ref idref="fl-3"/>
      </object_component>
      <object_component id="oc-3d3">
         <name>.debug_info</name>
         <load_address>0x594a</load_address>
         <run_address>0x594a</run_address>
         <size>0x243</size>
         <input_file_ref idref="fl-3"/>
      </object_component>
      <object_component id="oc-419">
         <name>.debug_info</name>
         <load_address>0x5b8d</load_address>
         <run_address>0x5b8d</run_address>
         <size>0x4a3</size>
         <input_file_ref idref="fl-3"/>
      </object_component>
      <object_component id="oc-3d8">
         <name>.debug_info</name>
         <load_address>0x6030</load_address>
         <run_address>0x6030</run_address>
         <size>0x4d2</size>
         <input_file_ref idref="fl-3"/>
      </object_component>
      <object_component id="oc-3dd">
         <name>.debug_info</name>
         <load_address>0x6502</load_address>
         <run_address>0x6502</run_address>
         <size>0x1ca</size>
         <input_file_ref idref="fl-3"/>
      </object_component>
      <object_component id="oc-3e2">
         <name>.debug_info</name>
         <load_address>0x66cc</load_address>
         <run_address>0x66cc</run_address>
         <size>0x142</size>
         <input_file_ref idref="fl-3"/>
      </object_component>
      <object_component id="oc-3e7">
         <name>.debug_info</name>
         <load_address>0x680e</load_address>
         <run_address>0x680e</run_address>
         <size>0x285</size>
         <input_file_ref idref="fl-3"/>
      </object_component>
      <object_component id="oc-3ec">
         <name>.debug_info</name>
         <load_address>0x6a93</load_address>
         <run_address>0x6a93</run_address>
         <size>0x3f6</size>
         <input_file_ref idref="fl-3"/>
      </object_component>
      <object_component id="oc-3f1">
         <name>.debug_info</name>
         <load_address>0x6e89</load_address>
         <run_address>0x6e89</run_address>
         <size>0x1d1</size>
         <input_file_ref idref="fl-3"/>
      </object_component>
      <object_component id="oc-3f6">
         <name>.debug_info</name>
         <load_address>0x705a</load_address>
         <run_address>0x705a</run_address>
         <size>0x152</size>
         <input_file_ref idref="fl-3"/>
      </object_component>
      <object_component id="oc-3fb">
         <name>.debug_info</name>
         <load_address>0x71ac</load_address>
         <run_address>0x71ac</run_address>
         <size>0x1de</size>
         <input_file_ref idref="fl-3"/>
      </object_component>
      <object_component id="oc-400">
         <name>.debug_info</name>
         <load_address>0x738a</load_address>
         <run_address>0x738a</run_address>
         <size>0x2af</size>
         <input_file_ref idref="fl-3"/>
      </object_component>
      <object_component id="oc-405">
         <name>.debug_info</name>
         <load_address>0x7639</load_address>
         <run_address>0x7639</run_address>
         <size>0x1ab</size>
         <input_file_ref idref="fl-3"/>
      </object_component>
      <object_component id="oc-40a">
         <name>.debug_info</name>
         <load_address>0x77e4</load_address>
         <run_address>0x77e4</run_address>
         <size>0x29b</size>
         <input_file_ref idref="fl-3"/>
      </object_component>
      <object_component id="oc-40f">
         <name>.debug_info</name>
         <load_address>0x7a7f</load_address>
         <run_address>0x7a7f</run_address>
         <size>0xee</size>
         <input_file_ref idref="fl-3"/>
      </object_component>
      <object_component id="oc-414">
         <name>.debug_info</name>
         <load_address>0x7b6d</load_address>
         <run_address>0x7b6d</run_address>
         <size>0x116</size>
         <input_file_ref idref="fl-3"/>
      </object_component>
      <object_component id="oc-41e">
         <name>.debug_info</name>
         <load_address>0x7c83</load_address>
         <run_address>0x7c83</run_address>
         <size>0x1b6</size>
         <input_file_ref idref="fl-3"/>
      </object_component>
      <object_component id="oc-423">
         <name>.debug_info</name>
         <load_address>0x7e39</load_address>
         <run_address>0x7e39</run_address>
         <size>0x36d</size>
         <input_file_ref idref="fl-3"/>
      </object_component>
      <object_component id="oc-204">
         <name>.debug_info</name>
         <load_address>0x81a6</load_address>
         <run_address>0x81a6</run_address>
         <size>0x4f</size>
         <input_file_ref idref="fl-3"/>
      </object_component>
      <object_component id="oc-15e">
         <name>.debug_info</name>
         <load_address>0x81f5</load_address>
         <run_address>0x81f5</run_address>
         <size>0x2a5</size>
         <input_file_ref idref="fl-4"/>
      </object_component>
      <object_component id="oc-376">
         <name>.debug_info</name>
         <load_address>0x849a</load_address>
         <run_address>0x849a</run_address>
         <size>0x31a</size>
         <input_file_ref idref="fl-6"/>
      </object_component>
      <object_component id="oc-352">
         <name>.debug_info</name>
         <load_address>0x87b4</load_address>
         <run_address>0x87b4</run_address>
         <size>0x57d</size>
         <input_file_ref idref="fl-6"/>
      </object_component>
      <object_component id="oc-1aa">
         <name>.debug_info</name>
         <load_address>0x8d31</load_address>
         <run_address>0x8d31</run_address>
         <size>0x1f9</size>
         <input_file_ref idref="fl-6"/>
      </object_component>
      <object_component id="oc-369">
         <name>.debug_info</name>
         <load_address>0x8f2a</load_address>
         <run_address>0x8f2a</run_address>
         <size>0x243</size>
         <input_file_ref idref="fl-6"/>
      </object_component>
      <object_component id="oc-485">
         <name>.debug_info</name>
         <load_address>0x916d</load_address>
         <run_address>0x916d</run_address>
         <size>0x18e</size>
         <input_file_ref idref="fl-6"/>
      </object_component>
      <object_component id="oc-252">
         <name>.debug_info</name>
         <load_address>0x92fb</load_address>
         <run_address>0x92fb</run_address>
         <size>0x338</size>
         <input_file_ref idref="fl-7"/>
      </object_component>
      <object_component id="oc-37d">
         <name>.debug_info</name>
         <load_address>0x9633</load_address>
         <run_address>0x9633</run_address>
         <size>0xef</size>
         <input_file_ref idref="fl-7"/>
      </object_component>
      <object_component id="oc-37a">
         <name>.debug_info</name>
         <load_address>0x9722</load_address>
         <run_address>0x9722</run_address>
         <size>0xf4</size>
         <input_file_ref idref="fl-7"/>
      </object_component>
      <object_component id="oc-21f">
         <name>.debug_info</name>
         <load_address>0x9816</load_address>
         <run_address>0x9816</run_address>
         <size>0xc30</size>
         <input_file_ref idref="fl-7"/>
      </object_component>
      <object_component id="oc-da">
         <name>.debug_info</name>
         <load_address>0xa446</load_address>
         <run_address>0xa446</run_address>
         <size>0x18c</size>
         <input_file_ref idref="fl-7"/>
      </object_component>
      <object_component id="oc-213">
         <name>.debug_info</name>
         <load_address>0xa5d2</load_address>
         <run_address>0xa5d2</run_address>
         <size>0x36d</size>
         <input_file_ref idref="fl-7"/>
      </object_component>
      <object_component id="oc-375">
         <name>.debug_info</name>
         <load_address>0xa93f</load_address>
         <run_address>0xa93f</run_address>
         <size>0x391</size>
         <input_file_ref idref="fl-8"/>
      </object_component>
      <object_component id="oc-151">
         <name>.debug_info</name>
         <load_address>0xacd0</load_address>
         <run_address>0xacd0</run_address>
         <size>0x7a2</size>
         <input_file_ref idref="fl-8"/>
      </object_component>
      <object_component id="oc-306">
         <name>.debug_info</name>
         <load_address>0xb472</load_address>
         <run_address>0xb472</run_address>
         <size>0x429</size>
         <input_file_ref idref="fl-8"/>
      </object_component>
      <object_component id="oc-196">
         <name>.debug_info</name>
         <load_address>0xb89b</load_address>
         <run_address>0xb89b</run_address>
         <size>0x102</size>
         <input_file_ref idref="fl-8"/>
      </object_component>
      <object_component id="oc-19b">
         <name>.debug_info</name>
         <load_address>0xb99d</load_address>
         <run_address>0xb99d</run_address>
         <size>0x142</size>
         <input_file_ref idref="fl-8"/>
      </object_component>
      <object_component id="oc-1a0">
         <name>.debug_info</name>
         <load_address>0xbadf</load_address>
         <run_address>0xbadf</run_address>
         <size>0x285</size>
         <input_file_ref idref="fl-8"/>
      </object_component>
      <object_component id="oc-1a5">
         <name>.debug_info</name>
         <load_address>0xbd64</load_address>
         <run_address>0xbd64</run_address>
         <size>0x44a</size>
         <input_file_ref idref="fl-8"/>
      </object_component>
      <object_component id="oc-1af">
         <name>.debug_info</name>
         <load_address>0xc1ae</load_address>
         <run_address>0xc1ae</run_address>
         <size>0x152</size>
         <input_file_ref idref="fl-8"/>
      </object_component>
      <object_component id="oc-20e">
         <name>.debug_info</name>
         <load_address>0xc300</load_address>
         <run_address>0xc300</run_address>
         <size>0x70a</size>
         <input_file_ref idref="fl-8"/>
      </object_component>
      <object_component id="oc-312">
         <name>.debug_info</name>
         <load_address>0xca0a</load_address>
         <run_address>0xca0a</run_address>
         <size>0x35d</size>
         <input_file_ref idref="fl-a"/>
      </object_component>
      <object_component id="oc-14b">
         <name>.debug_info</name>
         <load_address>0xcd67</load_address>
         <run_address>0xcd67</run_address>
         <size>0x1192</size>
         <input_file_ref idref="fl-a"/>
      </object_component>
      <object_component id="oc-3b">
         <name>.debug_info</name>
         <load_address>0xdef9</load_address>
         <run_address>0xdef9</run_address>
         <size>0x295</size>
         <input_file_ref idref="fl-a"/>
      </object_component>
      <object_component id="oc-30d">
         <name>.debug_info</name>
         <load_address>0xe18e</load_address>
         <run_address>0xe18e</run_address>
         <size>0x168</size>
         <input_file_ref idref="fl-a"/>
      </object_component>
      <object_component id="oc-378">
         <name>.debug_info</name>
         <load_address>0xe2f6</load_address>
         <run_address>0xe2f6</run_address>
         <size>0x2c2</size>
         <input_file_ref idref="fl-b"/>
      </object_component>
      <object_component id="oc-219">
         <name>.debug_info</name>
         <load_address>0xe5b8</load_address>
         <run_address>0xe5b8</run_address>
         <size>0x77c</size>
         <input_file_ref idref="fl-b"/>
      </object_component>
      <object_component id="oc-46a">
         <name>.debug_info</name>
         <load_address>0xed34</load_address>
         <run_address>0xed34</run_address>
         <size>0x12a</size>
         <input_file_ref idref="fl-b"/>
      </object_component>
      <object_component id="oc-36e">
         <name>.debug_info</name>
         <load_address>0xee5e</load_address>
         <run_address>0xee5e</run_address>
         <size>0x3b8</size>
         <input_file_ref idref="fl-c"/>
      </object_component>
      <object_component id="oc-231">
         <name>.debug_info</name>
         <load_address>0xf216</load_address>
         <run_address>0xf216</run_address>
         <size>0xd96</size>
         <input_file_ref idref="fl-c"/>
      </object_component>
      <object_component id="oc-46">
         <name>.debug_info</name>
         <load_address>0xffac</load_address>
         <run_address>0xffac</run_address>
         <size>0x1c4</size>
         <input_file_ref idref="fl-c"/>
      </object_component>
      <object_component id="oc-16e">
         <name>.debug_info</name>
         <load_address>0x10170</load_address>
         <run_address>0x10170</run_address>
         <size>0x547</size>
         <input_file_ref idref="fl-c"/>
      </object_component>
      <object_component id="oc-393">
         <name>.debug_info</name>
         <load_address>0x106b7</load_address>
         <run_address>0x106b7</run_address>
         <size>0x44e</size>
         <input_file_ref idref="fl-c"/>
      </object_component>
      <object_component id="oc-165">
         <name>.debug_info</name>
         <load_address>0x10b05</load_address>
         <run_address>0x10b05</run_address>
         <size>0x474</size>
         <input_file_ref idref="fl-e"/>
      </object_component>
      <object_component id="oc-b8">
         <name>.debug_info</name>
         <load_address>0x10f79</load_address>
         <run_address>0x10f79</run_address>
         <size>0xa83</size>
         <input_file_ref idref="fl-e"/>
      </object_component>
      <object_component id="oc-35a">
         <name>.debug_info</name>
         <load_address>0x119fc</load_address>
         <run_address>0x119fc</run_address>
         <size>0x306</size>
         <input_file_ref idref="fl-e"/>
      </object_component>
      <object_component id="oc-364">
         <name>.debug_info</name>
         <load_address>0x11d02</load_address>
         <run_address>0x11d02</run_address>
         <size>0xadd</size>
         <input_file_ref idref="fl-e"/>
      </object_component>
      <object_component id="oc-167">
         <name>.debug_info</name>
         <load_address>0x127df</load_address>
         <run_address>0x127df</run_address>
         <size>0x6eb</size>
         <input_file_ref idref="fl-e"/>
      </object_component>
      <object_component id="oc-382">
         <name>.debug_info</name>
         <load_address>0x12eca</load_address>
         <run_address>0x12eca</run_address>
         <size>0x1d4</size>
         <input_file_ref idref="fl-e"/>
      </object_component>
      <object_component id="oc-48b">
         <name>.debug_info</name>
         <load_address>0x1309e</load_address>
         <run_address>0x1309e</run_address>
         <size>0x2c4</size>
         <input_file_ref idref="fl-f"/>
      </object_component>
      <object_component id="oc-300">
         <name>.debug_info</name>
         <load_address>0x13362</load_address>
         <run_address>0x13362</run_address>
         <size>0x136</size>
         <input_file_ref idref="fl-f"/>
      </object_component>
      <object_component id="oc-43f">
         <name>.debug_info</name>
         <load_address>0x13498</load_address>
         <run_address>0x13498</run_address>
         <size>0x199</size>
         <input_file_ref idref="fl-f"/>
      </object_component>
      <object_component id="oc-381">
         <name>.debug_info</name>
         <load_address>0x13631</load_address>
         <run_address>0x13631</run_address>
         <size>0x31d</size>
         <input_file_ref idref="fl-10"/>
      </object_component>
      <object_component id="oc-225">
         <name>.debug_info</name>
         <load_address>0x1394e</load_address>
         <run_address>0x1394e</run_address>
         <size>0x118a</size>
         <input_file_ref idref="fl-10"/>
      </object_component>
      <object_component id="oc-4b">
         <name>.debug_info</name>
         <load_address>0x14ad8</load_address>
         <run_address>0x14ad8</run_address>
         <size>0x30d</size>
         <input_file_ref idref="fl-10"/>
      </object_component>
      <object_component id="oc-391">
         <name>.debug_info</name>
         <load_address>0x14de5</load_address>
         <run_address>0x14de5</run_address>
         <size>0x30f</size>
         <input_file_ref idref="fl-11"/>
      </object_component>
      <object_component id="oc-38e">
         <name>.debug_info</name>
         <load_address>0x150f4</load_address>
         <run_address>0x150f4</run_address>
         <size>0xf7</size>
         <input_file_ref idref="fl-11"/>
      </object_component>
      <object_component id="oc-22e">
         <name>.debug_info</name>
         <load_address>0x151eb</load_address>
         <run_address>0x151eb</run_address>
         <size>0xd3f</size>
         <input_file_ref idref="fl-11"/>
      </object_component>
      <object_component id="oc-480">
         <name>.debug_info</name>
         <load_address>0x15f2a</load_address>
         <run_address>0x15f2a</run_address>
         <size>0x91</size>
         <input_file_ref idref="fl-11"/>
      </object_component>
      <object_component id="oc-97">
         <name>.debug_info</name>
         <load_address>0x15fbb</load_address>
         <run_address>0x15fbb</run_address>
         <size>0x89c</size>
         <input_file_ref idref="fl-12"/>
      </object_component>
      <object_component id="oc-52">
         <name>.debug_info</name>
         <load_address>0x16857</load_address>
         <run_address>0x16857</run_address>
         <size>0x11e</size>
         <input_file_ref idref="fl-14"/>
      </object_component>
      <object_component id="oc-158">
         <name>.debug_info</name>
         <load_address>0x16975</load_address>
         <run_address>0x16975</run_address>
         <size>0x48d</size>
         <input_file_ref idref="fl-15"/>
      </object_component>
      <object_component id="oc-48a">
         <name>.debug_info</name>
         <load_address>0x16e02</load_address>
         <run_address>0x16e02</run_address>
         <size>0x305</size>
         <input_file_ref idref="fl-16"/>
      </object_component>
      <object_component id="oc-43a">
         <name>.debug_info</name>
         <load_address>0x17107</load_address>
         <run_address>0x17107</run_address>
         <size>0x457</size>
         <input_file_ref idref="fl-16"/>
      </object_component>
      <object_component id="oc-56">
         <name>.debug_info</name>
         <load_address>0x1755e</load_address>
         <run_address>0x1755e</run_address>
         <size>0x157</size>
         <input_file_ref idref="fl-17"/>
      </object_component>
      <object_component id="oc-be">
         <name>.debug_info</name>
         <load_address>0x176b5</load_address>
         <run_address>0x176b5</run_address>
         <size>0xa0f</size>
         <input_file_ref idref="fl-1a"/>
      </object_component>
      <object_component id="oc-2a">
         <name>.debug_info</name>
         <load_address>0x180c4</load_address>
         <run_address>0x180c4</run_address>
         <size>0x28d</size>
         <input_file_ref idref="fl-1a"/>
      </object_component>
      <object_component id="oc-b4">
         <name>.debug_info</name>
         <load_address>0x18351</load_address>
         <run_address>0x18351</run_address>
         <size>0x23f</size>
         <input_file_ref idref="fl-1a"/>
      </object_component>
      <object_component id="oc-173">
         <name>.debug_info</name>
         <load_address>0x18590</load_address>
         <run_address>0x18590</run_address>
         <size>0x795</size>
         <input_file_ref idref="fl-1a"/>
      </object_component>
      <object_component id="oc-178">
         <name>.debug_info</name>
         <load_address>0x18d25</load_address>
         <run_address>0x18d25</run_address>
         <size>0x306</size>
         <input_file_ref idref="fl-1a"/>
      </object_component>
      <object_component id="oc-17d">
         <name>.debug_info</name>
         <load_address>0x1902b</load_address>
         <run_address>0x1902b</run_address>
         <size>0xb13</size>
         <input_file_ref idref="fl-1a"/>
      </object_component>
      <object_component id="oc-182">
         <name>.debug_info</name>
         <load_address>0x19b3e</load_address>
         <run_address>0x19b3e</run_address>
         <size>0x591</size>
         <input_file_ref idref="fl-1a"/>
      </object_component>
      <object_component id="oc-c1">
         <name>.debug_info</name>
         <load_address>0x1a0cf</load_address>
         <run_address>0x1a0cf</run_address>
         <size>0xb1a</size>
         <input_file_ref idref="fl-1a"/>
      </object_component>
      <object_component id="oc-187">
         <name>.debug_info</name>
         <load_address>0x1abe9</load_address>
         <run_address>0x1abe9</run_address>
         <size>0x18c</size>
         <input_file_ref idref="fl-1a"/>
      </object_component>
      <object_component id="oc-191">
         <name>.debug_info</name>
         <load_address>0x1ad75</load_address>
         <run_address>0x1ad75</run_address>
         <size>0x102</size>
         <input_file_ref idref="fl-1a"/>
      </object_component>
      <object_component id="oc-1b4">
         <name>.debug_info</name>
         <load_address>0x1ae77</load_address>
         <run_address>0x1ae77</run_address>
         <size>0x222</size>
         <input_file_ref idref="fl-1a"/>
      </object_component>
      <object_component id="oc-1f5">
         <name>.debug_info</name>
         <load_address>0x1b099</load_address>
         <run_address>0x1b099</run_address>
         <size>0x4a3</size>
         <input_file_ref idref="fl-1a"/>
      </object_component>
      <object_component id="oc-1b9">
         <name>.debug_info</name>
         <load_address>0x1b53c</load_address>
         <run_address>0x1b53c</run_address>
         <size>0x4d2</size>
         <input_file_ref idref="fl-1a"/>
      </object_component>
      <object_component id="oc-1be">
         <name>.debug_info</name>
         <load_address>0x1ba0e</load_address>
         <run_address>0x1ba0e</run_address>
         <size>0x1ca</size>
         <input_file_ref idref="fl-1a"/>
      </object_component>
      <object_component id="oc-1c3">
         <name>.debug_info</name>
         <load_address>0x1bbd8</load_address>
         <run_address>0x1bbd8</run_address>
         <size>0x285</size>
         <input_file_ref idref="fl-1a"/>
      </object_component>
      <object_component id="oc-1c8">
         <name>.debug_info</name>
         <load_address>0x1be5d</load_address>
         <run_address>0x1be5d</run_address>
         <size>0x3f6</size>
         <input_file_ref idref="fl-1a"/>
      </object_component>
      <object_component id="oc-1cd">
         <name>.debug_info</name>
         <load_address>0x1c253</load_address>
         <run_address>0x1c253</run_address>
         <size>0x1d1</size>
         <input_file_ref idref="fl-1a"/>
      </object_component>
      <object_component id="oc-1d2">
         <name>.debug_info</name>
         <load_address>0x1c424</load_address>
         <run_address>0x1c424</run_address>
         <size>0x152</size>
         <input_file_ref idref="fl-1a"/>
      </object_component>
      <object_component id="oc-1d7">
         <name>.debug_info</name>
         <load_address>0x1c576</load_address>
         <run_address>0x1c576</run_address>
         <size>0x1de</size>
         <input_file_ref idref="fl-1a"/>
      </object_component>
      <object_component id="oc-1dc">
         <name>.debug_info</name>
         <load_address>0x1c754</load_address>
         <run_address>0x1c754</run_address>
         <size>0x2af</size>
         <input_file_ref idref="fl-1a"/>
      </object_component>
      <object_component id="oc-1e1">
         <name>.debug_info</name>
         <load_address>0x1ca03</load_address>
         <run_address>0x1ca03</run_address>
         <size>0x1ab</size>
         <input_file_ref idref="fl-1a"/>
      </object_component>
      <object_component id="oc-1e6">
         <name>.debug_info</name>
         <load_address>0x1cbae</load_address>
         <run_address>0x1cbae</run_address>
         <size>0x29b</size>
         <input_file_ref idref="fl-1a"/>
      </object_component>
      <object_component id="oc-1eb">
         <name>.debug_info</name>
         <load_address>0x1ce49</load_address>
         <run_address>0x1ce49</run_address>
         <size>0xee</size>
         <input_file_ref idref="fl-1a"/>
      </object_component>
      <object_component id="oc-1f0">
         <name>.debug_info</name>
         <load_address>0x1cf37</load_address>
         <run_address>0x1cf37</run_address>
         <size>0x116</size>
         <input_file_ref idref="fl-1a"/>
      </object_component>
      <object_component id="oc-1fa">
         <name>.debug_info</name>
         <load_address>0x1d04d</load_address>
         <run_address>0x1d04d</run_address>
         <size>0x1b6</size>
         <input_file_ref idref="fl-1a"/>
      </object_component>
      <object_component id="oc-1ff">
         <name>.debug_info</name>
         <load_address>0x1d203</load_address>
         <run_address>0x1d203</run_address>
         <size>0x36d</size>
         <input_file_ref idref="fl-1a"/>
      </object_component>
      <object_component id="oc-209">
         <name>.debug_info</name>
         <load_address>0x1d570</load_address>
         <run_address>0x1d570</run_address>
         <size>0x1b6</size>
         <input_file_ref idref="fl-1a"/>
      </object_component>
      <object_component id="oc-d4">
         <name>.debug_info</name>
         <load_address>0x1d726</load_address>
         <run_address>0x1d726</run_address>
         <size>0x580</size>
         <input_file_ref idref="fl-1b"/>
      </object_component>
      <object_component id="oc-41">
         <name>.debug_info</name>
         <load_address>0x1dca6</load_address>
         <run_address>0x1dca6</run_address>
         <size>0xf1</size>
         <input_file_ref idref="fl-1b"/>
      </object_component>
      <object_component id="oc-5c">
         <name>.debug_info</name>
         <load_address>0x1dd97</load_address>
         <run_address>0x1dd97</run_address>
         <size>0x4c9</size>
         <input_file_ref idref="fl-1b"/>
      </object_component>
      <object_component id="oc-61">
         <name>.debug_info</name>
         <load_address>0x1e260</load_address>
         <run_address>0x1e260</run_address>
         <size>0x214</size>
         <input_file_ref idref="fl-1b"/>
      </object_component>
      <object_component id="oc-24d">
         <name>.debug_info</name>
         <load_address>0x1e474</load_address>
         <run_address>0x1e474</run_address>
         <size>0x4f</size>
         <input_file_ref idref="fl-1b"/>
      </object_component>
      <object_component id="oc-30b">
         <name>.debug_info</name>
         <load_address>0x1e4c3</load_address>
         <run_address>0x1e4c3</run_address>
         <size>0x3f3</size>
         <input_file_ref idref="fl-1c"/>
      </object_component>
      <object_component id="oc-146">
         <name>.debug_info</name>
         <load_address>0x1e8b6</load_address>
         <run_address>0x1e8b6</run_address>
         <size>0x5e9</size>
         <input_file_ref idref="fl-1c"/>
      </object_component>
      <object_component id="oc-9c">
         <name>.debug_info</name>
         <load_address>0x1ee9f</load_address>
         <run_address>0x1ee9f</run_address>
         <size>0x5b7</size>
         <input_file_ref idref="fl-22"/>
      </object_component>
      <object_component id="oc-ee">
         <name>.debug_info</name>
         <load_address>0x1f456</load_address>
         <run_address>0x1f456</run_address>
         <size>0x489</size>
         <input_file_ref idref="fl-23"/>
      </object_component>
      <object_component id="oc-eb">
         <name>.debug_info</name>
         <load_address>0x1f8df</load_address>
         <run_address>0x1f8df</run_address>
         <size>0x140</size>
         <input_file_ref idref="fl-23"/>
      </object_component>
      <object_component id="oc-68">
         <name>.debug_info</name>
         <load_address>0x1fa1f</load_address>
         <run_address>0x1fa1f</run_address>
         <size>0x776</size>
         <input_file_ref idref="fl-23"/>
      </object_component>
      <object_component id="oc-6d">
         <name>.debug_info</name>
         <load_address>0x20195</load_address>
         <run_address>0x20195</run_address>
         <size>0x359</size>
         <input_file_ref idref="fl-23"/>
      </object_component>
      <object_component id="oc-257">
         <name>.debug_info</name>
         <load_address>0x204ee</load_address>
         <run_address>0x204ee</run_address>
         <size>0x795</size>
         <input_file_ref idref="fl-23"/>
      </object_component>
      <object_component id="oc-25c">
         <name>.debug_info</name>
         <load_address>0x20c83</load_address>
         <run_address>0x20c83</run_address>
         <size>0x306</size>
         <input_file_ref idref="fl-23"/>
      </object_component>
      <object_component id="oc-261">
         <name>.debug_info</name>
         <load_address>0x20f89</load_address>
         <run_address>0x20f89</run_address>
         <size>0xb13</size>
         <input_file_ref idref="fl-23"/>
      </object_component>
      <object_component id="oc-266">
         <name>.debug_info</name>
         <load_address>0x21a9c</load_address>
         <run_address>0x21a9c</run_address>
         <size>0x591</size>
         <input_file_ref idref="fl-23"/>
      </object_component>
      <object_component id="oc-f4">
         <name>.debug_info</name>
         <load_address>0x2202d</load_address>
         <run_address>0x2202d</run_address>
         <size>0xb1a</size>
         <input_file_ref idref="fl-23"/>
      </object_component>
      <object_component id="oc-2eb">
         <name>.debug_info</name>
         <load_address>0x22b47</load_address>
         <run_address>0x22b47</run_address>
         <size>0xa1</size>
         <input_file_ref idref="fl-23"/>
      </object_component>
      <object_component id="oc-2f7">
         <name>.debug_info</name>
         <load_address>0x22be8</load_address>
         <run_address>0x22be8</run_address>
         <size>0x305</size>
         <input_file_ref idref="fl-23"/>
      </object_component>
      <object_component id="oc-26b">
         <name>.debug_info</name>
         <load_address>0x22eed</load_address>
         <run_address>0x22eed</run_address>
         <size>0x18c</size>
         <input_file_ref idref="fl-23"/>
      </object_component>
      <object_component id="oc-2d1">
         <name>.debug_info</name>
         <load_address>0x23079</load_address>
         <run_address>0x23079</run_address>
         <size>0x18b</size>
         <input_file_ref idref="fl-23"/>
      </object_component>
      <object_component id="oc-f9">
         <name>.debug_info</name>
         <load_address>0x23204</load_address>
         <run_address>0x23204</run_address>
         <size>0xae</size>
         <input_file_ref idref="fl-23"/>
      </object_component>
      <object_component id="oc-270">
         <name>.debug_info</name>
         <load_address>0x232b2</load_address>
         <run_address>0x232b2</run_address>
         <size>0x102</size>
         <input_file_ref idref="fl-23"/>
      </object_component>
      <object_component id="oc-275">
         <name>.debug_info</name>
         <load_address>0x233b4</load_address>
         <run_address>0x233b4</run_address>
         <size>0x222</size>
         <input_file_ref idref="fl-23"/>
      </object_component>
      <object_component id="oc-2bb">
         <name>.debug_info</name>
         <load_address>0x235d6</load_address>
         <run_address>0x235d6</run_address>
         <size>0x4a3</size>
         <input_file_ref idref="fl-23"/>
      </object_component>
      <object_component id="oc-27a">
         <name>.debug_info</name>
         <load_address>0x23a79</load_address>
         <run_address>0x23a79</run_address>
         <size>0x4d2</size>
         <input_file_ref idref="fl-23"/>
      </object_component>
      <object_component id="oc-13a">
         <name>.debug_info</name>
         <load_address>0x23f4b</load_address>
         <run_address>0x23f4b</run_address>
         <size>0x2e2</size>
         <input_file_ref idref="fl-23"/>
      </object_component>
      <object_component id="oc-27f">
         <name>.debug_info</name>
         <load_address>0x2422d</load_address>
         <run_address>0x2422d</run_address>
         <size>0x1ca</size>
         <input_file_ref idref="fl-23"/>
      </object_component>
      <object_component id="oc-284">
         <name>.debug_info</name>
         <load_address>0x243f7</load_address>
         <run_address>0x243f7</run_address>
         <size>0x142</size>
         <input_file_ref idref="fl-23"/>
      </object_component>
      <object_component id="oc-289">
         <name>.debug_info</name>
         <load_address>0x24539</load_address>
         <run_address>0x24539</run_address>
         <size>0x285</size>
         <input_file_ref idref="fl-23"/>
      </object_component>
      <object_component id="oc-28e">
         <name>.debug_info</name>
         <load_address>0x247be</load_address>
         <run_address>0x247be</run_address>
         <size>0x3f6</size>
         <input_file_ref idref="fl-23"/>
      </object_component>
      <object_component id="oc-293">
         <name>.debug_info</name>
         <load_address>0x24bb4</load_address>
         <run_address>0x24bb4</run_address>
         <size>0x1d1</size>
         <input_file_ref idref="fl-23"/>
      </object_component>
      <object_component id="oc-298">
         <name>.debug_info</name>
         <load_address>0x24d85</load_address>
         <run_address>0x24d85</run_address>
         <size>0x152</size>
         <input_file_ref idref="fl-23"/>
      </object_component>
      <object_component id="oc-29d">
         <name>.debug_info</name>
         <load_address>0x24ed7</load_address>
         <run_address>0x24ed7</run_address>
         <size>0x1de</size>
         <input_file_ref idref="fl-23"/>
      </object_component>
      <object_component id="oc-2a2">
         <name>.debug_info</name>
         <load_address>0x250b5</load_address>
         <run_address>0x250b5</run_address>
         <size>0x2af</size>
         <input_file_ref idref="fl-23"/>
      </object_component>
      <object_component id="oc-2a7">
         <name>.debug_info</name>
         <load_address>0x25364</load_address>
         <run_address>0x25364</run_address>
         <size>0x1ab</size>
         <input_file_ref idref="fl-23"/>
      </object_component>
      <object_component id="oc-2ac">
         <name>.debug_info</name>
         <load_address>0x2550f</load_address>
         <run_address>0x2550f</run_address>
         <size>0x29b</size>
         <input_file_ref idref="fl-23"/>
      </object_component>
      <object_component id="oc-2b1">
         <name>.debug_info</name>
         <load_address>0x257aa</load_address>
         <run_address>0x257aa</run_address>
         <size>0xee</size>
         <input_file_ref idref="fl-23"/>
      </object_component>
      <object_component id="oc-2b6">
         <name>.debug_info</name>
         <load_address>0x25898</load_address>
         <run_address>0x25898</run_address>
         <size>0x116</size>
         <input_file_ref idref="fl-23"/>
      </object_component>
      <object_component id="oc-2c0">
         <name>.debug_info</name>
         <load_address>0x259ae</load_address>
         <run_address>0x259ae</run_address>
         <size>0x1b6</size>
         <input_file_ref idref="fl-23"/>
      </object_component>
      <object_component id="oc-2c5">
         <name>.debug_info</name>
         <load_address>0x25b64</load_address>
         <run_address>0x25b64</run_address>
         <size>0x6f7</size>
         <input_file_ref idref="fl-23"/>
      </object_component>
      <object_component id="oc-2ca">
         <name>.debug_info</name>
         <load_address>0x2625b</load_address>
         <run_address>0x2625b</run_address>
         <size>0x36d</size>
         <input_file_ref idref="fl-23"/>
      </object_component>
      <object_component id="oc-11d">
         <name>.debug_info</name>
         <load_address>0x265c8</load_address>
         <run_address>0x265c8</run_address>
         <size>0x453</size>
         <input_file_ref idref="fl-24"/>
      </object_component>
      <object_component id="oc-a0">
         <name>.debug_info</name>
         <load_address>0x26a1b</load_address>
         <run_address>0x26a1b</run_address>
         <size>0x6d8</size>
         <input_file_ref idref="fl-24"/>
      </object_component>
      <object_component id="oc-122">
         <name>.debug_info</name>
         <load_address>0x270f3</load_address>
         <run_address>0x270f3</run_address>
         <size>0x468</size>
         <input_file_ref idref="fl-25"/>
      </object_component>
      <object_component id="oc-11f">
         <name>.debug_info</name>
         <load_address>0x2755b</load_address>
         <run_address>0x2755b</run_address>
         <size>0x13c</size>
         <input_file_ref idref="fl-25"/>
      </object_component>
      <object_component id="oc-a6">
         <name>.debug_info</name>
         <load_address>0x27697</load_address>
         <run_address>0x27697</run_address>
         <size>0xcc6</size>
         <input_file_ref idref="fl-25"/>
      </object_component>
      <object_component id="oc-12a">
         <name>.debug_info</name>
         <load_address>0x2835d</load_address>
         <run_address>0x2835d</run_address>
         <size>0xca2</size>
         <input_file_ref idref="fl-26"/>
      </object_component>
      <object_component id="oc-f1">
         <name>.debug_info</name>
         <load_address>0x28fff</load_address>
         <run_address>0x28fff</run_address>
         <size>0x166</size>
         <input_file_ref idref="fl-26"/>
      </object_component>
      <object_component id="oc-ac">
         <name>.debug_info</name>
         <load_address>0x29165</load_address>
         <run_address>0x29165</run_address>
         <size>0x496f</size>
         <input_file_ref idref="fl-26"/>
      </object_component>
      <object_component id="oc-2fc">
         <name>.debug_info</name>
         <load_address>0x2dad4</load_address>
         <run_address>0x2dad4</run_address>
         <size>0x3d6</size>
         <input_file_ref idref="fl-27"/>
      </object_component>
      <object_component id="oc-2f1">
         <name>.debug_info</name>
         <load_address>0x2deaa</load_address>
         <run_address>0x2deaa</run_address>
         <size>0x178</size>
         <input_file_ref idref="fl-27"/>
      </object_component>
      <object_component id="oc-2f4">
         <name>.debug_info</name>
         <load_address>0x2e022</load_address>
         <run_address>0x2e022</run_address>
         <size>0x144</size>
         <input_file_ref idref="fl-27"/>
      </object_component>
      <object_component id="oc-124">
         <name>.debug_info</name>
         <load_address>0x2e166</load_address>
         <run_address>0x2e166</run_address>
         <size>0x262</size>
         <input_file_ref idref="fl-27"/>
      </object_component>
      <object_component id="oc-47b">
         <name>.debug_info</name>
         <load_address>0x2e3c8</load_address>
         <run_address>0x2e3c8</run_address>
         <size>0x254</size>
         <input_file_ref idref="fl-dd"/>
      </object_component>
      <object_component id="oc-388">
         <name>.debug_info</name>
         <load_address>0x2e61c</load_address>
         <run_address>0x2e61c</run_address>
         <size>0x165</size>
         <input_file_ref idref="fl-dd"/>
      </object_component>
      <object_component id="oc-78">
         <name>.debug_info</name>
         <load_address>0x2e781</load_address>
         <run_address>0x2e781</run_address>
         <size>0x84</size>
         <input_file_ref idref="fl-dd"/>
      </object_component>
      <object_component id="oc-4ad">
         <name>.debug_info</name>
         <load_address>0x2e805</load_address>
         <run_address>0x2e805</run_address>
         <size>0x46</size>
         <input_file_ref idref="fl-dd"/>
      </object_component>
      <object_component id="oc-476">
         <name>.debug_info</name>
         <load_address>0x2e84b</load_address>
         <run_address>0x2e84b</run_address>
         <size>0x39</size>
         <input_file_ref idref="fl-dd"/>
      </object_component>
      <object_component id="oc-80">
         <name>.debug_info</name>
         <load_address>0x2e884</load_address>
         <run_address>0x2e884</run_address>
         <size>0x14c</size>
         <input_file_ref idref="fl-de"/>
      </object_component>
      <object_component id="oc-115">
         <name>.debug_info</name>
         <load_address>0x2e9d0</load_address>
         <run_address>0x2e9d0</run_address>
         <size>0x114</size>
         <input_file_ref idref="fl-df"/>
      </object_component>
      <object_component id="oc-447">
         <name>.debug_info</name>
         <load_address>0x2eae4</load_address>
         <run_address>0x2eae4</run_address>
         <size>0x517</size>
         <input_file_ref idref="fl-e0"/>
      </object_component>
      <object_component id="oc-317">
         <name>.debug_info</name>
         <load_address>0x2effb</load_address>
         <run_address>0x2effb</run_address>
         <size>0x16b</size>
         <input_file_ref idref="fl-e0"/>
      </object_component>
      <object_component id="oc-48e">
         <name>.debug_info</name>
         <load_address>0x2f166</load_address>
         <run_address>0x2f166</run_address>
         <size>0x39</size>
         <input_file_ref idref="fl-e0"/>
      </object_component>
      <object_component id="oc-4b8">
         <name>.debug_info</name>
         <load_address>0x2f19f</load_address>
         <run_address>0x2f19f</run_address>
         <size>0x39</size>
         <input_file_ref idref="fl-e0"/>
      </object_component>
      <object_component id="oc-493">
         <name>.debug_info</name>
         <load_address>0x2f1d8</load_address>
         <run_address>0x2f1d8</run_address>
         <size>0x39</size>
         <input_file_ref idref="fl-e0"/>
      </object_component>
      <object_component id="oc-498">
         <name>.debug_info</name>
         <load_address>0x2f211</load_address>
         <run_address>0x2f211</run_address>
         <size>0xcd</size>
         <input_file_ref idref="fl-e0"/>
      </object_component>
      <object_component id="oc-113">
         <name>.debug_info</name>
         <load_address>0x2f2de</load_address>
         <run_address>0x2f2de</run_address>
         <size>0x2de</size>
         <input_file_ref idref="fl-e2"/>
      </object_component>
      <object_component id="oc-8a">
         <name>.debug_info</name>
         <load_address>0x2f5bc</load_address>
         <run_address>0x2f5bc</run_address>
         <size>0x184</size>
         <input_file_ref idref="fl-e2"/>
      </object_component>
      <object_component id="oc-10e">
         <name>.debug_info</name>
         <load_address>0x2f740</load_address>
         <run_address>0x2f740</run_address>
         <size>0x46</size>
         <input_file_ref idref="fl-e2"/>
      </object_component>
      <object_component id="oc-2dd">
         <name>.debug_info</name>
         <load_address>0x2f786</load_address>
         <run_address>0x2f786</run_address>
         <size>0x2c</size>
         <input_file_ref idref="fl-e2"/>
      </object_component>
      <object_component id="oc-88">
         <name>.debug_info</name>
         <load_address>0x2f7b2</load_address>
         <run_address>0x2f7b2</run_address>
         <size>0x268</size>
         <input_file_ref idref="fl-e3"/>
      </object_component>
      <object_component id="oc-22">
         <name>.debug_info</name>
         <load_address>0x2fa1a</load_address>
         <run_address>0x2fa1a</run_address>
         <size>0x19a</size>
         <input_file_ref idref="fl-e3"/>
      </object_component>
      <object_component id="oc-83">
         <name>.debug_info</name>
         <load_address>0x2fbb4</load_address>
         <run_address>0x2fbb4</run_address>
         <size>0x46</size>
         <input_file_ref idref="fl-e3"/>
      </object_component>
      <object_component id="oc-106">
         <name>.debug_info</name>
         <load_address>0x2fbfa</load_address>
         <run_address>0x2fbfa</run_address>
         <size>0x2c</size>
         <input_file_ref idref="fl-e3"/>
      </object_component>
      <object_component id="oc-104">
         <name>.debug_info</name>
         <load_address>0x2fc26</load_address>
         <run_address>0x2fc26</run_address>
         <size>0x263</size>
         <input_file_ref idref="fl-e4"/>
      </object_component>
      <object_component id="oc-1b">
         <name>.debug_info</name>
         <load_address>0x2fe89</load_address>
         <run_address>0x2fe89</run_address>
         <size>0x215</size>
         <input_file_ref idref="fl-e4"/>
      </object_component>
      <object_component id="oc-73">
         <name>.debug_info</name>
         <load_address>0x3009e</load_address>
         <run_address>0x3009e</run_address>
         <size>0x60</size>
         <input_file_ref idref="fl-e4"/>
      </object_component>
      <object_component id="oc-2d6">
         <name>.debug_info</name>
         <load_address>0x300fe</load_address>
         <run_address>0x300fe</run_address>
         <size>0x46</size>
         <input_file_ref idref="fl-e4"/>
      </object_component>
      <object_component id="oc-ff">
         <name>.debug_info</name>
         <load_address>0x30144</load_address>
         <run_address>0x30144</run_address>
[...]
      </symbol>
      <symbol id="sm-5a9">
         <name>_mpuEnableBackgroundRegion_</name>
         <value>0x8474</value>
         <object_component_ref idref="oc-156"/>
      </symbol>
      <symbol id="sm-5aa">
         <name>_mpuGetRegionType_</name>
         <value>0x84d8</value>
         <object_component_ref idref="oc-156"/>
      </symbol>
      <symbol id="sm-5ab">
         <name>_mpuDisable_</name>
         <value>0x845c</value>
         <object_component_ref idref="oc-156"/>
      </symbol>
      <symbol id="sm-5ac">
         <name>_mpuGetRegionBaseAddress_</name>
         <value>0x84c4</value>
         <object_component_ref idref="oc-156"/>
      </symbol>
      <symbol id="sm-5ad">
         <name>_mpuSetRegion_</name>
         <value>0x84ac</value>
         <object_component_ref idref="oc-156"/>
      </symbol>
      <symbol id="sm-5ae">
         <name>_mpuGetRegion_</name>
         <value>0x84b4</value>
         <object_component_ref idref="oc-156"/>
      </symbol>
      <symbol id="sm-5c1">
         <name>phantomInterrupt</name>
         <value>0xa474</value>
         <object_component_ref idref="oc-54"/>
      </symbol>
      <symbol id="sm-66c">
         <name>resetReason</name>
         <value>0x8001a11</value>
      </symbol>
      <symbol id="sm-66d">
         <name>afterSTC</name>
         <value>0xa238</value>
         <object_component_ref idref="oc-b1"/>
      </symbol>
      <symbol id="sm-66e">
         <name>_c_int00</name>
         <value>0x94d0</value>
         <object_component_ref idref="oc-27"/>
      </symbol>
      <symbol id="sm-713">
         <name>vimChannelMap</name>
         <value>0x55f0</value>
         <object_component_ref idref="oc-5b"/>
      </symbol>
      <symbol id="sm-714">
         <name>vimInit</name>
         <value>0x551c</value>
         <object_component_ref idref="oc-5b"/>
      </symbol>
      <symbol id="sm-715">
         <name>vimEnableInterrupt</name>
         <value>0x5694</value>
         <object_component_ref idref="oc-5b"/>
      </symbol>
      <symbol id="sm-716">
         <name>vimDisableInterrupt</name>
         <value>0x585c</value>
         <object_component_ref idref="oc-5b"/>
      </symbol>
      <symbol id="sm-717">
         <name>vimGetConfigValue</name>
         <value>0x5908</value>
         <object_component_ref idref="oc-5b"/>
      </symbol>
      <symbol id="sm-718">
         <name>vimECCErrorHandler</name>
         <value>0x84f8</value>
         <object_component_ref idref="oc-5a"/>
      </symbol>
      <symbol id="sm-766">
         <name>systemGetConfigValue</name>
         <value>0x5054</value>
         <object_component_ref idref="oc-144"/>
      </symbol>
      <symbol id="sm-767">
         <name>trimLPO</name>
         <value>0x4c20</value>
         <object_component_ref idref="oc-144"/>
      </symbol>
      <symbol id="sm-768">
         <name>systemInit</name>
         <value>0x4e88</value>
         <object_component_ref idref="oc-144"/>
      </symbol>
      <symbol id="sm-769">
         <name>periphInit</name>
         <value>0x4ca8</value>
         <object_component_ref idref="oc-144"/>
      </symbol>
      <symbol id="sm-76a">
         <name>setupFlash</name>
         <value>0x4c68</value>
         <object_component_ref idref="oc-144"/>
      </symbol>
      <symbol id="sm-76b">
         <name>setupPLL</name>
         <value>0x4bc0</value>
         <object_component_ref idref="oc-144"/>
      </symbol>
      <symbol id="sm-76c">
         <name>getResetSource</name>
         <value>0x4f2c</value>
         <object_component_ref idref="oc-144"/>
      </symbol>
      <symbol id="sm-76d">
         <name>mapClocks</name>
         <value>0x4d5c</value>
         <object_component_ref idref="oc-144"/>
      </symbol>
      <symbol id="sm-76e">
         <name>systemPowerDown</name>
         <value>0x4efc</value>
         <object_component_ref idref="oc-144"/>
      </symbol>
      <symbol id="sm-780">
         <name>SL_Init_R5Registers</name>
         <value>0x9110</value>
         <object_component_ref idref="oc-9a"/>
      </symbol>
      <symbol id="sm-781">
         <name>_SL_Disable_IRQ</name>
         <value>0x90b4</value>
         <object_component_ref idref="oc-9a"/>
      </symbol>
      <symbol id="sm-782">
         <name>_SL_Get_DataFault_Status</name>
         <value>0x9100</value>
         <object_component_ref idref="oc-9a"/>
      </symbol>
      <symbol id="sm-783">
         <name>_SL_Get_ARM_Mode</name>
         <value>0x90f4</value>
         <object_component_ref idref="oc-9a"/>
      </symbol>
      <symbol id="sm-784">
         <name>_SL_Barrier_Data_Access</name>
         <value>0x92c8</value>
         <object_component_ref idref="oc-9a"/>
      </symbol>
      <symbol id="sm-785">
         <name>_SL_Kickoff_STC_execution</name>
         <value>0x9288</value>
         <object_component_ref idref="oc-9a"/>
      </symbol>
      <symbol id="sm-786">
         <name>_SL_Restore_IRQ</name>
         <value>0x90d4</value>
         <object_component_ref idref="oc-9a"/>
      </symbol>
      <symbol id="sm-787">
         <name>SL_Init_StackPointers</name>
         <value>0x9238</value>
         <object_component_ref idref="oc-9a"/>
      </symbol>
      <symbol id="sm-788">
         <name>_SL_Init_EnableEventExport</name>
         <value>0x909c</value>
         <object_component_ref idref="oc-9a"/>
      </symbol>
      <symbol id="sm-789">
         <name>_SL_Get_DataFault_Address</name>
         <value>0x9108</value>
         <object_component_ref idref="oc-9a"/>
      </symbol>
      <symbol id="sm-87f">
         <name>SL_ESM_Init</name>
         <value>0x7d74</value>
         <object_component_ref idref="oc-67"/>
      </symbol>
      <symbol id="sm-880">
         <name>SL_ESM_nERROR_Active</name>
         <value>0x7d5c</value>
         <object_component_ref idref="oc-67"/>
      </symbol>
      <symbol id="sm-89c">
         <name>SL_Init_ECCTCMRAM</name>
         <value>0x9c1c</value>
         <object_component_ref idref="oc-9f"/>
      </symbol>
      <symbol id="sm-89d">
         <name>SL_Init_Memory</name>
         <value>0x9bd0</value>
         <object_component_ref idref="oc-9f"/>
      </symbol>
      <symbol id="sm-89e">
         <name>SL_Init_ResetReason_XInfo</name>
         <value>0x9afc</value>
         <object_component_ref idref="oc-9f"/>
      </symbol>
      <symbol id="sm-89f">
         <name>SL_Init_ResetReason</name>
         <value>0x9b04</value>
         <object_component_ref idref="oc-9f"/>
      </symbol>
      <symbol id="sm-8a0">
         <name>SL_Init_ECCFlash</name>
         <value>0x9c2c</value>
         <object_component_ref idref="oc-9f"/>
      </symbol>
      <symbol id="sm-8c8">
         <name>_SL_SelfTest_adcStartConversion_selChn</name>
         <value>0x92d4</value>
         <object_component_ref idref="oc-a5"/>
      </symbol>
      <symbol id="sm-8c9">
         <name>SL_FLAG_GET</name>
         <value>0x9490</value>
         <object_component_ref idref="oc-a5"/>
      </symbol>
      <symbol id="sm-8ca">
         <name>_SL_HoldNClear_nError</name>
         <value>0x9438</value>
         <object_component_ref idref="oc-a5"/>
      </symbol>
      <symbol id="sm-8cb">
         <name>sl_priv_flag_set</name>
         <value>0x8001a20</value>
         <object_component_ref idref="oc-11e"/>
      </symbol>
      <symbol id="sm-8cc">
         <name>SL_FLAG_SET</name>
         <value>0x9478</value>
         <object_component_ref idref="oc-a5"/>
      </symbol>
      <symbol id="sm-8cd">
         <name>SL_FLAG_CLEAR</name>
         <value>0x94a4</value>
         <object_component_ref idref="oc-a5"/>
      </symbol>
      <symbol id="sm-8ce">
         <name>_SL_SelfTest_adcIsConversionComplete</name>
         <value>0x9304</value>
         <object_component_ref idref="oc-a5"/>
      </symbol>
      <symbol id="sm-8cf">
         <name>_SL_SelfTest_adcGetSingleData</name>
         <value>0x9330</value>
         <object_component_ref idref="oc-a5"/>
      </symbol>
      <symbol id="sm-8d0">
         <name>_SL_Approximate_value</name>
         <value>0x9458</value>
         <object_component_ref idref="oc-a5"/>
      </symbol>
      <symbol id="sm-8d1">
         <name>_SL_SelfTest_SRAM_RAD</name>
         <value>0x9380</value>
         <object_component_ref idref="oc-a5"/>
      </symbol>
      <symbol id="sm-a88">
         <name>g_MemIntrCnt_retVal</name>
         <value>0x8001a0f</value>
      </symbol>
      <symbol id="sm-a89">
         <name>g_MemIntrCnt_reserved_word</name>
         <value>0x80019e0</value>
      </symbol>
      <symbol id="sm-a8a">
         <name>g_MainPeriphIntrCnt_retVal</name>
         <value>0x8001a0e</value>
      </symbol>
      <symbol id="sm-a8b">
         <name>g_MainPeriphIntrCnt_flag</name>
         <value>0x8001a0d</value>
      </symbol>
      <symbol id="sm-a8c">
         <name>g_MainPeriphIntrCnt_reserved_word</name>
         <value>0x80019dc</value>
      </symbol>
      <symbol id="sm-a8d">
         <name>g_PeriphSegIntrCnt_retVal</name>
         <value>0x8001a10</value>
      </symbol>
      <symbol id="sm-a8e">
         <name>g_PeriphSegIntrCnt_reserved_word_read</name>
         <value>0x80019fc</value>
      </symbol>
      <symbol id="sm-a8f">
         <name>g_PeriphSegIntrCnt_protected_word_read</name>
         <value>0x80019f4</value>
      </symbol>
      <symbol id="sm-a90">
         <name>g_PeriphSegIntrCnt_pcrprot_bit</name>
         <value>0x80019e4</value>
      </symbol>
      <symbol id="sm-a91">
         <name>g_PeriphSegIntrCnt_reserved_word_location</name>
         <value>0x80019f8</value>
      </symbol>
      <symbol id="sm-a92">
         <name>g_PeriphSegIntrCnt_protected_word_location</name>
         <value>0x80019f0</value>
      </symbol>
      <symbol id="sm-a93">
         <name>g_PeriphSegIntrCnt_pcrprotset_reg</name>
         <value>0x80019ec</value>
      </symbol>
      <symbol id="sm-a94">
         <name>g_PeriphSegIntrCnt_pcrprotclr_reg</name>
         <value>0x80019e8</value>
      </symbol>
      <symbol id="sm-a95">
         <name>g_sl_pcrREG</name>
         <value>0x8001a00</value>
      </symbol>
      <symbol id="sm-a96">
         <name>SL_adcCalibration</name>
         <value>0x3a0</value>
         <object_component_ref idref="oc-ab"/>
      </symbol>
      <symbol id="sm-a97">
         <name>SL_SelfTest_EFuse</name>
         <value>0x1ef4</value>
         <object_component_ref idref="oc-ab"/>
      </symbol>
      <symbol id="sm-a98">
         <name>SL_mibspiTransfer</name>
         <value>0x274</value>
         <object_component_ref idref="oc-ab"/>
      </symbol>
      <symbol id="sm-a99">
         <name>SL_SelfTest_PeripheralSegmentInterconnect</name>
         <value>0x103c</value>
         <object_component_ref idref="oc-ab"/>
      </symbol>
      <symbol id="sm-a9a">
         <name>sl_dmaSetChEnable</name>
         <value>0x154</value>
         <object_component_ref idref="oc-ab"/>
      </symbol>
      <symbol id="sm-a9b">
         <name>SL_SelfTest_Status_CCMR5F</name>
         <value>0x574</value>
         <object_component_ref idref="oc-ab"/>
      </symbol>
      <symbol id="sm-a9c">
         <name>SL_SelfTest_Status_MemIntrcntSelftest</name>
         <value>0xc44</value>
         <object_component_ref idref="oc-ab"/>
      </symbol>
      <symbol id="sm-a9d">
         <name>SL_SelfTest_Status_PSCON</name>
         <value>0xaf8</value>
         <object_component_ref idref="oc-ab"/>
      </symbol>
      <symbol id="sm-a9e">
         <name>SL_SelfTest_CAN</name>
         <value>0x2550</value>
         <object_component_ref idref="oc-ab"/>
      </symbol>
      <symbol id="sm-a9f">
         <name>vimTestFlag</name>
         <value>0x8001a80</value>
         <object_component_ref idref="oc-f0"/>
      </symbol>
      <symbol id="sm-aa0">
         <name>SL_SelfTest_PBIST</name>
         <value>0x14e0</value>
         <object_component_ref idref="oc-ab"/>
      </symbol>
      <symbol id="sm-aa1">
         <name>sl_dmaSetCtrlPacket</name>
         <value>0x70</value>
         <object_component_ref idref="oc-ab"/>
      </symbol>
      <symbol id="sm-aa2">
         <name>SL_SelfTest_STC</name>
         <value>0xce4</value>
         <object_component_ref idref="oc-ab"/>
      </symbol>
      <symbol id="sm-aa3">
         <name>SL_SelfTest_CCMR5F</name>
         <value>0x694</value>
         <object_component_ref idref="oc-ab"/>
      </symbol>
      <symbol id="sm-aa4">
         <name>SL_mibspiGetData</name>
         <value>0x310</value>
         <object_component_ref idref="oc-ab"/>
      </symbol>
      <symbol id="sm-aa5">
         <name>SL_SelfTest_PSCON</name>
         <value>0x1264</value>
         <object_component_ref idref="oc-ab"/>
      </symbol>
      <symbol id="sm-aa6">
         <name>sl_dmaSetProtectedRegion</name>
         <value>0x240</value>
         <object_component_ref idref="oc-ab"/>
      </symbol>
      <symbol id="sm-aa7">
         <name>SL_mibspiSetData</name>
         <value>0x288</value>
         <object_component_ref idref="oc-ab"/>
      </symbol>
      <symbol id="sm-aa8">
         <name>sramEccTestBuff</name>
         <value>0x8001a60</value>
         <object_component_ref idref="oc-f0"/>
      </symbol>
      <symbol id="sm-aa9">
         <name>SL_SelfTest_SRAM</name>
         <value>0xdd4</value>
         <object_component_ref idref="oc-ab"/>
      </symbol>
      <symbol id="sm-aaa">
         <name>SL_SelfTest_WaitCompletion_PBIST</name>
         <value>0x558</value>
         <object_component_ref idref="oc-ab"/>
      </symbol>
      <symbol id="sm-aab">
         <name>SL_SelfTest_Status_EFuse</name>
         <value>0xc5c</value>
         <object_component_ref idref="oc-ab"/>
      </symbol>
      <symbol id="sm-aac">
         <name>SL_mibspiEnableLoopback</name>
         <value>0x388</value>
         <object_component_ref idref="oc-ab"/>
      </symbol>
      <symbol id="sm-aad">
         <name>SL_SelfTest_PBIST_StopExec</name>
         <value>0xb4c</value>
         <object_component_ref idref="oc-ab"/>
      </symbol>
      <symbol id="sm-aae">
         <name>SL_SelfTest_Status_STC</name>
         <value>0xa60</value>
         <object_component_ref idref="oc-ab"/>
      </symbol>
      <symbol id="sm-aaf">
         <name>SL_SelfTest_Status_PBIST</name>
         <value>0xb70</value>
         <object_component_ref idref="oc-ab"/>
      </symbol>
      <symbol id="sm-ab0">
         <name>SL_SelfTest_MibSPI</name>
         <value>0x1680</value>
         <object_component_ref idref="oc-ab"/>
      </symbol>
      <symbol id="sm-ab1">
         <name>SL_SelfTest_ADC</name>
         <value>0x29e0</value>
         <object_component_ref idref="oc-ab"/>
      </symbol>
      <symbol id="sm-ab2">
         <name>sl_dmaConfigCtrlPacket</name>
         <value>0x20</value>
         <object_component_ref idref="oc-ab"/>
      </symbol>
      <symbol id="sm-ab3">
         <name>sl_dmaSoftwrTestConfig</name>
         <value>0x170</value>
         <object_component_ref idref="oc-ab"/>
      </symbol>
      <symbol id="sm-ab4">
         <name>SL_SelfTest_DMA</name>
         <value>0x20bc</value>
         <object_component_ref idref="oc-ab"/>
      </symbol>
      <symbol id="sm-ab5">
         <name>SL_SelfTest_MemoryInterconnect</name>
         <value>0x1ce0</value>
         <object_component_ref idref="oc-ab"/>
      </symbol>
      <symbol id="sm-ab6">
         <name>SL_SelfTest_MainPeripheralInterconnect</name>
         <value>0x1e20</value>
         <object_component_ref idref="oc-ab"/>
      </symbol>
      <symbol id="sm-ab7">
         <name>SL_mibspiIsTransferComplete</name>
         <value>0x2e0</value>
         <object_component_ref idref="oc-ab"/>
      </symbol>
      <symbol id="sm-ab8">
         <name>SL_SelfTest_VIM</name>
         <value>0x9c0</value>
         <object_component_ref idref="oc-ab"/>
      </symbol>
      <symbol id="sm-ad7">
         <name>SL_Log_Error</name>
         <value>0xa3d8</value>
         <object_component_ref idref="oc-123"/>
      </symbol>
      <symbol id="sm-ad8">
         <name>_SL_Log_Error_Buffer</name>
         <value>0x8001800</value>
         <object_component_ref idref="oc-2f3"/>
      </symbol>
      <symbol id="sm-ad9">
         <name>_SL_Log_Error_Index</name>
         <value>0x8001984</value>
         <object_component_ref idref="oc-2f0"/>
      </symbol>
      <symbol id="sm-b03">
         <name>floorl</name>
         <value>0x9d7c</value>
         <object_component_ref idref="oc-387"/>
      </symbol>
      <symbol id="sm-b04">
         <name>floor</name>
         <value>0x9d7c</value>
         <object_component_ref idref="oc-387"/>
      </symbol>
      <symbol id="sm-b1d">
         <name>memcpy</name>
         <value>0x9830</value>
         <object_component_ref idref="oc-7d"/>
      </symbol>
      <symbol id="sm-b1e">
         <name>__aeabi_memcpy</name>
         <value>0x9830</value>
         <object_component_ref idref="oc-7d"/>
      </symbol>
      <symbol id="sm-b1f">
         <name>__aeabi_memcpy8</name>
         <value>0x9830</value>
         <object_component_ref idref="oc-7d"/>
      </symbol>
      <symbol id="sm-b20">
         <name>__aeabi_memcpy4</name>
         <value>0x9830</value>
         <object_component_ref idref="oc-7d"/>
      </symbol>
      <symbol id="sm-b2f">
         <name>__aeabi_memset</name>
         <value>0xa18c</value>
         <object_component_ref idref="oc-114"/>
      </symbol>
      <symbol id="sm-b30">
         <name>memset</name>
         <value>0xa198</value>
         <object_component_ref idref="oc-114"/>
      </symbol>
      <symbol id="sm-b31">
         <name>__aeabi_memset8</name>
         <value>0xa18c</value>
         <object_component_ref idref="oc-114"/>
      </symbol>
      <symbol id="sm-b32">
         <name>__aeabi_memset4</name>
         <value>0xa18c</value>
         <object_component_ref idref="oc-114"/>
      </symbol>
      <symbol id="sm-b33">
         <name>__aeabi_memclr8</name>
         <value>0xa188</value>
         <object_component_ref idref="oc-114"/>
      </symbol>
      <symbol id="sm-b34">
         <name>__aeabi_memclr4</name>
         <value>0xa188</value>
         <object_component_ref idref="oc-114"/>
      </symbol>
      <symbol id="sm-b35">
         <name>__aeabi_memclr</name>
         <value>0xa188</value>
         <object_component_ref idref="oc-114"/>
      </symbol>
      <symbol id="sm-b5d">
         <name>__TI_auto_init_nobinit_nopinit</name>
         <value>0xa370</value>
         <object_component_ref idref="oc-315"/>
      </symbol>
      <symbol id="sm-b76">
         <name>__TI_zero_init_nomemset</name>
         <value>0xa438</value>
         <object_component_ref idref="oc-89"/>
      </symbol>
      <symbol id="sm-b8d">
         <name>__TI_decompress_none</name>
         <value>0xa458</value>
         <object_component_ref idref="oc-20"/>
      </symbol>
      <symbol id="sm-bb0">
         <name>__TI_decompress_lzss</name>
         <value>0xa2e0</value>
         <object_component_ref idref="oc-1a"/>
      </symbol>
      <symbol id="sm-bbb">
         <name>C$$EXIT</name>
         <value>0xa46c</value>
         <object_component_ref idref="oc-345"/>
      </symbol>
      <symbol id="sm-bbc">
         <name>abort</name>
         <value>0xa46c</value>
         <object_component_ref idref="oc-345"/>
      </symbol>
      <symbol id="sm-bbe">
         <name>__TI_static_base__</name>
         <value>0x0</value>
      </symbol>
      <symbol id="sm-bc5">
         <name>SHT$$INIT_ARRAY$$Base</name>
         <value>0x0</value>
      </symbol>
      <symbol id="sm-bc6">
         <name>SHT$$INIT_ARRAY$$Limit</name>
         <value>0x0</value>
      </symbol>
      <symbol id="sm-bc7">
         <name>_system_post_cinit</name>
         <value>0x0</value>
      </symbol>
   </symbol_table>
   <title>Link successful</title>
</link_info>
