<?xml version="1.0" encoding="ISO-8859-1" ?>
<link_info>
   <banner>TI ARM Linker PC v18.1.3.LTS</banner>
   <copyright>Copyright (c) 1996-2017 Texas Instruments Incorporated</copyright>
   <link_time>0x5c0ad65c</link_time>
   <link_errors>0x0</link_errors>
   <output_file>INBIT_SPI.out</output_file>
   <entry_point>
      <name>_c_int00</name>
      <address>0xb03c</address>
   </entry_point>
   <input_file_list>
      <input_file id="fl-2">
         <path>.\demoapp\source\</path>
         <kind>object</kind>
         <file>adc_demos.obj</file>
         <name>adc_demos.obj</name>
      </input_file>
      <input_file id="fl-3">
         <path>.\demoapp\source\</path>
         <kind>object</kind>
         <file>app_main_NoOS.obj</file>
         <name>app_main_NoOS.obj</name>
      </input_file>
      <input_file id="fl-4">
         <path>.\demoapp\source\</path>
         <kind>object</kind>
         <file>esm_application_callback.obj</file>
         <name>esm_application_callback.obj</name>
      </input_file>
      <input_file id="fl-5">
         <path>.\demoapp\source\</path>
         <kind>object</kind>
         <file>misc.obj</file>
         <name>misc.obj</name>
      </input_file>
      <input_file id="fl-6">
         <path>.\demoapp\source\</path>
         <kind>object</kind>
         <file>support_functions.obj</file>
         <name>support_functions.obj</name>
      </input_file>
      <input_file id="fl-7">
         <path>.\hcg\source\</path>
         <kind>object</kind>
         <file>HL_adc.obj</file>
         <name>HL_adc.obj</name>
      </input_file>
      <input_file id="fl-8">
         <path>.\hcg\source\</path>
         <kind>object</kind>
         <file>HL_epc.obj</file>
         <name>HL_epc.obj</name>
      </input_file>
      <input_file id="fl-9">
         <path>.\hcg\source\</path>
         <kind>object</kind>
         <file>HL_errata.obj</file>
         <name>HL_errata.obj</name>
      </input_file>
      <input_file id="fl-a">
         <path>.\hcg\source\</path>
         <kind>object</kind>
         <file>HL_esm.obj</file>
         <name>HL_esm.obj</name>
      </input_file>
      <input_file id="fl-b">
         <path>.\hcg\source\</path>
         <kind>object</kind>
         <file>HL_gio.obj</file>
         <name>HL_gio.obj</name>
      </input_file>
      <input_file id="fl-c">
         <path>.\hcg\source\</path>
         <kind>object</kind>
         <file>HL_mibspi.obj</file>
         <name>HL_mibspi.obj</name>
      </input_file>
      <input_file id="fl-d">
         <path>.\hcg\source\</path>
         <kind>object</kind>
         <file>HL_nmpu.obj</file>
         <name>HL_nmpu.obj</name>
      </input_file>
      <input_file id="fl-e">
         <path>.\hcg\source\</path>
         <kind>object</kind>
         <file>HL_notification.obj</file>
         <name>HL_notification.obj</name>
      </input_file>
      <input_file id="fl-f">
         <path>.\hcg\source\</path>
         <kind>object</kind>
         <file>HL_pinmux.obj</file>
         <name>HL_pinmux.obj</name>
      </input_file>
      <input_file id="fl-10">
         <path>.\hcg\source\</path>
         <kind>object</kind>
         <file>HL_rti.obj</file>
         <name>HL_rti.obj</name>
      </input_file>
      <input_file id="fl-11">
         <path>.\hcg\source\</path>
         <kind>object</kind>
         <file>HL_sci.obj</file>
         <name>HL_sci.obj</name>
      </input_file>
      <input_file id="fl-12">
         <path>.\hcg\source\</path>
         <kind>object</kind>
         <file>HL_sys_core.obj</file>
         <name>HL_sys_core.obj</name>
      </input_file>
      <input_file id="fl-13">
         <path>.\hcg\source\</path>
         <kind>object</kind>
         <file>HL_sys_dma.obj</file>
         <name>HL_sys_dma.obj</name>
      </input_file>
      <input_file id="fl-14">
         <path>.\hcg\source\</path>
         <kind>object</kind>
         <file>HL_sys_intvecs.obj</file>
         <name>HL_sys_intvecs.obj</name>
      </input_file>
      <input_file id="fl-15">
         <path>.\hcg\source\</path>
         <kind>object</kind>
         <file>HL_sys_mpu.obj</file>
         <name>HL_sys_mpu.obj</name>
      </input_file>
      <input_file id="fl-16">
         <path>.\hcg\source\</path>
         <kind>object</kind>
         <file>HL_sys_pcr.obj</file>
         <name>HL_sys_pcr.obj</name>
      </input_file>
      <input_file id="fl-17">
         <path>.\hcg\source\</path>
         <kind>object</kind>
         <file>HL_sys_phantom.obj</file>
         <name>HL_sys_phantom.obj</name>
      </input_file>
      <input_file id="fl-18">
         <path>.\hcg\source\</path>
         <kind>object</kind>
         <file>HL_sys_pmm.obj</file>
         <name>HL_sys_pmm.obj</name>
      </input_file>
      <input_file id="fl-19">
         <path>.\hcg\source\</path>
         <kind>object</kind>
         <file>HL_sys_pmu.obj</file>
         <name>HL_sys_pmu.obj</name>
      </input_file>
      <input_file id="fl-1a">
         <path>.\hcg\source\</path>
         <kind>object</kind>
         <file>HL_sys_startup.obj</file>
         <name>HL_sys_startup.obj</name>
      </input_file>
      <input_file id="fl-1b">
         <path>.\hcg\source\</path>
         <kind>object</kind>
         <file>HL_sys_vim.obj</file>
         <name>HL_sys_vim.obj</name>
      </input_file>
      <input_file id="fl-1c">
         <path>.\hcg\source\</path>
         <kind>object</kind>
         <file>HL_system.obj</file>
         <name>HL_system.obj</name>
      </input_file>
      <input_file id="fl-21">
         <kind>object</kind>
         <file>&lt;internal&gt;</file>
         <name>&lt;internal&gt;</name>
      </input_file>
      <input_file id="fl-22">
         <path>C:\ti\Hercules\SafeTI Diagnostic Library\2.3.1\libs\</path>
         <kind>archive</kind>
         <file>SafeTILib_RM57L_LE.lib</file>
         <name>sl_asm_api.obj</name>
      </input_file>
      <input_file id="fl-23">
         <path>C:\ti\Hercules\SafeTI Diagnostic Library\2.3.1\libs\</path>
         <kind>archive</kind>
         <file>SafeTILib_RM57L_LE.lib</file>
         <name>sl_esm.obj</name>
      </input_file>
      <input_file id="fl-24">
         <path>C:\ti\Hercules\SafeTI Diagnostic Library\2.3.1\libs\</path>
         <kind>archive</kind>
         <file>SafeTILib_RM57L_LE.lib</file>
         <name>sl_init.obj</name>
      </input_file>
      <input_file id="fl-25">
         <path>C:\ti\Hercules\SafeTI Diagnostic Library\2.3.1\libs\</path>
         <kind>archive</kind>
         <file>SafeTILib_RM57L_LE.lib</file>
         <name>sl_priv.obj</name>
      </input_file>
      <input_file id="fl-26">
         <path>C:\ti\Hercules\SafeTI Diagnostic Library\2.3.1\libs\</path>
         <kind>archive</kind>
         <file>SafeTILib_RM57L_LE.lib</file>
         <name>sl_selftest.obj</name>
      </input_file>
      <input_file id="fl-27">
         <path>C:\ti\Hercules\SafeTI Diagnostic Library\2.3.1\libs\</path>
         <kind>archive</kind>
         <file>SafeTILib_RM57L_LE.lib</file>
         <name>sl_log.obj</name>
      </input_file>
      <input_file id="fl-dd">
         <path>C:\ti\ccsv8\tools\compiler\ti-cgt-arm_18.1.3.LTS\lib\</path>
         <kind>archive</kind>
         <file>rtsv7R4_A_le_v3D16_eabi.lib</file>
         <name>s_floor.c.obj</name>
      </input_file>
      <input_file id="fl-de">
         <path>C:\ti\ccsv8\tools\compiler\ti-cgt-arm_18.1.3.LTS\lib\</path>
         <kind>archive</kind>
         <file>rtsv7R4_A_le_v3D16_eabi.lib</file>
         <name>memcpy32.asm.obj</name>
      </input_file>
      <input_file id="fl-df">
         <path>C:\ti\ccsv8\tools\compiler\ti-cgt-arm_18.1.3.LTS\lib\</path>
         <kind>archive</kind>
         <file>rtsv7R4_A_le_v3D16_eabi.lib</file>
         <name>memset32.asm.obj</name>
      </input_file>
      <input_file id="fl-e0">
         <path>C:\ti\ccsv8\tools\compiler\ti-cgt-arm_18.1.3.LTS\lib\</path>
         <kind>archive</kind>
         <file>rtsv7R4_A_le_v3D16_eabi.lib</file>
         <name>autoinit.c.obj</name>
      </input_file>
      <input_file id="fl-e1">
         <path>C:\ti\ccsv8\tools\compiler\ti-cgt-arm_18.1.3.LTS\lib\</path>
         <kind>archive</kind>
         <file>rtsv7R4_A_le_v3D16_eabi.lib</file>
         <name>cpy_tbl.c.obj</name>
      </input_file>
      <input_file id="fl-e2">
         <path>C:\ti\ccsv8\tools\compiler\ti-cgt-arm_18.1.3.LTS\lib\</path>
         <kind>archive</kind>
         <file>rtsv7R4_A_le_v3D16_eabi.lib</file>
         <name>copy_zero_init.c.obj</name>
      </input_file>
      <input_file id="fl-e3">
         <path>C:\ti\ccsv8\tools\compiler\ti-cgt-arm_18.1.3.LTS\lib\</path>
         <kind>archive</kind>
         <file>rtsv7R4_A_le_v3D16_eabi.lib</file>
         <name>copy_decompress_none.c.obj</name>
      </input_file>
      <input_file id="fl-e4">
         <path>C:\ti\ccsv8\tools\compiler\ti-cgt-arm_18.1.3.LTS\lib\</path>
         <kind>archive</kind>
         <file>rtsv7R4_A_le_v3D16_eabi.lib</file>
         <name>copy_decompress_lzss.c.obj</name>
      </input_file>
      <input_file id="fl-e5">
         <path>C:\ti\ccsv8\tools\compiler\ti-cgt-arm_18.1.3.LTS\lib\</path>
         <kind>archive</kind>
         <file>rtsv7R4_A_le_v3D16_eabi.lib</file>
         <name>exit.c.obj</name>
      </input_file>
      <input_file id="fl-e6">
         <path>C:\ti\ccsv8\tools\compiler\ti-cgt-arm_18.1.3.LTS\lib\</path>
         <kind>archive</kind>
         <file>rtsv7R4_A_le_v3D16_eabi.lib</file>
         <name>_lock.c.obj</name>
      </input_file>
      <input_file id="fl-e7">
         <path>C:\ti\ccsv8\tools\compiler\ti-cgt-arm_18.1.3.LTS\lib\</path>
         <kind>archive</kind>
         <file>rtsv7R4_A_le_v3D16_eabi.lib</file>
         <name>sprintf.c.obj</name>
      </input_file>
      <input_file id="fl-e8">
         <path>C:\ti\ccsv8\tools\compiler\ti-cgt-arm_18.1.3.LTS\lib\</path>
         <kind>archive</kind>
         <file>rtsv7R4_A_le_v3D16_eabi.lib</file>
         <name>strlen.c.obj</name>
      </input_file>
      <input_file id="fl-e9">
         <path>C:\ti\ccsv8\tools\compiler\ti-cgt-arm_18.1.3.LTS\lib\</path>
         <kind>archive</kind>
         <file>rtsv7R4_A_le_v3D16_eabi.lib</file>
         <name>_printfi.c.obj</name>
      </input_file>
      <input_file id="fl-ea">
         <path>C:\ti\ccsv8\tools\compiler\ti-cgt-arm_18.1.3.LTS\lib\</path>
         <kind>archive</kind>
         <file>rtsv7R4_A_le_v3D16_eabi.lib</file>
         <name>atoi.c.obj</name>
      </input_file>
      <input_file id="fl-eb">
         <path>C:\ti\ccsv8\tools\compiler\ti-cgt-arm_18.1.3.LTS\lib\</path>
         <kind>archive</kind>
         <file>rtsv7R4_A_le_v3D16_eabi.lib</file>
         <name>ctype.c.obj</name>
      </input_file>
      <input_file id="fl-ec">
         <path>C:\ti\ccsv8\tools\compiler\ti-cgt-arm_18.1.3.LTS\lib\</path>
         <kind>archive</kind>
         <file>rtsv7R4_A_le_v3D16_eabi.lib</file>
         <name>ltoa.c.obj</name>
      </input_file>
      <input_file id="fl-ed">
         <path>C:\ti\ccsv8\tools\compiler\ti-cgt-arm_18.1.3.LTS\lib\</path>
         <kind>archive</kind>
         <file>rtsv7R4_A_le_v3D16_eabi.lib</file>
         <name>memccpy.c.obj</name>
      </input_file>
      <input_file id="fl-ee">
         <path>C:\ti\ccsv8\tools\compiler\ti-cgt-arm_18.1.3.LTS\lib\</path>
         <kind>archive</kind>
         <file>rtsv7R4_A_le_v3D16_eabi.lib</file>
         <name>strchr.c.obj</name>
      </input_file>
      <input_file id="fl-ef">
         <path>C:\ti\ccsv8\tools\compiler\ti-cgt-arm_18.1.3.LTS\lib\</path>
         <kind>archive</kind>
         <file>rtsv7R4_A_le_v3D16_eabi.lib</file>
         <name>wcslen.c.obj</name>
      </input_file>
      <input_file id="fl-f0">
         <path>C:\ti\ccsv8\tools\compiler\ti-cgt-arm_18.1.3.LTS\lib\</path>
         <kind>archive</kind>
         <file>rtsv7R4_A_le_v3D16_eabi.lib</file>
         <name>s_frexp.c.obj</name>
      </input_file>
      <input_file id="fl-f1">
         <path>C:\ti\ccsv8\tools\compiler\ti-cgt-arm_18.1.3.LTS\lib\</path>
         <kind>archive</kind>
         <file>rtsv7R4_A_le_v3D16_eabi.lib</file>
         <name>s_scalbn.c.obj</name>
      </input_file>
      <input_file id="fl-f2">
         <path>C:\ti\ccsv8\tools\compiler\ti-cgt-arm_18.1.3.LTS\lib\</path>
         <kind>archive</kind>
         <file>rtsv7R4_A_le_v3D16_eabi.lib</file>
         <name>i_div32.asm.obj</name>
      </input_file>
      <input_file id="fl-f3">
         <path>C:\ti\ccsv8\tools\compiler\ti-cgt-arm_18.1.3.LTS\lib\</path>
         <kind>archive</kind>
         <file>rtsv7R4_A_le_v3D16_eabi.lib</file>
         <name>u_div32.asm.obj</name>
      </input_file>
      <input_file id="fl-f4">
         <path>C:\ti\ccsv8\tools\compiler\ti-cgt-arm_18.1.3.LTS\lib\</path>
         <kind>archive</kind>
         <file>rtsv7R4_A_le_v3D16_eabi.lib</file>
         <name>ull_div32.asm.obj</name>
      </input_file>
      <input_file id="fl-f5">
         <path>C:\ti\ccsv8\tools\compiler\ti-cgt-arm_18.1.3.LTS\lib\</path>
         <kind>archive</kind>
         <file>rtsv7R4_A_le_v3D16_eabi.lib</file>
         <name>errno.c.obj</name>
      </input_file>
      <input_file id="fl-f6">
         <path>C:\ti\ccsv8\tools\compiler\ti-cgt-arm_18.1.3.LTS\lib\</path>
         <kind>archive</kind>
         <file>rtsv7R4_A_le_v3D16_eabi.lib</file>
         <name>s_copysign.c.obj</name>
      </input_file>
      <input_file id="fl-f7">
         <path>C:\ti\ccsv8\tools\compiler\ti-cgt-arm_18.1.3.LTS\lib\</path>
         <kind>archive</kind>
         <file>rtsv7R4_A_le_v3D16_eabi.lib</file>
         <name>div0.asm.obj</name>
      </input_file>
   </input_file_list>
   <object_component_list>
      <object_component id="oc-4f">
         <name>.intvecs</name>
         <load_address>0x0</load_address>
         <run_address>0x0</run_address>
         <size>0x20</size>
         <input_file_ref idref="fl-14"/>
      </object_component>
      <object_component id="oc-ab">
         <name>.text</name>
         <load_address>0x20</load_address>
         <run_address>0x20</run_address>
         <size>0x2bd0</size>
         <input_file_ref idref="fl-26"/>
      </object_component>
      <object_component id="oc-36c">
         <name>.text:__TI_printfi</name>
         <load_address>0x2bf0</load_address>
         <run_address>0x2bf0</run_address>
         <size>0xf90</size>
         <input_file_ref idref="fl-e9"/>
      </object_component>
      <object_component id="oc-249">
         <name>.text</name>
         <load_address>0x3b80</load_address>
         <run_address>0x3b80</run_address>
         <size>0xb08</size>
         <input_file_ref idref="fl-c"/>
      </object_component>
      <object_component id="oc-237">
         <name>.text</name>
         <load_address>0x4688</load_address>
         <run_address>0x4688</run_address>
         <size>0xaec</size>
         <input_file_ref idref="fl-7"/>
      </object_component>
      <object_component id="oc-317">
         <name>.text</name>
         <load_address>0x5174</load_address>
         <run_address>0x5174</run_address>
         <size>0x9d4</size>
         <input_file_ref idref="fl-f"/>
      </object_component>
      <object_component id="oc-144">
         <name>.text</name>
         <load_address>0x5b48</load_address>
         <run_address>0x5b48</run_address>
         <size>0x95c</size>
         <input_file_ref idref="fl-1c"/>
      </object_component>
      <object_component id="oc-5b">
         <name>.text</name>
         <load_address>0x64a4</load_address>
         <run_address>0x64a4</run_address>
         <size>0x940</size>
         <input_file_ref idref="fl-1b"/>
      </object_component>
      <object_component id="oc-243">
         <name>.text</name>
         <load_address>0x6de4</load_address>
         <run_address>0x6de4</run_address>
         <size>0x870</size>
         <input_file_ref idref="fl-11"/>
      </object_component>
      <object_component id="oc-14a">
         <name>.text</name>
         <load_address>0x7654</load_address>
         <run_address>0x7654</run_address>
         <size>0x798</size>
         <input_file_ref idref="fl-a"/>
      </object_component>
      <object_component id="oc-23d">
         <name>.text</name>
         <load_address>0x7dec</load_address>
         <run_address>0x7dec</run_address>
         <size>0x698</size>
         <input_file_ref idref="fl-10"/>
      </object_component>
      <object_component id="oc-164">
         <name>.text</name>
         <load_address>0x8484</load_address>
         <run_address>0x8484</run_address>
         <size>0x484</size>
         <input_file_ref idref="fl-b"/>
      </object_component>
      <object_component id="oc-67">
         <name>.text</name>
         <load_address>0x8908</load_address>
         <run_address>0x8908</run_address>
         <size>0x448</size>
         <input_file_ref idref="fl-23"/>
      </object_component>
      <object_component id="oc-b7">
         <name>.text</name>
         <load_address>0x8d50</load_address>
         <run_address>0x8d50</run_address>
         <size>0x408</size>
         <input_file_ref idref="fl-e"/>
      </object_component>
      <object_component id="oc-95">
         <name>.text</name>
         <load_address>0x9158</load_address>
         <run_address>0x9158</run_address>
         <size>0x3c4</size>
         <input_file_ref idref="fl-12"/>
      </object_component>
      <object_component id="oc-156">
         <name>.text</name>
         <load_address>0x951c</load_address>
         <run_address>0x951c</run_address>
         <size>0x36c</size>
         <input_file_ref idref="fl-15"/>
      </object_component>
      <object_component id="oc-5a">
         <name>.text:retain</name>
         <load_address>0x9888</load_address>
         <run_address>0x9888</run_address>
         <size>0x33c</size>
         <input_file_ref idref="fl-1b"/>
      </object_component>
      <object_component id="oc-150">
         <name>.text</name>
         <load_address>0x9bc4</load_address>
         <run_address>0x9bc4</run_address>
         <size>0x334</size>
         <input_file_ref idref="fl-8"/>
      </object_component>
      <object_component id="oc-4c0">
         <name>.text:_pconv_a</name>
         <load_address>0x9ef8</load_address>
         <run_address>0x9ef8</run_address>
         <size>0x2dc</size>
         <input_file_ref idref="fl-e9"/>
      </object_component>
      <object_component id="oc-535">
         <name>.text</name>
         <load_address>0xa1d4</load_address>
         <run_address>0xa1d4</run_address>
         <size>0x2b8</size>
         <input_file_ref idref="fl-f4"/>
      </object_component>
      <object_component id="oc-3a">
         <name>.text:retain</name>
         <load_address>0xa48c</load_address>
         <run_address>0xa48c</run_address>
         <size>0x2a4</size>
         <input_file_ref idref="fl-a"/>
      </object_component>
      <object_component id="oc-176">
         <name>.text</name>
         <load_address>0xa730</load_address>
         <run_address>0xa730</run_address>
         <size>0x290</size>
         <input_file_ref idref="fl-6"/>
      </object_component>
      <object_component id="oc-4ae">
         <name>.text:_pconv_g</name>
         <load_address>0xa9c0</load_address>
         <run_address>0xa9c0</run_address>
         <size>0x248</size>
         <input_file_ref idref="fl-e9"/>
      </object_component>
      <object_component id="oc-9a">
         <name>.text</name>
         <load_address>0xac08</load_address>
         <run_address>0xac08</run_address>
         <size>0x238</size>
         <input_file_ref idref="fl-22"/>
      </object_component>
      <object_component id="oc-a5">
         <name>.text</name>
         <load_address>0xae40</load_address>
         <run_address>0xae40</run_address>
         <size>0x1fc</size>
         <input_file_ref idref="fl-25"/>
      </object_component>
      <object_component id="oc-27">
         <name>.text:retain</name>
         <load_address>0xb03c</load_address>
         <run_address>0xb03c</run_address>
         <size>0x1cc</size>
         <input_file_ref idref="fl-1a"/>
      </object_component>
      <object_component id="oc-c6">
         <name>.text</name>
         <load_address>0xb208</load_address>
         <run_address>0xb208</run_address>
         <size>0x18c</size>
         <input_file_ref idref="fl-3"/>
      </object_component>
      <object_component id="oc-7d">
         <name>.text</name>
         <load_address>0xb394</load_address>
         <run_address>0xb394</run_address>
         <size>0x180</size>
         <input_file_ref idref="fl-de"/>
      </object_component>
      <object_component id="oc-4ba">
         <name>.text:_pconv_e</name>
         <load_address>0xb514</load_address>
         <run_address>0xb514</run_address>
         <size>0x15c</size>
         <input_file_ref idref="fl-e9"/>
      </object_component>
      <object_component id="oc-15d">
         <name>.text</name>
         <load_address>0xb670</load_address>
         <run_address>0xb670</run_address>
         <size>0x14c</size>
         <input_file_ref idref="fl-4"/>
      </object_component>
      <object_component id="oc-9f">
         <name>.text</name>
         <load_address>0xb7bc</load_address>
         <run_address>0xb7bc</run_address>
         <size>0x148</size>
         <input_file_ref idref="fl-24"/>
      </object_component>
      <object_component id="oc-553">
         <name>.text:fcvt</name>
         <load_address>0xb904</load_address>
         <run_address>0xb904</run_address>
         <size>0x144</size>
         <input_file_ref idref="fl-e9"/>
      </object_component>
      <object_component id="oc-49">
         <name>.text:retain</name>
         <load_address>0xba48</load_address>
         <run_address>0xba48</run_address>
         <size>0x138</size>
         <input_file_ref idref="fl-10"/>
      </object_component>
      <object_component id="oc-3c3">
         <name>.text:floor</name>
         <load_address>0xbb80</load_address>
         <run_address>0xbb80</run_address>
         <size>0x134</size>
         <input_file_ref idref="fl-dd"/>
      </object_component>
      <object_component id="oc-66">
         <name>.text:retain</name>
         <load_address>0xbcb4</load_address>
         <run_address>0xbcb4</run_address>
         <size>0x134</size>
         <input_file_ref idref="fl-23"/>
      </object_component>
      <object_component id="oc-567">
         <name>.text:scalbn</name>
         <load_address>0xbde8</load_address>
         <run_address>0xbde8</run_address>
         <size>0x11c</size>
         <input_file_ref idref="fl-f1"/>
      </object_component>
      <object_component id="oc-4a8">
         <name>.text:_ltostr</name>
         <load_address>0xbf04</load_address>
         <run_address>0xbf04</run_address>
         <size>0x10d</size>
         <input_file_ref idref="fl-e9"/>
      </object_component>
      <object_component id="oc-43">
         <name>.text:retain</name>
         <load_address>0xc014</load_address>
         <run_address>0xc014</run_address>
         <size>0xcc</size>
         <input_file_ref idref="fl-c"/>
      </object_component>
      <object_component id="oc-54c">
         <name>.text:_mcpy</name>
         <load_address>0xc0e0</load_address>
         <run_address>0xc0e0</run_address>
         <size>0xc8</size>
         <input_file_ref idref="fl-e9"/>
      </object_component>
      <object_component id="oc-114">
         <name>.text</name>
         <load_address>0xc1a8</load_address>
         <run_address>0xc1a8</run_address>
         <size>0xb0</size>
         <input_file_ref idref="fl-df"/>
      </object_component>
      <object_component id="oc-b1">
         <name>.text</name>
         <load_address>0xc258</load_address>
         <run_address>0xc258</run_address>
         <size>0xa8</size>
         <input_file_ref idref="fl-1a"/>
      </object_component>
      <object_component id="oc-546">
         <name>.text:_ecpy</name>
         <load_address>0xc300</load_address>
         <run_address>0xc300</run_address>
         <size>0x94</size>
         <input_file_ref idref="fl-e9"/>
      </object_component>
      <object_component id="oc-1a">
         <name>.text:decompress:lzss:__TI_decompress_lzss</name>
         <load_address>0xc394</load_address>
         <run_address>0xc394</run_address>
         <size>0x90</size>
         <input_file_ref idref="fl-e4"/>
      </object_component>
      <object_component id="oc-561">
         <name>.text:frexp</name>
         <load_address>0xc424</load_address>
         <run_address>0xc424</run_address>
         <size>0x8c</size>
         <input_file_ref idref="fl-f0"/>
      </object_component>
      <object_component id="oc-4a2">
         <name>.text:atoi</name>
         <load_address>0xc4b0</load_address>
         <run_address>0xc4b0</run_address>
         <size>0x84</size>
         <input_file_ref idref="fl-ea"/>
      </object_component>
      <object_component id="oc-540">
         <name>.text:ltoa</name>
         <load_address>0xc534</load_address>
         <run_address>0xc534</run_address>
         <size>0x80</size>
         <input_file_ref idref="fl-ec"/>
      </object_component>
      <object_component id="oc-4b4">
         <name>.text:_pconv_f</name>
         <load_address>0xc5b4</load_address>
         <run_address>0xc5b4</run_address>
         <size>0x74</size>
         <input_file_ref idref="fl-e9"/>
      </object_component>
      <object_component id="oc-32d">
         <name>.text:__TI_auto_init_nobinit_nopinit:__TI_auto_init_nobinit_nopinit</name>
         <load_address>0xc628</load_address>
         <run_address>0xc628</run_address>
         <size>0x68</size>
         <input_file_ref idref="fl-e0"/>
      </object_component>
      <object_component id="oc-559">
         <name>.text:_fcpy</name>
         <load_address>0xc690</load_address>
         <run_address>0xc690</run_address>
         <size>0x64</size>
         <input_file_ref idref="fl-e9"/>
      </object_component>
      <object_component id="oc-16a">
         <name>.text:sprintf</name>
         <load_address>0xc6f4</load_address>
         <run_address>0xc6f4</run_address>
         <size>0x64</size>
         <input_file_ref idref="fl-e7"/>
      </object_component>
      <object_component id="oc-123">
         <name>.text</name>
         <load_address>0xc758</load_address>
         <run_address>0xc758</run_address>
         <size>0x60</size>
         <input_file_ref idref="fl-27"/>
      </object_component>
      <object_component id="oc-5b9">
         <name>.text</name>
         <load_address>0xc7b8</load_address>
         <run_address>0xc7b8</run_address>
         <size>0x54</size>
         <input_file_ref idref="fl-f2"/>
      </object_component>
      <object_component id="oc-53a">
         <name>.text</name>
         <load_address>0xc80c</load_address>
         <run_address>0xc80c</run_address>
         <size>0x50</size>
         <input_file_ref idref="fl-f3"/>
      </object_component>
      <object_component id="oc-372">
         <name>.text:_outs</name>
         <load_address>0xc85c</load_address>
         <run_address>0xc85c</run_address>
         <size>0x30</size>
         <input_file_ref idref="fl-e7"/>
      </object_component>
      <object_component id="oc-4c6">
         <name>.text:memccpy</name>
         <load_address>0xc88c</load_address>
         <run_address>0xc88c</run_address>
         <size>0x2c</size>
         <input_file_ref idref="fl-ed"/>
      </object_component>
      <object_component id="oc-56d">
         <name>.text:strchr</name>
         <load_address>0xc8b8</load_address>
         <run_address>0xc8b8</run_address>
         <size>0x28</size>
         <input_file_ref idref="fl-ee"/>
      </object_component>
      <object_component id="oc-4cc">
         <name>.text:wcslen</name>
         <load_address>0xc8e0</load_address>
         <run_address>0xc8e0</run_address>
         <size>0x24</size>
         <input_file_ref idref="fl-ef"/>
      </object_component>
      <object_component id="oc-5cb">
         <name>.text:copysign</name>
         <load_address>0xc904</load_address>
         <run_address>0xc904</run_address>
         <size>0x20</size>
         <input_file_ref idref="fl-f6"/>
      </object_component>
      <object_component id="oc-89">
         <name>.text:decompress:ZI:__TI_zero_init_nomemset:__TI_zero_init_nomemset</name>
         <load_address>0xc924</load_address>
         <run_address>0xc924</run_address>
         <size>0x20</size>
         <input_file_ref idref="fl-e2"/>
      </object_component>
      <object_component id="oc-170">
         <name>.text:strlen</name>
         <load_address>0xc944</load_address>
         <run_address>0xc944</run_address>
         <size>0x20</size>
         <input_file_ref idref="fl-e8"/>
      </object_component>
      <object_component id="oc-378">
         <name>.text:_outc</name>
         <load_address>0xc964</load_address>
         <run_address>0xc964</run_address>
         <size>0x14</size>
         <input_file_ref idref="fl-e7"/>
      </object_component>
      <object_component id="oc-20">
         <name>.text:decompress:none:__TI_decompress_none</name>
         <load_address>0xc978</load_address>
         <run_address>0xc978</run_address>
         <size>0x14</size>
         <input_file_ref idref="fl-e3"/>
      </object_component>
      <object_component id="oc-4d2">
         <name>.text:__aeabi_errno_addr</name>
         <load_address>0xc98c</load_address>
         <run_address>0xc98c</run_address>
         <size>0xc</size>
         <input_file_ref idref="fl-f5"/>
      </object_component>
      <object_component id="oc-35d">
         <name>.text:abort:abort</name>
         <load_address>0xc998</load_address>
         <run_address>0xc998</run_address>
         <size>0x8</size>
         <input_file_ref idref="fl-e5"/>
      </object_component>
      <object_component id="oc-54">
         <name>.text:retain</name>
         <load_address>0xc9a0</load_address>
         <run_address>0xc9a0</run_address>
         <size>0x4</size>
         <input_file_ref idref="fl-17"/>
      </object_component>
      <object_component id="oc-5b3">
         <name>.text</name>
         <load_address>0xc9a4</load_address>
         <run_address>0xc9a4</run_address>
         <size>0x4</size>
         <input_file_ref idref="fl-f7"/>
      </object_component>
      <object_component id="oc-40">
         <name>.const:s_vim_init</name>
         <load_address>0xc9a8</load_address>
         <run_address>0xc9a8</run_address>
         <size>0x200</size>
         <input_file_ref idref="fl-1b"/>
      </object_component>
      <object_component id="oc-530">
         <name>.const:.string:_ctypes_</name>
         <load_address>0xcba8</load_address>
         <run_address>0xcba8</run_address>
         <size>0x101</size>
         <input_file_ref idref="fl-eb"/>
      </object_component>
      <object_component id="oc-3b5">
         <name>.const:s_adcFiFoSize</name>
         <load_address>0xccac</load_address>
         <run_address>0xccac</run_address>
         <size>0x18</size>
         <input_file_ref idref="fl-7"/>
      </object_component>
      <object_component id="oc-3b8">
         <name>.const:s_adcSelect</name>
         <load_address>0xccc4</load_address>
         <run_address>0xccc4</run_address>
         <size>0x18</size>
         <input_file_ref idref="fl-7"/>
      </object_component>
      <object_component id="oc-24f">
         <name>.const:$P$T0$1</name>
         <load_address>0xccdc</load_address>
         <run_address>0xccdc</run_address>
         <size>0x14</size>
         <input_file_ref idref="fl-3"/>
      </object_component>
      <object_component id="oc-626">
         <name>.cinit..data.load</name>
         <load_address>0xccf0</load_address>
         <run_address>0xccf0</run_address>
         <size>0x13</size>
      </object_component>
      <object_component id="oc-627">
         <name>.cinit.LOG_DATA.load</name>
         <load_address>0xcd03</load_address>
         <run_address>0xcd03</run_address>
         <size>0xf</size>
      </object_component>
      <object_component id="oc-623">
         <name>__TI_handler_table</name>
         <load_address>0xcd14</load_address>
         <run_address>0xcd14</run_address>
         <size>0xc</size>
      </object_component>
      <object_component id="oc-625">
         <name>.cinit..bss.load</name>
         <load_address>0xcd20</load_address>
         <run_address>0xcd20</run_address>
         <size>0x8</size>
      </object_component>
      <object_component id="oc-624">
         <name>__TI_cinit_table</name>
         <load_address>0xcd28</load_address>
         <run_address>0xcd28</run_address>
         <size>0x18</size>
      </object_component>
      <object_component id="oc-255">
         <name>.bss</name>
         <uninitialized>true</uninitialized>
         <run_address>0x8001a6c</run_address>
         <size>0x1</size>
         <input_file_ref idref="fl-3"/>
      </object_component>
      <object_component id="oc-3c9">
         <name>.bss:g_sciTransfer_t</name>
         <uninitialized>true</uninitialized>
         <run_address>0x80019ec</run_address>
         <size>0x50</size>
         <input_file_ref idref="fl-11"/>
      </object_component>
      <object_component id="oc-252">
         <name>.common:transfer_complete</name>
         <uninitialized>true</uninitialized>
         <run_address>0x8001a68</run_address>
         <size>0x4</size>
      </object_component>
      <object_component id="oc-182">
         <name>.common:u8PotStringBuf</name>
         <uninitialized>true</uninitialized>
         <run_address>0x8001988</run_address>
         <size>0x64</size>
      </object_component>
      <object_component id="oc-bd">
         <name>.common:resetReason</name>
         <uninitialized>true</uninitialized>
         <run_address>0x8001a71</run_address>
         <size>0x1</size>
      </object_component>
      <object_component id="oc-ed">
         <name>.common:ESM_AppCallback</name>
         <uninitialized>true</uninitialized>
         <run_address>0x8001a3c</run_address>
         <size>0x4</size>
      </object_component>
      <object_component id="oc-134">
         <name>.common:g_MemIntrCnt_retVal</name>
         <uninitialized>true</uninitialized>
         <run_address>0x8001a6f</run_address>
         <size>0x1</size>
      </object_component>
      <object_component id="oc-135">
         <name>.common:g_MemIntrCnt_reserved_word</name>
         <uninitialized>true</uninitialized>
         <run_address>0x8001a44</run_address>
         <size>0x4</size>
      </object_component>
      <object_component id="oc-136">
         <name>.common:g_MainPeriphIntrCnt_retVal</name>
         <uninitialized>true</uninitialized>
         <run_address>0x8001a6e</run_address>
         <size>0x1</size>
      </object_component>
      <object_component id="oc-137">
         <name>.common:g_MainPeriphIntrCnt_flag</name>
         <uninitialized>true</uninitialized>
         <run_address>0x8001a6d</run_address>
         <size>0x1</size>
      </object_component>
      <object_component id="oc-138">
         <name>.common:g_MainPeriphIntrCnt_reserved_word</name>
         <uninitialized>true</uninitialized>
         <run_address>0x8001a40</run_address>
         <size>0x4</size>
      </object_component>
      <object_component id="oc-129">
         <name>.common:g_PeriphSegIntrCnt_retVal</name>
         <uninitialized>true</uninitialized>
         <run_address>0x8001a70</run_address>
         <size>0x1</size>
      </object_component>
      <object_component id="oc-133">
         <name>.common:g_PeriphSegIntrCnt_reserved_word_read</name>
         <uninitialized>true</uninitialized>
         <run_address>0x8001a60</run_address>
         <size>0x4</size>
      </object_component>
      <object_component id="oc-132">
         <name>.common:g_PeriphSegIntrCnt_protected_word_read</name>
         <uninitialized>true</uninitialized>
         <run_address>0x8001a58</run_address>
         <size>0x4</size>
      </object_component>
      <object_component id="oc-131">
         <name>.common:g_PeriphSegIntrCnt_pcrprot_bit</name>
         <uninitialized>true</uninitialized>
         <run_address>0x8001a48</run_address>
         <size>0x4</size>
      </object_component>
      <object_component id="oc-12d">
         <name>.common:g_PeriphSegIntrCnt_reserved_word_location</name>
         <uninitialized>true</uninitialized>
         <run_address>0x8001a5c</run_address>
         <size>0x4</size>
      </object_component>
      <object_component id="oc-12e">
         <name>.common:g_PeriphSegIntrCnt_protected_word_location</name>
         <uninitialized>true</uninitialized>
         <run_address>0x8001a54</run_address>
         <size>0x4</size>
      </object_component>
      <object_component id="oc-12f">
         <name>.common:g_PeriphSegIntrCnt_pcrprotset_reg</name>
         <uninitialized>true</uninitialized>
         <run_address>0x8001a50</run_address>
         <size>0x4</size>
      </object_component>
      <object_component id="oc-130">
         <name>.common:g_PeriphSegIntrCnt_pcrprotclr_reg</name>
         <uninitialized>true</uninitialized>
         <run_address>0x8001a4c</run_address>
         <size>0x4</size>
      </object_component>
      <object_component id="oc-12c">
         <name>.common:g_sl_pcrREG</name>
         <uninitialized>true</uninitialized>
         <run_address>0x8001a64</run_address>
         <size>0x4</size>
      </object_component>
      <object_component id="oc-17f">
         <name>.data</name>
         <load_address>0x8001af8</load_address>
         <run_address>0x8001af8</run_address>
         <size>0x12</size>
         <input_file_ref idref="fl-3"/>
      </object_component>
      <object_component id="oc-17c">
         <name>.data</name>
         <load_address>0x8001ae4</load_address>
         <run_address>0x8001ae4</run_address>
         <size>0x14</size>
         <input_file_ref idref="fl-e"/>
      </object_component>
      <object_component id="oc-ea">
         <name>.data</name>
         <load_address>0x8001abc</load_address>
         <run_address>0x8001abc</run_address>
         <size>0x4</size>
         <input_file_ref idref="fl-23"/>
      </object_component>
      <object_component id="oc-11e">
         <name>.data:sl_priv_flag_set</name>
         <load_address>0x8001a80</load_address>
         <run_address>0x8001a80</run_address>
         <size>0x39</size>
         <input_file_ref idref="fl-25"/>
      </object_component>
      <object_component id="oc-f0">
         <name>.data</name>
         <load_address>0x8001ac0</load_address>
         <run_address>0x8001ac0</run_address>
         <size>0x21</size>
         <input_file_ref idref="fl-26"/>
      </object_component>
      <object_component id="oc-57d">
         <name>.data</name>
         <load_address>0x8001b0c</load_address>
         <run_address>0x8001b0c</run_address>
         <size>0x4</size>
         <input_file_ref idref="fl-f5"/>
      </object_component>
      <object_component id="oc-308">
         <name>LOG_DATA:init</name>
         <load_address>0x8001980</load_address>
         <run_address>0x8001980</run_address>
         <size>0x8</size>
         <input_file_ref idref="fl-27"/>
      </object_component>
      <object_component id="oc-30b">
         <name>LOG_DATA:uninit</name>
         <load_address>0x8001800</load_address>
         <run_address>0x8001800</run_address>
         <size>0x180</size>
         <input_file_ref idref="fl-27"/>
      </object_component>
      <object_component id="oc-3b3">
         <name>.debug_info</name>
         <load_address>0x0</load_address>
         <run_address>0x0</run_address>
         <size>0x394</size>
         <input_file_ref idref="fl-2"/>
      </object_component>
      <object_component id="oc-399">
         <name>.debug_info</name>
         <load_address>0x394</load_address>
         <run_address>0x394</run_address>
         <size>0x791</size>
         <input_file_ref idref="fl-2"/>
      </object_component>
      <object_component id="oc-1ab">
         <name>.debug_info</name>
         <load_address>0xb25</load_address>
         <run_address>0xb25</run_address>
         <size>0x26b</size>
         <input_file_ref idref="fl-2"/>
      </object_component>
      <object_component id="oc-cd">
         <name>.debug_info</name>
         <load_address>0xd90</load_address>
         <run_address>0xd90</run_address>
         <size>0x157</size>
         <input_file_ref idref="fl-2"/>
      </object_component>
      <object_component id="oc-df">
         <name>.debug_info</name>
         <load_address>0xee7</load_address>
         <run_address>0xee7</run_address>
         <size>0x8b</size>
         <input_file_ref idref="fl-2"/>
      </object_component>
      <object_component id="oc-3ae">
         <name>.debug_info</name>
         <load_address>0xf72</load_address>
         <run_address>0xf72</run_address>
         <size>0x297</size>
         <input_file_ref idref="fl-2"/>
      </object_component>
      <object_component id="oc-25e">
         <name>.debug_info</name>
         <load_address>0x1209</load_address>
         <run_address>0x1209</run_address>
         <size>0xbb</size>
         <input_file_ref idref="fl-2"/>
      </object_component>
      <object_component id="oc-e4">
         <name>.debug_info</name>
         <load_address>0x12c4</load_address>
         <run_address>0x12c4</run_address>
         <size>0x86</size>
         <input_file_ref idref="fl-2"/>
      </object_component>
      <object_component id="oc-468">
         <name>.debug_info</name>
         <load_address>0x134a</load_address>
         <run_address>0x134a</run_address>
         <size>0x38f</size>
         <input_file_ref idref="fl-2"/>
      </object_component>
      <object_component id="oc-253">
         <name>.debug_info</name>
         <load_address>0x16d9</load_address>
         <run_address>0x16d9</run_address>
         <size>0x8af</size>
         <input_file_ref idref="fl-3"/>
      </object_component>
      <object_component id="oc-180">
         <name>.debug_info</name>
         <load_address>0x1f88</load_address>
         <run_address>0x1f88</run_address>
         <size>0x1cb</size>
         <input_file_ref idref="fl-3"/>
      </object_component>
      <object_component id="oc-256">
         <name>.debug_info</name>
         <load_address>0x2153</load_address>
         <run_address>0x2153</run_address>
         <size>0xf1</size>
         <input_file_ref idref="fl-3"/>
      </object_component>
      <object_component id="oc-250">
         <name>.debug_info</name>
         <load_address>0x2244</load_address>
         <run_address>0x2244</run_address>
         <size>0xf1</size>
         <input_file_ref idref="fl-3"/>
      </object_component>
      <object_component id="oc-c7">
         <name>.debug_info</name>
         <load_address>0x2335</load_address>
         <run_address>0x2335</run_address>
         <size>0x576</size>
         <input_file_ref idref="fl-3"/>
      </object_component>
      <object_component id="oc-3d8">
         <name>.debug_info</name>
         <load_address>0x28ab</load_address>
         <run_address>0x28ab</run_address>
         <size>0x791</size>
         <input_file_ref idref="fl-3"/>
      </object_component>
      <object_component id="oc-3dd">
         <name>.debug_info</name>
         <load_address>0x303c</load_address>
         <run_address>0x303c</run_address>
         <size>0x795</size>
         <input_file_ref idref="fl-3"/>
      </object_component>
      <object_component id="oc-3e2">
         <name>.debug_info</name>
         <load_address>0x37d1</load_address>
         <run_address>0x37d1</run_address>
         <size>0x306</size>
         <input_file_ref idref="fl-3"/>
      </object_component>
      <object_component id="oc-3e7">
         <name>.debug_info</name>
         <load_address>0x3ad7</load_address>
         <run_address>0x3ad7</run_address>
         <size>0xb13</size>
         <input_file_ref idref="fl-3"/>
      </object_component>
      <object_component id="oc-3ec">
         <name>.debug_info</name>
         <load_address>0x45ea</load_address>
         <run_address>0x45ea</run_address>
         <size>0x591</size>
         <input_file_ref idref="fl-3"/>
      </object_component>
      <object_component id="oc-3f1">
         <name>.debug_info</name>
         <load_address>0x4b7b</load_address>
         <run_address>0x4b7b</run_address>
         <size>0x306</size>
         <input_file_ref idref="fl-3"/>
      </object_component>
      <object_component id="oc-3f6">
         <name>.debug_info</name>
         <load_address>0x4e81</load_address>
         <run_address>0x4e81</run_address>
         <size>0x547</size>
         <input_file_ref idref="fl-3"/>
      </object_component>
      <object_component id="oc-3fb">
         <name>.debug_info</name>
         <load_address>0x53c8</load_address>
         <run_address>0x53c8</run_address>
         <size>0x18c</size>
         <input_file_ref idref="fl-3"/>
      </object_component>
      <object_component id="oc-259">
         <name>.debug_info</name>
         <load_address>0x5554</load_address>
         <run_address>0x5554</run_address>
         <size>0xae</size>
         <input_file_ref idref="fl-3"/>
      </object_component>
      <object_component id="oc-13f">
         <name>.debug_info</name>
         <load_address>0x5602</load_address>
         <run_address>0x5602</run_address>
         <size>0x86</size>
         <input_file_ref idref="fl-3"/>
      </object_component>
      <object_component id="oc-38d">
         <name>.debug_info</name>
         <load_address>0x5688</load_address>
         <run_address>0x5688</run_address>
         <size>0x4c</size>
         <input_file_ref idref="fl-3"/>
      </object_component>
      <object_component id="oc-400">
         <name>.debug_info</name>
         <load_address>0x56d4</load_address>
         <run_address>0x56d4</run_address>
         <size>0x102</size>
         <input_file_ref idref="fl-3"/>
      </object_component>
      <object_component id="oc-405">
         <name>.debug_info</name>
         <load_address>0x57d6</load_address>
         <run_address>0x57d6</run_address>
         <size>0x1f9</size>
         <input_file_ref idref="fl-3"/>
      </object_component>
      <object_component id="oc-40a">
         <name>.debug_info</name>
         <load_address>0x59cf</load_address>
         <run_address>0x59cf</run_address>
         <size>0x222</size>
         <input_file_ref idref="fl-3"/>
      </object_component>
      <object_component id="oc-40f">
         <name>.debug_info</name>
         <load_address>0x5bf1</load_address>
         <run_address>0x5bf1</run_address>
         <size>0x243</size>
         <input_file_ref idref="fl-3"/>
      </object_component>
      <object_component id="oc-455">
         <name>.debug_info</name>
         <load_address>0x5e34</load_address>
         <run_address>0x5e34</run_address>
         <size>0x4a3</size>
         <input_file_ref idref="fl-3"/>
      </object_component>
      <object_component id="oc-414">
         <name>.debug_info</name>
         <load_address>0x62d7</load_address>
         <run_address>0x62d7</run_address>
         <size>0x4d2</size>
         <input_file_ref idref="fl-3"/>
      </object_component>
      <object_component id="oc-419">
         <name>.debug_info</name>
         <load_address>0x67a9</load_address>
         <run_address>0x67a9</run_address>
         <size>0x1ca</size>
         <input_file_ref idref="fl-3"/>
      </object_component>
      <object_component id="oc-41e">
         <name>.debug_info</name>
         <load_address>0x6973</load_address>
         <run_address>0x6973</run_address>
         <size>0x142</size>
         <input_file_ref idref="fl-3"/>
      </object_component>
      <object_component id="oc-423">
         <name>.debug_info</name>
         <load_address>0x6ab5</load_address>
         <run_address>0x6ab5</run_address>
         <size>0x285</size>
         <input_file_ref idref="fl-3"/>
      </object_component>
      <object_component id="oc-428">
         <name>.debug_info</name>
         <load_address>0x6d3a</load_address>
         <run_address>0x6d3a</run_address>
         <size>0x3f6</size>
         <input_file_ref idref="fl-3"/>
      </object_component>
      <object_component id="oc-42d">
         <name>.debug_info</name>
         <load_address>0x7130</load_address>
         <run_address>0x7130</run_address>
         <size>0x1d1</size>
         <input_file_ref idref="fl-3"/>
      </object_component>
      <object_component id="oc-432">
         <name>.debug_info</name>
         <load_address>0x7301</load_address>
         <run_address>0x7301</run_address>
         <size>0x152</size>
         <input_file_ref idref="fl-3"/>
      </object_component>
      <object_component id="oc-437">
         <name>.debug_info</name>
         <load_address>0x7453</load_address>
         <run_address>0x7453</run_address>
         <size>0x1de</size>
         <input_file_ref idref="fl-3"/>
      </object_component>
      <object_component id="oc-43c">
         <name>.debug_info</name>
         <load_address>0x7631</load_address>
         <run_address>0x7631</run_address>
         <size>0x2af</size>
         <input_file_ref idref="fl-3"/>
      </object_component>
      <object_component id="oc-441">
         <name>.debug_info</name>
         <load_address>0x78e0</load_address>
         <run_address>0x78e0</run_address>
         <size>0x1ab</size>
         <input_file_ref idref="fl-3"/>
      </object_component>
      <object_component id="oc-446">
         <name>.debug_info</name>
         <load_address>0x7a8b</load_address>
         <run_address>0x7a8b</run_address>
         <size>0x29b</size>
         <input_file_ref idref="fl-3"/>
      </object_component>
      <object_component id="oc-44b">
         <name>.debug_info</name>
         <load_address>0x7d26</load_address>
         <run_address>0x7d26</run_address>
         <size>0xee</size>
         <input_file_ref idref="fl-3"/>
      </object_component>
      <object_component id="oc-450">
         <name>.debug_info</name>
         <load_address>0x7e14</load_address>
         <run_address>0x7e14</run_address>
         <size>0x116</size>
         <input_file_ref idref="fl-3"/>
      </object_component>
      <object_component id="oc-45a">
         <name>.debug_info</name>
         <load_address>0x7f2a</load_address>
         <run_address>0x7f2a</run_address>
         <size>0x1b6</size>
         <input_file_ref idref="fl-3"/>
      </object_component>
      <object_component id="oc-45f">
         <name>.debug_info</name>
         <load_address>0x80e0</load_address>
         <run_address>0x80e0</run_address>
         <size>0x36d</size>
         <input_file_ref idref="fl-3"/>
      </object_component>
      <object_component id="oc-223">
         <name>.debug_info</name>
         <load_address>0x844d</load_address>
         <run_address>0x844d</run_address>
         <size>0x4f</size>
         <input_file_ref idref="fl-3"/>
      </object_component>
      <object_component id="oc-15e">
         <name>.debug_info</name>
         <load_address>0x849c</load_address>
         <run_address>0x849c</run_address>
         <size>0x2a4</size>
         <input_file_ref idref="fl-4"/>
      </object_component>
      <object_component id="oc-388">
         <name>.debug_info</name>
         <load_address>0x8740</load_address>
         <run_address>0x8740</run_address>
         <size>0x319</size>
         <input_file_ref idref="fl-6"/>
      </object_component>
      <object_component id="oc-178">
         <name>.debug_info</name>
         <load_address>0x8a59</load_address>
         <run_address>0x8a59</run_address>
         <size>0x57c</size>
         <input_file_ref idref="fl-6"/>
      </object_component>
      <object_component id="oc-1c9">
         <name>.debug_info</name>
         <load_address>0x8fd5</load_address>
         <run_address>0x8fd5</run_address>
         <size>0x1f9</size>
         <input_file_ref idref="fl-6"/>
      </object_component>
      <object_component id="oc-3a3">
         <name>.debug_info</name>
         <load_address>0x91ce</load_address>
         <run_address>0x91ce</run_address>
         <size>0x243</size>
         <input_file_ref idref="fl-6"/>
      </object_component>
      <object_component id="oc-508">
         <name>.debug_info</name>
         <load_address>0x9411</load_address>
         <run_address>0x9411</run_address>
         <size>0x18e</size>
         <input_file_ref idref="fl-6"/>
      </object_component>
      <object_component id="oc-26a">
         <name>.debug_info</name>
         <load_address>0x959f</load_address>
         <run_address>0x959f</run_address>
         <size>0x337</size>
         <input_file_ref idref="fl-7"/>
      </object_component>
      <object_component id="oc-3b9">
         <name>.debug_info</name>
         <load_address>0x98d6</load_address>
         <run_address>0x98d6</run_address>
         <size>0xee</size>
         <input_file_ref idref="fl-7"/>
      </object_component>
      <object_component id="oc-3b6">
         <name>.debug_info</name>
         <load_address>0x99c4</load_address>
         <run_address>0x99c4</run_address>
         <size>0xf3</size>
         <input_file_ref idref="fl-7"/>
      </object_component>
      <object_component id="oc-238">
         <name>.debug_info</name>
         <load_address>0x9ab7</load_address>
         <run_address>0x9ab7</run_address>
         <size>0xc2f</size>
         <input_file_ref idref="fl-7"/>
      </object_component>
      <object_component id="oc-da">
         <name>.debug_info</name>
         <load_address>0xa6e6</load_address>
         <run_address>0xa6e6</run_address>
         <size>0x18c</size>
         <input_file_ref idref="fl-7"/>
      </object_component>
      <object_component id="oc-232">
         <name>.debug_info</name>
         <load_address>0xa872</load_address>
         <run_address>0xa872</run_address>
         <size>0x36d</size>
         <input_file_ref idref="fl-7"/>
      </object_component>
      <object_component id="oc-3b4">
         <name>.debug_info</name>
         <load_address>0xabdf</load_address>
         <run_address>0xabdf</run_address>
         <size>0x390</size>
         <input_file_ref idref="fl-8"/>
      </object_component>
      <object_component id="oc-151">
         <name>.debug_info</name>
         <load_address>0xaf6f</load_address>
         <run_address>0xaf6f</run_address>
         <size>0x7a1</size>
         <input_file_ref idref="fl-8"/>
      </object_component>
      <object_component id="oc-31e">
         <name>.debug_info</name>
         <load_address>0xb710</load_address>
         <run_address>0xb710</run_address>
         <size>0x429</size>
         <input_file_ref idref="fl-8"/>
      </object_component>
      <object_component id="oc-1b5">
         <name>.debug_info</name>
         <load_address>0xbb39</load_address>
         <run_address>0xbb39</run_address>
         <size>0x102</size>
         <input_file_ref idref="fl-8"/>
      </object_component>
      <object_component id="oc-1ba">
         <name>.debug_info</name>
         <load_address>0xbc3b</load_address>
         <run_address>0xbc3b</run_address>
         <size>0x142</size>
         <input_file_ref idref="fl-8"/>
      </object_component>
      <object_component id="oc-1bf">
         <name>.debug_info</name>
         <load_address>0xbd7d</load_address>
         <run_address>0xbd7d</run_address>
         <size>0x285</size>
         <input_file_ref idref="fl-8"/>
      </object_component>
      <object_component id="oc-1c4">
         <name>.debug_info</name>
         <load_address>0xc002</load_address>
         <run_address>0xc002</run_address>
         <size>0x44a</size>
         <input_file_ref idref="fl-8"/>
      </object_component>
      <object_component id="oc-1ce">
         <name>.debug_info</name>
         <load_address>0xc44c</load_address>
         <run_address>0xc44c</run_address>
         <size>0x152</size>
         <input_file_ref idref="fl-8"/>
      </object_component>
      <object_component id="oc-22d">
         <name>.debug_info</name>
         <load_address>0xc59e</load_address>
         <run_address>0xc59e</run_address>
         <size>0x70a</size>
         <input_file_ref idref="fl-8"/>
      </object_component>
      <object_component id="oc-32a">
         <name>.debug_info</name>
         <load_address>0xcca8</load_address>
         <run_address>0xcca8</run_address>
         <size>0x35c</size>
         <input_file_ref idref="fl-a"/>
      </object_component>
      <object_component id="oc-14b">
         <name>.debug_info</name>
         <load_address>0xd004</load_address>
         <run_address>0xd004</run_address>
         <size>0x1191</size>
         <input_file_ref idref="fl-a"/>
      </object_component>
      <object_component id="oc-3b">
         <name>.debug_info</name>
         <load_address>0xe195</load_address>
         <run_address>0xe195</run_address>
         <size>0x294</size>
         <input_file_ref idref="fl-a"/>
      </object_component>
      <object_component id="oc-325">
         <name>.debug_info</name>
         <load_address>0xe429</load_address>
         <run_address>0xe429</run_address>
         <size>0x168</size>
         <input_file_ref idref="fl-a"/>
      </object_component>
      <object_component id="oc-36b">
         <name>.debug_info</name>
         <load_address>0xe591</load_address>
         <run_address>0xe591</run_address>
         <size>0x2c1</size>
         <input_file_ref idref="fl-b"/>
      </object_component>
      <object_component id="oc-165">
         <name>.debug_info</name>
         <load_address>0xe852</load_address>
         <run_address>0xe852</run_address>
         <size>0x77b</size>
         <input_file_ref idref="fl-b"/>
      </object_component>
      <object_component id="oc-49d">
         <name>.debug_info</name>
         <load_address>0xefcd</load_address>
         <run_address>0xefcd</run_address>
         <size>0x12a</size>
         <input_file_ref idref="fl-b"/>
      </object_component>
      <object_component id="oc-3ad">
         <name>.debug_info</name>
         <load_address>0xf0f7</load_address>
         <run_address>0xf0f7</run_address>
         <size>0x3b7</size>
         <input_file_ref idref="fl-c"/>
      </object_component>
      <object_component id="oc-24b">
         <name>.debug_info</name>
         <load_address>0xf4ae</load_address>
         <run_address>0xf4ae</run_address>
         <size>0xd95</size>
         <input_file_ref idref="fl-c"/>
      </object_component>
      <object_component id="oc-44">
         <name>.debug_info</name>
         <load_address>0x10243</load_address>
         <run_address>0x10243</run_address>
         <size>0x1c3</size>
         <input_file_ref idref="fl-c"/>
      </object_component>
      <object_component id="oc-18d">
         <name>.debug_info</name>
         <load_address>0x10406</load_address>
         <run_address>0x10406</run_address>
         <size>0x547</size>
         <input_file_ref idref="fl-c"/>
      </object_component>
      <object_component id="oc-3cf">
         <name>.debug_info</name>
         <load_address>0x1094d</load_address>
         <run_address>0x1094d</run_address>
         <size>0x44e</size>
         <input_file_ref idref="fl-c"/>
      </object_component>
      <object_component id="oc-183">
         <name>.debug_info</name>
         <load_address>0x10d9b</load_address>
         <run_address>0x10d9b</run_address>
         <size>0x5c3</size>
         <input_file_ref idref="fl-e"/>
      </object_component>
      <object_component id="oc-17d">
         <name>.debug_info</name>
         <load_address>0x1135e</load_address>
         <run_address>0x1135e</run_address>
         <size>0x293</size>
         <input_file_ref idref="fl-e"/>
      </object_component>
      <object_component id="oc-ba">
         <name>.debug_info</name>
         <load_address>0x115f1</load_address>
         <run_address>0x115f1</run_address>
         <size>0xb1f</size>
         <input_file_ref idref="fl-e"/>
      </object_component>
      <object_component id="oc-394">
         <name>.debug_info</name>
         <load_address>0x12110</load_address>
         <run_address>0x12110</run_address>
         <size>0x306</size>
         <input_file_ref idref="fl-e"/>
      </object_component>
      <object_component id="oc-39e">
         <name>.debug_info</name>
         <load_address>0x12416</load_address>
         <run_address>0x12416</run_address>
         <size>0xadd</size>
         <input_file_ref idref="fl-e"/>
      </object_component>
      <object_component id="oc-3a8">
         <name>.debug_info</name>
         <load_address>0x12ef3</load_address>
         <run_address>0x12ef3</run_address>
         <size>0xcc</size>
         <input_file_ref idref="fl-e"/>
      </object_component>
      <object_component id="oc-380">
         <name>.debug_info</name>
         <load_address>0x12fbf</load_address>
         <run_address>0x12fbf</run_address>
         <size>0x2c</size>
         <input_file_ref idref="fl-e"/>
      </object_component>
      <object_component id="oc-186">
         <name>.debug_info</name>
         <load_address>0x12feb</load_address>
         <run_address>0x12feb</run_address>
         <size>0x6eb</size>
         <input_file_ref idref="fl-e"/>
      </object_component>
      <object_component id="oc-3be">
         <name>.debug_info</name>
         <load_address>0x136d6</load_address>
         <run_address>0x136d6</run_address>
         <size>0x1d4</size>
         <input_file_ref idref="fl-e"/>
      </object_component>
      <object_component id="oc-50e">
         <name>.debug_info</name>
         <load_address>0x138aa</load_address>
         <run_address>0x138aa</run_address>
         <size>0x2c3</size>
         <input_file_ref idref="fl-f"/>
      </object_component>
      <object_component id="oc-318">
         <name>.debug_info</name>
         <load_address>0x13b6d</load_address>
         <run_address>0x13b6d</run_address>
         <size>0x135</size>
         <input_file_ref idref="fl-f"/>
      </object_component>
      <object_component id="oc-47b">
         <name>.debug_info</name>
         <load_address>0x13ca2</load_address>
         <run_address>0x13ca2</run_address>
         <size>0x199</size>
         <input_file_ref idref="fl-f"/>
      </object_component>
      <object_component id="oc-3bd">
         <name>.debug_info</name>
         <load_address>0x13e3b</load_address>
         <run_address>0x13e3b</run_address>
         <size>0x31c</size>
         <input_file_ref idref="fl-10"/>
      </object_component>
      <object_component id="oc-23e">
         <name>.debug_info</name>
         <load_address>0x14157</load_address>
         <run_address>0x14157</run_address>
         <size>0x1189</size>
         <input_file_ref idref="fl-10"/>
      </object_component>
      <object_component id="oc-4a">
         <name>.debug_info</name>
         <load_address>0x152e0</load_address>
         <run_address>0x152e0</run_address>
         <size>0x30c</size>
         <input_file_ref idref="fl-10"/>
      </object_component>
      <object_component id="oc-3cd">
         <name>.debug_info</name>
         <load_address>0x155ec</load_address>
         <run_address>0x155ec</run_address>
         <size>0x30e</size>
         <input_file_ref idref="fl-11"/>
      </object_component>
      <object_component id="oc-3ca">
         <name>.debug_info</name>
         <load_address>0x158fa</load_address>
         <run_address>0x158fa</run_address>
         <size>0xf6</size>
         <input_file_ref idref="fl-11"/>
      </object_component>
      <object_component id="oc-245">
         <name>.debug_info</name>
         <load_address>0x159f0</load_address>
         <run_address>0x159f0</run_address>
         <size>0xd3e</size>
         <input_file_ref idref="fl-11"/>
      </object_component>
      <object_component id="oc-503">
         <name>.debug_info</name>
         <load_address>0x1672e</load_address>
         <run_address>0x1672e</run_address>
         <size>0x91</size>
         <input_file_ref idref="fl-11"/>
      </object_component>
      <object_component id="oc-98">
         <name>.debug_info</name>
         <load_address>0x167bf</load_address>
         <run_address>0x167bf</run_address>
         <size>0x89b</size>
         <input_file_ref idref="fl-12"/>
      </object_component>
      <object_component id="oc-50">
         <name>.debug_info</name>
         <load_address>0x1705a</load_address>
         <run_address>0x1705a</run_address>
         <size>0x11d</size>
         <input_file_ref idref="fl-14"/>
      </object_component>
      <object_component id="oc-157">
         <name>.debug_info</name>
         <load_address>0x17177</load_address>
         <run_address>0x17177</run_address>
         <size>0x48c</size>
         <input_file_ref idref="fl-15"/>
      </object_component>
      <object_component id="oc-50d">
         <name>.debug_info</name>
         <load_address>0x17603</load_address>
         <run_address>0x17603</run_address>
         <size>0x304</size>
         <input_file_ref idref="fl-16"/>
      </object_component>
      <object_component id="oc-476">
         <name>.debug_info</name>
         <load_address>0x17907</load_address>
         <run_address>0x17907</run_address>
         <size>0x457</size>
         <input_file_ref idref="fl-16"/>
      </object_component>
      <object_component id="oc-55">
         <name>.debug_info</name>
         <load_address>0x17d5e</load_address>
         <run_address>0x17d5e</run_address>
         <size>0x156</size>
         <input_file_ref idref="fl-17"/>
      </object_component>
      <object_component id="oc-be">
         <name>.debug_info</name>
         <load_address>0x17eb4</load_address>
         <run_address>0x17eb4</run_address>
         <size>0xa0e</size>
         <input_file_ref idref="fl-1a"/>
      </object_component>
      <object_component id="oc-28">
         <name>.debug_info</name>
         <load_address>0x188c2</load_address>
         <run_address>0x188c2</run_address>
         <size>0x28c</size>
         <input_file_ref idref="fl-1a"/>
      </object_component>
      <object_component id="oc-b2">
         <name>.debug_info</name>
         <load_address>0x18b4e</load_address>
         <run_address>0x18b4e</run_address>
         <size>0x23e</size>
         <input_file_ref idref="fl-1a"/>
      </object_component>
      <object_component id="oc-192">
         <name>.debug_info</name>
         <load_address>0x18d8c</load_address>
         <run_address>0x18d8c</run_address>
         <size>0x795</size>
         <input_file_ref idref="fl-1a"/>
      </object_component>
      <object_component id="oc-197">
         <name>.debug_info</name>
         <load_address>0x19521</load_address>
         <run_address>0x19521</run_address>
         <size>0x306</size>
         <input_file_ref idref="fl-1a"/>
      </object_component>
      <object_component id="oc-19c">
         <name>.debug_info</name>
         <load_address>0x19827</load_address>
         <run_address>0x19827</run_address>
         <size>0xb13</size>
         <input_file_ref idref="fl-1a"/>
      </object_component>
      <object_component id="oc-1a1">
         <name>.debug_info</name>
         <load_address>0x1a33a</load_address>
         <run_address>0x1a33a</run_address>
         <size>0x591</size>
         <input_file_ref idref="fl-1a"/>
      </object_component>
      <object_component id="oc-c1">
         <name>.debug_info</name>
         <load_address>0x1a8cb</load_address>
         <run_address>0x1a8cb</run_address>
         <size>0xb1a</size>
         <input_file_ref idref="fl-1a"/>
      </object_component>
      <object_component id="oc-1a6">
         <name>.debug_info</name>
         <load_address>0x1b3e5</load_address>
         <run_address>0x1b3e5</run_address>
         <size>0x18c</size>
         <input_file_ref idref="fl-1a"/>
      </object_component>
      <object_component id="oc-1b0">
         <name>.debug_info</name>
         <load_address>0x1b571</load_address>
         <run_address>0x1b571</run_address>
         <size>0x102</size>
         <input_file_ref idref="fl-1a"/>
      </object_component>
      <object_component id="oc-1d3">
         <name>.debug_info</name>
         <load_address>0x1b673</load_address>
         <run_address>0x1b673</run_address>
         <size>0x222</size>
         <input_file_ref idref="fl-1a"/>
      </object_component>
      <object_component id="oc-214">
         <name>.debug_info</name>
         <load_address>0x1b895</load_address>
         <run_address>0x1b895</run_address>
         <size>0x4a3</size>
         <input_file_ref idref="fl-1a"/>
      </object_component>
      <object_component id="oc-1d8">
         <name>.debug_info</name>
         <load_address>0x1bd38</load_address>
         <run_address>0x1bd38</run_address>
         <size>0x4d2</size>
         <input_file_ref idref="fl-1a"/>
      </object_component>
      <object_component id="oc-1dd">
         <name>.debug_info</name>
         <load_address>0x1c20a</load_address>
         <run_address>0x1c20a</run_address>
         <size>0x1ca</size>
         <input_file_ref idref="fl-1a"/>
      </object_component>
      <object_component id="oc-1e2">
         <name>.debug_info</name>
         <load_address>0x1c3d4</load_address>
         <run_address>0x1c3d4</run_address>
         <size>0x285</size>
         <input_file_ref idref="fl-1a"/>
      </object_component>
      <object_component id="oc-1e7">
         <name>.debug_info</name>
         <load_address>0x1c659</load_address>
         <run_address>0x1c659</run_address>
         <size>0x3f6</size>
         <input_file_ref idref="fl-1a"/>
      </object_component>
      <object_component id="oc-1ec">
         <name>.debug_info</name>
         <load_address>0x1ca4f</load_address>
         <run_address>0x1ca4f</run_address>
         <size>0x1d1</size>
         <input_file_ref idref="fl-1a"/>
      </object_component>
      <object_component id="oc-1f1">
         <name>.debug_info</name>
         <load_address>0x1cc20</load_address>
         <run_address>0x1cc20</run_address>
         <size>0x152</size>
         <input_file_ref idref="fl-1a"/>
      </object_component>
      <object_component id="oc-1f6">
         <name>.debug_info</name>
         <load_address>0x1cd72</load_address>
         <run_address>0x1cd72</run_address>
         <size>0x1de</size>
         <input_file_ref idref="fl-1a"/>
      </object_component>
      <object_component id="oc-1fb">
         <name>.debug_info</name>
         <load_address>0x1cf50</load_address>
         <run_address>0x1cf50</run_address>
         <size>0x2af</size>
         <input_file_ref idref="fl-1a"/>
      </object_component>
      <object_component id="oc-200">
         <name>.debug_info</name>
         <load_address>0x1d1ff</load_address>
         <run_address>0x1d1ff</run_address>
         <size>0x1ab</size>
         <input_file_ref idref="fl-1a"/>
      </object_component>
      <object_component id="oc-205">
         <name>.debug_info</name>
         <load_address>0x1d3aa</load_address>
         <run_address>0x1d3aa</run_address>
         <size>0x29b</size>
         <input_file_ref idref="fl-1a"/>
      </object_component>
      <object_component id="oc-20a">
         <name>.debug_info</name>
         <load_address>0x1d645</load_address>
         <run_address>0x1d645</run_address>
         <size>0xee</size>
         <input_file_ref idref="fl-1a"/>
      </object_component>
      <object_component id="oc-20f">
         <name>.debug_info</name>
         <load_address>0x1d733</load_address>
         <run_address>0x1d733</run_address>
         <size>0x116</size>
         <input_file_ref idref="fl-1a"/>
      </object_component>
      <object_component id="oc-219">
         <name>.debug_info</name>
         <load_address>0x1d849</load_address>
         <run_address>0x1d849</run_address>
         <size>0x1b6</size>
         <input_file_ref idref="fl-1a"/>
      </object_component>
      <object_component id="oc-21e">
         <name>.debug_info</name>
         <load_address>0x1d9ff</load_address>
         <run_address>0x1d9ff</run_address>
         <size>0x36d</size>
         <input_file_ref idref="fl-1a"/>
      </object_component>
      <object_component id="oc-228">
         <name>.debug_info</name>
         <load_address>0x1dd6c</load_address>
         <run_address>0x1dd6c</run_address>
         <size>0x1b6</size>
         <input_file_ref idref="fl-1a"/>
      </object_component>
      <object_component id="oc-d4">
         <name>.debug_info</name>
         <load_address>0x1df22</load_address>
         <run_address>0x1df22</run_address>
         <size>0x57f</size>
         <input_file_ref idref="fl-1b"/>
      </object_component>
      <object_component id="oc-41">
         <name>.debug_info</name>
         <load_address>0x1e4a1</load_address>
         <run_address>0x1e4a1</run_address>
         <size>0xf0</size>
         <input_file_ref idref="fl-1b"/>
      </object_component>
      <object_component id="oc-5c">
         <name>.debug_info</name>
         <load_address>0x1e591</load_address>
         <run_address>0x1e591</run_address>
         <size>0x4c8</size>
         <input_file_ref idref="fl-1b"/>
      </object_component>
      <object_component id="oc-61">
         <name>.debug_info</name>
         <load_address>0x1ea59</load_address>
         <run_address>0x1ea59</run_address>
         <size>0x213</size>
         <input_file_ref idref="fl-1b"/>
      </object_component>
      <object_component id="oc-265">
         <name>.debug_info</name>
         <load_address>0x1ec6c</load_address>
         <run_address>0x1ec6c</run_address>
         <size>0x4f</size>
         <input_file_ref idref="fl-1b"/>
      </object_component>
      <object_component id="oc-323">
         <name>.debug_info</name>
         <load_address>0x1ecbb</load_address>
         <run_address>0x1ecbb</run_address>
         <size>0x3f2</size>
         <input_file_ref idref="fl-1c"/>
      </object_component>
      <object_component id="oc-145">
         <name>.debug_info</name>
         <load_address>0x1f0ad</load_address>
         <run_address>0x1f0ad</run_address>
         <size>0x5e8</size>
         <input_file_ref idref="fl-1c"/>
      </object_component>
      <object_component id="oc-9d">
         <name>.debug_info</name>
         <load_address>0x1f695</load_address>
         <run_address>0x1f695</run_address>
         <size>0x5b7</size>
         <input_file_ref idref="fl-22"/>
      </object_component>
      <object_component id="oc-ee">
         <name>.debug_info</name>
         <load_address>0x1fc4c</load_address>
         <run_address>0x1fc4c</run_address>
         <size>0x489</size>
         <input_file_ref idref="fl-23"/>
      </object_component>
      <object_component id="oc-eb">
         <name>.debug_info</name>
         <load_address>0x200d5</load_address>
         <run_address>0x200d5</run_address>
         <size>0x140</size>
         <input_file_ref idref="fl-23"/>
      </object_component>
      <object_component id="oc-68">
         <name>.debug_info</name>
         <load_address>0x20215</load_address>
         <run_address>0x20215</run_address>
         <size>0x776</size>
         <input_file_ref idref="fl-23"/>
      </object_component>
      <object_component id="oc-6d">
         <name>.debug_info</name>
         <load_address>0x2098b</load_address>
         <run_address>0x2098b</run_address>
         <size>0x359</size>
         <input_file_ref idref="fl-23"/>
      </object_component>
      <object_component id="oc-26f">
         <name>.debug_info</name>
         <load_address>0x20ce4</load_address>
         <run_address>0x20ce4</run_address>
         <size>0x795</size>
         <input_file_ref idref="fl-23"/>
      </object_component>
      <object_component id="oc-274">
         <name>.debug_info</name>
         <load_address>0x21479</load_address>
         <run_address>0x21479</run_address>
         <size>0x306</size>
         <input_file_ref idref="fl-23"/>
      </object_component>
      <object_component id="oc-279">
         <name>.debug_info</name>
         <load_address>0x2177f</load_address>
         <run_address>0x2177f</run_address>
         <size>0xb13</size>
         <input_file_ref idref="fl-23"/>
      </object_component>
      <object_component id="oc-27e">
         <name>.debug_info</name>
         <load_address>0x22292</load_address>
         <run_address>0x22292</run_address>
         <size>0x591</size>
         <input_file_ref idref="fl-23"/>
      </object_component>
      <object_component id="oc-f4">
         <name>.debug_info</name>
         <load_address>0x22823</load_address>
         <run_address>0x22823</run_address>
         <size>0xb1a</size>
         <input_file_ref idref="fl-23"/>
      </object_component>
      <object_component id="oc-303">
         <name>.debug_info</name>
         <load_address>0x2333d</load_address>
         <run_address>0x2333d</run_address>
         <size>0xa1</size>
         <input_file_ref idref="fl-23"/>
      </object_component>
      <object_component id="oc-30f">
         <name>.debug_info</name>
         <load_address>0x233de</load_address>
         <run_address>0x233de</run_address>
         <size>0x305</size>
         <input_file_ref idref="fl-23"/>
      </object_component>
      <object_component id="oc-283">
         <name>.debug_info</name>
         <load_address>0x236e3</load_address>
         <run_address>0x236e3</run_address>
         <size>0x18c</size>
         <input_file_ref idref="fl-23"/>
      </object_component>
      <object_component id="oc-2e9">
         <name>.debug_info</name>
         <load_address>0x2386f</load_address>
         <run_address>0x2386f</run_address>
         <size>0x18b</size>
         <input_file_ref idref="fl-23"/>
      </object_component>
      <object_component id="oc-f9">
         <name>.debug_info</name>
         <load_address>0x239fa</load_address>
         <run_address>0x239fa</run_address>
         <size>0xae</size>
         <input_file_ref idref="fl-23"/>
      </object_component>
      <object_component id="oc-288">
         <name>.debug_info</name>
         <load_address>0x23aa8</load_address>
         <run_address>0x23aa8</run_address>
         <size>0x102</size>
         <input_file_ref idref="fl-23"/>
      </object_component>
      <object_component id="oc-28d">
         <name>.debug_info</name>
         <load_address>0x23baa</load_address>
         <run_address>0x23baa</run_address>
         <size>0x222</size>
         <input_file_ref idref="fl-23"/>
      </object_component>
      <object_component id="oc-2d3">
         <name>.debug_info</name>
         <load_address>0x23dcc</load_address>
         <run_address>0x23dcc</run_address>
         <size>0x4a3</size>
         <input_file_ref idref="fl-23"/>
      </object_component>
      <object_component id="oc-292">
         <name>.debug_info</name>
         <load_address>0x2426f</load_address>
         <run_address>0x2426f</run_address>
         <size>0x4d2</size>
         <input_file_ref idref="fl-23"/>
      </object_component>
      <object_component id="oc-13a">
         <name>.debug_info</name>
         <load_address>0x24741</load_address>
         <run_address>0x24741</run_address>
         <size>0x2e2</size>
         <input_file_ref idref="fl-23"/>
      </object_component>
      <object_component id="oc-297">
         <name>.debug_info</name>
         <load_address>0x24a23</load_address>
         <run_address>0x24a23</run_address>
[...]
         <value>0xac7c</value>
         <object_component_ref idref="oc-9a"/>
      </symbol>
      <symbol id="sm-7d5">
         <name>_SL_Disable_IRQ</name>
         <value>0xac20</value>
         <object_component_ref idref="oc-9a"/>
      </symbol>
      <symbol id="sm-7d6">
         <name>_SL_Get_DataFault_Status</name>
         <value>0xac6c</value>
         <object_component_ref idref="oc-9a"/>
      </symbol>
      <symbol id="sm-7d7">
         <name>_SL_Get_ARM_Mode</name>
         <value>0xac60</value>
         <object_component_ref idref="oc-9a"/>
      </symbol>
      <symbol id="sm-7d8">
         <name>_SL_Barrier_Data_Access</name>
         <value>0xae34</value>
         <object_component_ref idref="oc-9a"/>
      </symbol>
      <symbol id="sm-7d9">
         <name>_SL_Kickoff_STC_execution</name>
         <value>0xadf4</value>
         <object_component_ref idref="oc-9a"/>
      </symbol>
      <symbol id="sm-7da">
         <name>_SL_Restore_IRQ</name>
         <value>0xac40</value>
         <object_component_ref idref="oc-9a"/>
      </symbol>
      <symbol id="sm-7db">
         <name>SL_Init_StackPointers</name>
         <value>0xada4</value>
         <object_component_ref idref="oc-9a"/>
      </symbol>
      <symbol id="sm-7dc">
         <name>_SL_Init_EnableEventExport</name>
         <value>0xac08</value>
         <object_component_ref idref="oc-9a"/>
      </symbol>
      <symbol id="sm-7dd">
         <name>_SL_Get_DataFault_Address</name>
         <value>0xac74</value>
         <object_component_ref idref="oc-9a"/>
      </symbol>
      <symbol id="sm-8d3">
         <name>SL_ESM_Init</name>
         <value>0x8cfc</value>
         <object_component_ref idref="oc-67"/>
      </symbol>
      <symbol id="sm-8d4">
         <name>SL_ESM_nERROR_Active</name>
         <value>0x8ce4</value>
         <object_component_ref idref="oc-67"/>
      </symbol>
      <symbol id="sm-8f0">
         <name>SL_Init_ECCTCMRAM</name>
         <value>0xb8dc</value>
         <object_component_ref idref="oc-9f"/>
      </symbol>
      <symbol id="sm-8f1">
         <name>SL_Init_Memory</name>
         <value>0xb890</value>
         <object_component_ref idref="oc-9f"/>
      </symbol>
      <symbol id="sm-8f2">
         <name>SL_Init_ResetReason_XInfo</name>
         <value>0xb7bc</value>
         <object_component_ref idref="oc-9f"/>
      </symbol>
      <symbol id="sm-8f3">
         <name>SL_Init_ResetReason</name>
         <value>0xb7c4</value>
         <object_component_ref idref="oc-9f"/>
      </symbol>
      <symbol id="sm-8f4">
         <name>SL_Init_ECCFlash</name>
         <value>0xb8ec</value>
         <object_component_ref idref="oc-9f"/>
      </symbol>
      <symbol id="sm-91c">
         <name>_SL_SelfTest_adcStartConversion_selChn</name>
         <value>0xae40</value>
         <object_component_ref idref="oc-a5"/>
      </symbol>
      <symbol id="sm-91d">
         <name>SL_FLAG_GET</name>
         <value>0xaffc</value>
         <object_component_ref idref="oc-a5"/>
      </symbol>
      <symbol id="sm-91e">
         <name>_SL_HoldNClear_nError</name>
         <value>0xafa4</value>
         <object_component_ref idref="oc-a5"/>
      </symbol>
      <symbol id="sm-91f">
         <name>sl_priv_flag_set</name>
         <value>0x8001a80</value>
         <object_component_ref idref="oc-11e"/>
      </symbol>
      <symbol id="sm-920">
         <name>SL_FLAG_SET</name>
         <value>0xafe4</value>
         <object_component_ref idref="oc-a5"/>
      </symbol>
      <symbol id="sm-921">
         <name>SL_FLAG_CLEAR</name>
         <value>0xb010</value>
         <object_component_ref idref="oc-a5"/>
      </symbol>
      <symbol id="sm-922">
         <name>_SL_SelfTest_adcIsConversionComplete</name>
         <value>0xae70</value>
         <object_component_ref idref="oc-a5"/>
      </symbol>
      <symbol id="sm-923">
         <name>_SL_SelfTest_adcGetSingleData</name>
         <value>0xae9c</value>
         <object_component_ref idref="oc-a5"/>
      </symbol>
      <symbol id="sm-924">
         <name>_SL_Approximate_value</name>
         <value>0xafc4</value>
         <object_component_ref idref="oc-a5"/>
      </symbol>
      <symbol id="sm-925">
         <name>_SL_SelfTest_SRAM_RAD</name>
         <value>0xaeec</value>
         <object_component_ref idref="oc-a5"/>
      </symbol>
      <symbol id="sm-adc">
         <name>g_MemIntrCnt_retVal</name>
         <value>0x8001a6f</value>
      </symbol>
      <symbol id="sm-add">
         <name>g_MemIntrCnt_reserved_word</name>
         <value>0x8001a44</value>
      </symbol>
      <symbol id="sm-ade">
         <name>g_MainPeriphIntrCnt_retVal</name>
         <value>0x8001a6e</value>
      </symbol>
      <symbol id="sm-adf">
         <name>g_MainPeriphIntrCnt_flag</name>
         <value>0x8001a6d</value>
      </symbol>
      <symbol id="sm-ae0">
         <name>g_MainPeriphIntrCnt_reserved_word</name>
         <value>0x8001a40</value>
      </symbol>
      <symbol id="sm-ae1">
         <name>g_PeriphSegIntrCnt_retVal</name>
         <value>0x8001a70</value>
      </symbol>
      <symbol id="sm-ae2">
         <name>g_PeriphSegIntrCnt_reserved_word_read</name>
         <value>0x8001a60</value>
      </symbol>
      <symbol id="sm-ae3">
         <name>g_PeriphSegIntrCnt_protected_word_read</name>
         <value>0x8001a58</value>
      </symbol>
      <symbol id="sm-ae4">
         <name>g_PeriphSegIntrCnt_pcrprot_bit</name>
         <value>0x8001a48</value>
      </symbol>
      <symbol id="sm-ae5">
         <name>g_PeriphSegIntrCnt_reserved_word_location</name>
         <value>0x8001a5c</value>
      </symbol>
      <symbol id="sm-ae6">
         <name>g_PeriphSegIntrCnt_protected_word_location</name>
         <value>0x8001a54</value>
      </symbol>
      <symbol id="sm-ae7">
         <name>g_PeriphSegIntrCnt_pcrprotset_reg</name>
         <value>0x8001a50</value>
      </symbol>
      <symbol id="sm-ae8">
         <name>g_PeriphSegIntrCnt_pcrprotclr_reg</name>
         <value>0x8001a4c</value>
      </symbol>
      <symbol id="sm-ae9">
         <name>g_sl_pcrREG</name>
         <value>0x8001a64</value>
      </symbol>
      <symbol id="sm-aea">
         <name>SL_adcCalibration</name>
         <value>0x3a0</value>
         <object_component_ref idref="oc-ab"/>
      </symbol>
      <symbol id="sm-aeb">
         <name>SL_SelfTest_EFuse</name>
         <value>0x1ef4</value>
         <object_component_ref idref="oc-ab"/>
      </symbol>
      <symbol id="sm-aec">
         <name>SL_mibspiTransfer</name>
         <value>0x274</value>
         <object_component_ref idref="oc-ab"/>
      </symbol>
      <symbol id="sm-aed">
         <name>SL_SelfTest_PeripheralSegmentInterconnect</name>
         <value>0x103c</value>
         <object_component_ref idref="oc-ab"/>
      </symbol>
      <symbol id="sm-aee">
         <name>sl_dmaSetChEnable</name>
         <value>0x154</value>
         <object_component_ref idref="oc-ab"/>
      </symbol>
      <symbol id="sm-aef">
         <name>SL_SelfTest_Status_CCMR5F</name>
         <value>0x574</value>
         <object_component_ref idref="oc-ab"/>
      </symbol>
      <symbol id="sm-af0">
         <name>SL_SelfTest_Status_MemIntrcntSelftest</name>
         <value>0xc44</value>
         <object_component_ref idref="oc-ab"/>
      </symbol>
      <symbol id="sm-af1">
         <name>SL_SelfTest_Status_PSCON</name>
         <value>0xaf8</value>
         <object_component_ref idref="oc-ab"/>
      </symbol>
      <symbol id="sm-af2">
         <name>SL_SelfTest_CAN</name>
         <value>0x2550</value>
         <object_component_ref idref="oc-ab"/>
      </symbol>
      <symbol id="sm-af3">
         <name>vimTestFlag</name>
         <value>0x8001ae0</value>
         <object_component_ref idref="oc-f0"/>
      </symbol>
      <symbol id="sm-af4">
         <name>SL_SelfTest_PBIST</name>
         <value>0x14e0</value>
         <object_component_ref idref="oc-ab"/>
      </symbol>
      <symbol id="sm-af5">
         <name>sl_dmaSetCtrlPacket</name>
         <value>0x70</value>
         <object_component_ref idref="oc-ab"/>
      </symbol>
      <symbol id="sm-af6">
         <name>SL_SelfTest_STC</name>
         <value>0xce4</value>
         <object_component_ref idref="oc-ab"/>
      </symbol>
      <symbol id="sm-af7">
         <name>SL_SelfTest_CCMR5F</name>
         <value>0x694</value>
         <object_component_ref idref="oc-ab"/>
      </symbol>
      <symbol id="sm-af8">
         <name>SL_mibspiGetData</name>
         <value>0x310</value>
         <object_component_ref idref="oc-ab"/>
      </symbol>
      <symbol id="sm-af9">
         <name>SL_SelfTest_PSCON</name>
         <value>0x1264</value>
         <object_component_ref idref="oc-ab"/>
      </symbol>
      <symbol id="sm-afa">
         <name>sl_dmaSetProtectedRegion</name>
         <value>0x240</value>
         <object_component_ref idref="oc-ab"/>
      </symbol>
      <symbol id="sm-afb">
         <name>SL_mibspiSetData</name>
         <value>0x288</value>
         <object_component_ref idref="oc-ab"/>
      </symbol>
      <symbol id="sm-afc">
         <name>sramEccTestBuff</name>
         <value>0x8001ac0</value>
         <object_component_ref idref="oc-f0"/>
      </symbol>
      <symbol id="sm-afd">
         <name>SL_SelfTest_SRAM</name>
         <value>0xdd4</value>
         <object_component_ref idref="oc-ab"/>
      </symbol>
      <symbol id="sm-afe">
         <name>SL_SelfTest_WaitCompletion_PBIST</name>
         <value>0x558</value>
         <object_component_ref idref="oc-ab"/>
      </symbol>
      <symbol id="sm-aff">
         <name>SL_SelfTest_Status_EFuse</name>
         <value>0xc5c</value>
         <object_component_ref idref="oc-ab"/>
      </symbol>
      <symbol id="sm-b00">
         <name>SL_mibspiEnableLoopback</name>
         <value>0x388</value>
         <object_component_ref idref="oc-ab"/>
      </symbol>
      <symbol id="sm-b01">
         <name>SL_SelfTest_PBIST_StopExec</name>
         <value>0xb4c</value>
         <object_component_ref idref="oc-ab"/>
      </symbol>
      <symbol id="sm-b02">
         <name>SL_SelfTest_Status_STC</name>
         <value>0xa60</value>
         <object_component_ref idref="oc-ab"/>
      </symbol>
      <symbol id="sm-b03">
         <name>SL_SelfTest_Status_PBIST</name>
         <value>0xb70</value>
         <object_component_ref idref="oc-ab"/>
      </symbol>
      <symbol id="sm-b04">
         <name>SL_SelfTest_MibSPI</name>
         <value>0x1680</value>
         <object_component_ref idref="oc-ab"/>
      </symbol>
      <symbol id="sm-b05">
         <name>SL_SelfTest_ADC</name>
         <value>0x29e0</value>
         <object_component_ref idref="oc-ab"/>
      </symbol>
      <symbol id="sm-b06">
         <name>sl_dmaConfigCtrlPacket</name>
         <value>0x20</value>
         <object_component_ref idref="oc-ab"/>
      </symbol>
      <symbol id="sm-b07">
         <name>sl_dmaSoftwrTestConfig</name>
         <value>0x170</value>
         <object_component_ref idref="oc-ab"/>
      </symbol>
      <symbol id="sm-b08">
         <name>SL_SelfTest_DMA</name>
         <value>0x20bc</value>
         <object_component_ref idref="oc-ab"/>
      </symbol>
      <symbol id="sm-b09">
         <name>SL_SelfTest_MemoryInterconnect</name>
         <value>0x1ce0</value>
         <object_component_ref idref="oc-ab"/>
      </symbol>
      <symbol id="sm-b0a">
         <name>SL_SelfTest_MainPeripheralInterconnect</name>
         <value>0x1e20</value>
         <object_component_ref idref="oc-ab"/>
      </symbol>
      <symbol id="sm-b0b">
         <name>SL_mibspiIsTransferComplete</name>
         <value>0x2e0</value>
         <object_component_ref idref="oc-ab"/>
      </symbol>
      <symbol id="sm-b0c">
         <name>SL_SelfTest_VIM</name>
         <value>0x9c0</value>
         <object_component_ref idref="oc-ab"/>
      </symbol>
      <symbol id="sm-b2b">
         <name>SL_Log_Error</name>
         <value>0xc758</value>
         <object_component_ref idref="oc-123"/>
      </symbol>
      <symbol id="sm-b2c">
         <name>_SL_Log_Error_Buffer</name>
         <value>0x8001800</value>
         <object_component_ref idref="oc-30b"/>
      </symbol>
      <symbol id="sm-b2d">
         <name>_SL_Log_Error_Index</name>
         <value>0x8001984</value>
         <object_component_ref idref="oc-308"/>
      </symbol>
      <symbol id="sm-b57">
         <name>floorl</name>
         <value>0xbb80</value>
         <object_component_ref idref="oc-3c3"/>
      </symbol>
      <symbol id="sm-b58">
         <name>floor</name>
         <value>0xbb80</value>
         <object_component_ref idref="oc-3c3"/>
      </symbol>
      <symbol id="sm-b71">
         <name>memcpy</name>
         <value>0xb394</value>
         <object_component_ref idref="oc-7d"/>
      </symbol>
      <symbol id="sm-b72">
         <name>__aeabi_memcpy</name>
         <value>0xb394</value>
         <object_component_ref idref="oc-7d"/>
      </symbol>
      <symbol id="sm-b73">
         <name>__aeabi_memcpy8</name>
         <value>0xb394</value>
         <object_component_ref idref="oc-7d"/>
      </symbol>
      <symbol id="sm-b74">
         <name>__aeabi_memcpy4</name>
         <value>0xb394</value>
         <object_component_ref idref="oc-7d"/>
      </symbol>
      <symbol id="sm-b83">
         <name>__aeabi_memset</name>
         <value>0xc1ac</value>
         <object_component_ref idref="oc-114"/>
      </symbol>
      <symbol id="sm-b84">
         <name>memset</name>
         <value>0xc1b8</value>
         <object_component_ref idref="oc-114"/>
      </symbol>
      <symbol id="sm-b85">
         <name>__aeabi_memset8</name>
         <value>0xc1ac</value>
         <object_component_ref idref="oc-114"/>
      </symbol>
      <symbol id="sm-b86">
         <name>__aeabi_memset4</name>
         <value>0xc1ac</value>
         <object_component_ref idref="oc-114"/>
      </symbol>
      <symbol id="sm-b87">
         <name>__aeabi_memclr8</name>
         <value>0xc1a8</value>
         <object_component_ref idref="oc-114"/>
      </symbol>
      <symbol id="sm-b88">
         <name>__aeabi_memclr4</name>
         <value>0xc1a8</value>
         <object_component_ref idref="oc-114"/>
      </symbol>
      <symbol id="sm-b89">
         <name>__aeabi_memclr</name>
         <value>0xc1a8</value>
         <object_component_ref idref="oc-114"/>
      </symbol>
      <symbol id="sm-bb1">
         <name>__TI_auto_init_nobinit_nopinit</name>
         <value>0xc628</value>
         <object_component_ref idref="oc-32d"/>
      </symbol>
      <symbol id="sm-bca">
         <name>__TI_zero_init_nomemset</name>
         <value>0xc924</value>
         <object_component_ref idref="oc-89"/>
      </symbol>
      <symbol id="sm-be1">
         <name>__TI_decompress_none</name>
         <value>0xc978</value>
         <object_component_ref idref="oc-20"/>
      </symbol>
      <symbol id="sm-c04">
         <name>__TI_decompress_lzss</name>
         <value>0xc394</value>
         <object_component_ref idref="oc-1a"/>
      </symbol>
      <symbol id="sm-c0f">
         <name>C$$EXIT</name>
         <value>0xc998</value>
         <object_component_ref idref="oc-35d"/>
      </symbol>
      <symbol id="sm-c10">
         <name>abort</name>
         <value>0xc998</value>
         <object_component_ref idref="oc-35d"/>
      </symbol>
      <symbol id="sm-c38">
         <name>sprintf</name>
         <value>0xc6f4</value>
         <object_component_ref idref="oc-16a"/>
      </symbol>
      <symbol id="sm-c46">
         <name>strlen</name>
         <value>0xc944</value>
         <object_component_ref idref="oc-170"/>
      </symbol>
      <symbol id="sm-d8b">
         <name>__TI_printfi</name>
         <value>0x2bf0</value>
         <object_component_ref idref="oc-36c"/>
      </symbol>
      <symbol id="sm-d9e">
         <name>atoi</name>
         <value>0xc4b0</value>
         <object_component_ref idref="oc-4a2"/>
      </symbol>
      <symbol id="sm-da9">
         <name>_ctypes_</name>
         <value>0xcba8</value>
         <object_component_ref idref="oc-530"/>
      </symbol>
      <symbol id="sm-db7">
         <name>ltoa</name>
         <value>0xc534</value>
         <object_component_ref idref="oc-540"/>
      </symbol>
      <symbol id="sm-dc6">
         <name>memccpy</name>
         <value>0xc88c</value>
         <object_component_ref idref="oc-4c6"/>
      </symbol>
      <symbol id="sm-dd4">
         <name>strchr</name>
         <value>0xc8b8</value>
         <object_component_ref idref="oc-56d"/>
      </symbol>
      <symbol id="sm-dec">
         <name>wcslen</name>
         <value>0xc8e0</value>
         <object_component_ref idref="oc-4cc"/>
      </symbol>
      <symbol id="sm-e09">
         <name>frexpl</name>
         <value>0xc424</value>
         <object_component_ref idref="oc-561"/>
      </symbol>
      <symbol id="sm-e0a">
         <name>frexp</name>
         <value>0xc424</value>
         <object_component_ref idref="oc-561"/>
      </symbol>
      <symbol id="sm-e24">
         <name>scalbn</name>
         <value>0xbde8</value>
         <object_component_ref idref="oc-567"/>
      </symbol>
      <symbol id="sm-e25">
         <name>scalbnl</name>
         <value>0xbde8</value>
         <object_component_ref idref="oc-567"/>
      </symbol>
      <symbol id="sm-e26">
         <name>ldexpl</name>
         <value>0xbde8</value>
         <object_component_ref idref="oc-567"/>
      </symbol>
      <symbol id="sm-e27">
         <name>ldexp</name>
         <value>0xbde8</value>
         <object_component_ref idref="oc-567"/>
      </symbol>
      <symbol id="sm-e33">
         <name>__aeabi_idivmod</name>
         <value>0xc7b8</value>
         <object_component_ref idref="oc-5b9"/>
      </symbol>
      <symbol id="sm-e34">
         <name>__aeabi_idiv</name>
         <value>0xc7b8</value>
         <object_component_ref idref="oc-5b9"/>
      </symbol>
      <symbol id="sm-e40">
         <name>__aeabi_uidivmod</name>
         <value>0xc80c</value>
         <object_component_ref idref="oc-53a"/>
      </symbol>
      <symbol id="sm-e41">
         <name>__aeabi_uidiv</name>
         <value>0xc80c</value>
         <object_component_ref idref="oc-53a"/>
      </symbol>
      <symbol id="sm-e5d">
         <name>__aeabi_uldivmod</name>
         <value>0xa1d4</value>
         <object_component_ref idref="oc-535"/>
      </symbol>
      <symbol id="sm-e73">
         <name>__aeabi_errno_addr</name>
         <value>0xc98c</value>
         <object_component_ref idref="oc-4d2"/>
      </symbol>
      <symbol id="sm-e74">
         <name>errno</name>
         <value>0x8001b0c</value>
         <object_component_ref idref="oc-57d"/>
      </symbol>
      <symbol id="sm-e7e">
         <name>copysign</name>
         <value>0xc904</value>
         <object_component_ref idref="oc-5cb"/>
      </symbol>
      <symbol id="sm-e7f">
         <name>copysignl</name>
         <value>0xc904</value>
         <object_component_ref idref="oc-5cb"/>
      </symbol>
      <symbol id="sm-e89">
         <name>__aeabi_idiv0</name>
         <value>0xc9a4</value>
         <object_component_ref idref="oc-5b3"/>
      </symbol>
      <symbol id="sm-e8a">
         <name>__aeabi_ldiv0</name>
         <value>0xc9a4</value>
         <object_component_ref idref="oc-5b3"/>
      </symbol>
      <symbol id="sm-e8b">
         <name>__TI_static_base__</name>
         <value>0x0</value>
      </symbol>
      <symbol id="sm-e92">
         <name>SHT$$INIT_ARRAY$$Base</name>
         <value>0x0</value>
      </symbol>
      <symbol id="sm-e93">
         <name>SHT$$INIT_ARRAY$$Limit</name>
         <value>0x0</value>
      </symbol>
      <symbol id="sm-e94">
         <name>_system_post_cinit</name>
         <value>0x0</value>
      </symbol>
   </symbol_table>
   <title>Link successful</title>
</link_info>
