******************************************************************************
                  TI ARM Linker PC v18.1.3                     
******************************************************************************
>> Linked Thu Dec 13 15:30:38 2018

OUTPUT FILE NAME:   <INBIT_SPI.out>
ENTRY POINT SYMBOL: "_c_int00"  address: 000094c8


MEMORY CONFIGURATION

         name            origin    length      used     unused   attr    fill
----------------------  --------  ---------  --------  --------  ----  --------
  VECTORS               00000000   00000020  00000020  00000000     X (ffffffff)
  FLASH0                00000020   001fffe0  0000a6a8  001f5938  R  X (ffffffff)
  FLASH1                00200000   00200000  00000000  00200000  R  X (ffffffff)
  STACKS                08000000   00001800  00001800  00000000  RW  
  RAM                   08001800   0007e800  0000026f  0007e591  RW  
  ECC_VEC               f0400000   00000004  00000004  00000000  R   
  ECC_FLA0              f0400004   0003fffc  0003fffc  00000000  R   
  ECC_FLA1              f0440000   00040000  00040000  00000000  R   


SEGMENT ALLOCATION MAP

run origin  load origin   length   init length attrs members
----------  ----------- ---------- ----------- ----- -------
00000000    00000000    0000a6d0   0000a6d0    r-x
  00000000    00000000    00000020   00000020    r-x .intvecs
  00000020    00000020    0000a41c   0000a41c    r-x .text
  0000a440    0000a440    00000244   00000244    r-- .const
  0000a688    0000a688    00000048   00000048    r-- .cinit
08000000    08000000    00001800   00000000    r--
  08000000    08000000    00000400   00000000    r-- .STACK_DATA_abt
  08000400    08000400    00000400   00000000    r-- .STACK_DATA_fiq
  08000800    08000800    00000400   00000000    r-- .STACK_DATA_irq
  08000c00    08000c00    00000400   00000000    r-- .STACK_DATA_svc
  08001000    08001000    00000400   00000000    r-- .STACK_DATA_sys
  08001400    08001400    00000400   00000000    r-- .STACK_DATA_und
08001800    08001800    00000271   00000000    rw-
  08001800    08001800    00000188   00000000    rw- LOG_DATA
  08001988    08001988    00000086   00000000    rw- .bss
  08001a10    08001a10    00000061   00000000    rw- .data
f0400000    f0400000    00080000   00080000    r--
  f0400000    f0400000    00000004   00000004    r-- .ecc2
  f0400004    f0400004    0003fffc   0003fffc    r-- .ecc0
  f0440000    f0440000    00040000   00040000    r-- .ecc1


SECTION ALLOCATION MAP

 output                                  attributes/
section   page    origin      length       input sections
--------  ----  ----------  ----------   ----------------
.intvecs   0    00000000    00000020     
                  00000000    00000020     HL_sys_intvecs.obj (.intvecs)

.text      0    00000020    0000a41c     
                  00000020    00002bd0     SafeTILib_RM57L_LE.lib : sl_selftest.obj (.text)
                  00002bf0    00000b08     HL_mibspi.obj (.text)
                  000036f8    00000aec     HL_adc.obj (.text)
                  000041e4    000009d4     HL_pinmux.obj (.text)
                  00004bb8    0000095c     HL_system.obj (.text)
                  00005514    00000940     HL_sys_vim.obj (.text)
                  00005e54    00000870     HL_sci.obj (.text)
                  000066c4    00000798     HL_esm.obj (.text)
                  00006e5c    00000698     HL_rti.obj (.text)
                  000074f4    00000484     HL_gio.obj (.text)
                  00007978    00000448     SafeTILib_RM57L_LE.lib : sl_esm.obj (.text)
                  00007dc0    000003c4     HL_sys_core.obj (.text)
                  00008184    0000036c     HL_sys_mpu.obj (.text)
                  000084f0    0000033c     HL_sys_vim.obj (.text:retain)
                  0000882c    00000334     HL_epc.obj (.text)
                  00008b60    000002a4     HL_esm.obj (.text:retain)
                  00008e04    00000290     support_functions.obj (.text)
                  00009094    00000238     SafeTILib_RM57L_LE.lib : sl_asm_api.obj (.text)
                  000092cc    000001fc                            : sl_priv.obj (.text)
                  000094c8    000001cc     HL_sys_startup.obj (.text:retain)
                  00009694    00000180     rtsv7R4_A_le_v3D16_eabi.lib : memcpy32.asm.obj (.text)
                  00009814    00000160     app_main_NoOS.obj (.text)
                  00009974    0000014c     esm_application_callback.obj (.text)
                  00009ac0    00000148     SafeTILib_RM57L_LE.lib : sl_init.obj (.text)
                  00009c08    00000138     HL_rti.obj (.text:retain)
                  00009d40    00000134     rtsv7R4_A_le_v3D16_eabi.lib : s_floor.c.obj (.text:floor)
                  00009e74    00000134     SafeTILib_RM57L_LE.lib : sl_esm.obj (.text:retain)
                  00009fa8    000000d8     HL_notification.obj (.text)
                  0000a080    000000cc     HL_mibspi.obj (.text:retain)
                  0000a14c    000000b0     rtsv7R4_A_le_v3D16_eabi.lib : memset32.asm.obj (.text)
                  0000a1fc    000000a8     HL_sys_startup.obj (.text)
                  0000a2a4    00000090     rtsv7R4_A_le_v3D16_eabi.lib : copy_decompress_lzss.c.obj (.text:decompress:lzss:__TI_decompress_lzss)
                  0000a334    00000068                                 : autoinit.c.obj (.text:__TI_auto_init_nobinit_nopinit:__TI_auto_init_nobinit_nopinit)
                  0000a39c    00000060     SafeTILib_RM57L_LE.lib : sl_log.obj (.text)
                  0000a3fc    00000020     rtsv7R4_A_le_v3D16_eabi.lib : copy_zero_init.c.obj (.text:decompress:ZI:__TI_zero_init_nomemset:__TI_zero_init_nomemset)
                  0000a41c    00000014                                 : copy_decompress_none.c.obj (.text:decompress:none:__TI_decompress_none)
                  0000a430    00000008                                 : exit.c.obj (.text:abort:abort)
                  0000a438    00000004     HL_sys_phantom.obj (.text:retain)

.const     0    0000a440    00000244     
                  0000a440    00000200     HL_sys_vim.obj (.const:s_vim_init)
                  0000a640    00000018     HL_adc.obj (.const:s_adcFiFoSize)
                  0000a658    00000018     HL_adc.obj (.const:s_adcSelect)
                  0000a670    00000014     app_main_NoOS.obj (.const:$P$T0$1)

.cinit     0    0000a688    00000048     
                  0000a688    0000000f     (.cinit.LOG_DATA.load) [load image, compression = lzss]
                  0000a697    00000001     --HOLE-- [fill = 0]
                  0000a698    0000000c     (__TI_handler_table)
                  0000a6a4    00000004     --HOLE-- [fill = 0]
                  0000a6a8    00000008     (.cinit..bss.load) [load image, compression = zero_init]
                  0000a6b0    00000008     (.cinit..data.load) [load image, compression = lzss]
                  0000a6b8    00000018     (__TI_cinit_table)

.STACK_DATA_abt 
*          0    08000000    00000400     UNINITIALIZED
                  08000000    00000400     --HOLE--

.STACK_DATA_fiq 
*          0    08000400    00000400     UNINITIALIZED
                  08000400    00000400     --HOLE--

.STACK_DATA_irq 
*          0    08000800    00000400     UNINITIALIZED
                  08000800    00000400     --HOLE--

.STACK_DATA_svc 
*          0    08000c00    00000400     UNINITIALIZED
                  08000c00    00000400     --HOLE--

.STACK_DATA_sys 
*          0    08001000    00000400     UNINITIALIZED
                  08001000    00000400     --HOLE--

.STACK_DATA_und 
*          0    08001400    00000400     UNINITIALIZED
                  08001400    00000400     --HOLE--

.bss       0    08001988    00000086     UNINITIALIZED
                  08001988    00000050     HL_sci.obj (.bss:g_sciTransfer_t)
                  080019d8    00000004     (.common:ESM_AppCallback)
                  080019dc    00000004     (.common:g_MainPeriphIntrCnt_reserved_word)
                  080019e0    00000004     (.common:g_MemIntrCnt_reserved_word)
                  080019e4    00000004     (.common:g_PeriphSegIntrCnt_pcrprot_bit)
                  080019e8    00000004     (.common:g_PeriphSegIntrCnt_pcrprotclr_reg)
                  080019ec    00000004     (.common:g_PeriphSegIntrCnt_pcrprotset_reg)
                  080019f0    00000004     (.common:g_PeriphSegIntrCnt_protected_word_location)
                  080019f4    00000004     (.common:g_PeriphSegIntrCnt_protected_word_read)
                  080019f8    00000004     (.common:g_PeriphSegIntrCnt_reserved_word_location)
                  080019fc    00000004     (.common:g_PeriphSegIntrCnt_reserved_word_read)
                  08001a00    00000004     (.common:g_sl_pcrREG)
                  08001a04    00000004     (.common:transfer_complete)
                  08001a08    00000001     app_main_NoOS.obj (.bss)
                  08001a09    00000001     (.common:g_MainPeriphIntrCnt_flag)
                  08001a0a    00000001     (.common:g_MainPeriphIntrCnt_retVal)
                  08001a0b    00000001     (.common:g_MemIntrCnt_retVal)
                  08001a0c    00000001     (.common:g_PeriphSegIntrCnt_retVal)
                  08001a0d    00000001     (.common:resetReason)

.data      0    08001a10    00000061     UNINITIALIZED
                  08001a10    00000039     SafeTILib_RM57L_LE.lib : sl_priv.obj (.data:sl_priv_flag_set)
                  08001a49    00000003     --HOLE--
                  08001a4c    00000004                            : sl_esm.obj (.data)
                  08001a50    00000021                            : sl_selftest.obj (.data)

LOG_DATA   0    08001800    00000188     UNINITIALIZED
                  08001800    00000180     SafeTILib_RM57L_LE.lib : sl_log.obj (LOG_DATA:uninit)
                  08001980    00000008                            : sl_log.obj (LOG_DATA:init)

.sl_stflash_SRAM 
*          0    08001800    00000000     UNINITIALIZED

.ecc2      0    f0400000    00000004     
                  f0400000    00000004     (.ecc2)

.ecc0      0    f0400004    0003fffc     
                  f0400004    0003fffc     (.ecc0)

.ecc1      0    f0440000    00040000     
                  f0440000    00040000     (.ecc1)

MODULE SUMMARY

       Module                         code    ro data   rw data
       ------                         ----    -------   -------
    .\demoapp\source\
       support_functions.obj          656     0         0      
       app_main_NoOS.obj              352     20        5      
       esm_application_callback.obj   332     0         0      
    +--+------------------------------+-------+---------+---------+
       Total:                         1340    20        5      
                                                               
    .\hcg\source\
       HL_sys_vim.obj                 3196    512       0      
       HL_mibspi.obj                  3028    0         0      
       HL_adc.obj                     2796    48        0      
       HL_esm.obj                     2620    0         0      
       HL_pinmux.obj                  2516    0         0      
       HL_system.obj                  2396    0         0      
       HL_sci.obj                     2160    0         80     
       HL_rti.obj                     2000    0         0      
       HL_gio.obj                     1156    0         0      
       HL_sys_core.obj                964     0         0      
       HL_sys_mpu.obj                 876     0         0      
       HL_epc.obj                     820     0         0      
       HL_sys_startup.obj             628     0         1      
       HL_notification.obj            216     0         0      
       HL_sys_intvecs.obj             32      0         0      
       HL_sys_phantom.obj             4       0         0      
    +--+------------------------------+-------+---------+---------+
       Total:                         25408   560       81     
                                                               
    C:/ti/Hercules/SafeTI Diagnostic Library/2.3.1/libs/SafeTILib_RM57L_LE.lib
       sl_selftest.obj                11216   0         77     
       sl_esm.obj                     1404    0         8      
       sl_asm_api.obj                 568     0         0      
       sl_priv.obj                    508     0         57     
       sl_log.obj                     96      0         392    
       sl_init.obj                    328     0         0      
    +--+------------------------------+-------+---------+---------+
       Total:                         14120   0         534    
                                                               
    C:\ti\ccsv8\tools\compiler\ti-cgt-arm_18.1.3.LTS\lib\rtsv7R4_A_le_v3D16_eabi.lib
       memcpy32.asm.obj               384     0         0      
       s_floor.c.obj                  308     0         0      
       memset32.asm.obj               176     0         0      
       copy_decompress_lzss.c.obj     144     0         0      
       autoinit.c.obj                 104     0         0      
       copy_zero_init.c.obj           32      0         0      
       copy_decompress_none.c.obj     20      0         0      
       exit.c.obj                     8       0         0      
    +--+------------------------------+-------+---------+---------+
       Total:                         1176    0         0      
                                                               
       Linker Generated:              0       524355    0      
    +--+------------------------------+-------+---------+---------+
       Grand Total:                   42044   524935    620    


LINKER GENERATED COPY TABLES

__TI_cinit_table @ 0000a6b8 records: 3, size/record: 8, table size: 24
	LOG_DATA: load addr=0000a688, load size=0000000f bytes, run addr=08001800, run size=00000188 bytes, compression=lzss
	.bss: load addr=0000a6a8, load size=00000008 bytes, run addr=08001988, run size=00000086 bytes, compression=zero_init
	.data: load addr=0000a6b0, load size=00000008 bytes, run addr=08001a10, run size=00000061 bytes, compression=lzss


LINKER GENERATED HANDLER TABLE

__TI_handler_table @ 0000a698 records: 3, size/record: 4, table size: 12
	index: 0, handler: __TI_zero_init
	index: 1, handler: __TI_decompress_lzss
	index: 2, handler: __TI_decompress_none


GLOBAL SYMBOLS: SORTED ALPHABETICALLY BY Name 

address   name                                      
-------   ----                                      
0000a430  C$$EXIT                                   
00009974  ESM_ApplicationCallback                   
00007228  IsdwdKeySequenceCorrect                   
UNDEFED   SHT$$INIT_ARRAY$$Base                     
UNDEFED   SHT$$INIT_ARRAY$$Limit                    
00007d6c  SL_ESM_Init                               
00007d54  SL_ESM_nERROR_Active                      
0000949c  SL_FLAG_CLEAR                             
00009488  SL_FLAG_GET                               
00009470  SL_FLAG_SET                               
00009bf0  SL_Init_ECCFlash                          
00009be0  SL_Init_ECCTCMRAM                         
00009b94  SL_Init_Memory                            
00009108  SL_Init_R5Registers                       
00009ac8  SL_Init_ResetReason                       
00009ac0  SL_Init_ResetReason_XInfo                 
00009230  SL_Init_StackPointers                     
0000a39c  SL_Log_Error                              
000029e0  SL_SelfTest_ADC                           
00002550  SL_SelfTest_CAN                           
00000694  SL_SelfTest_CCMR5F                        
000020bc  SL_SelfTest_DMA                           
00001ef4  SL_SelfTest_EFuse                         
00001e20  SL_SelfTest_MainPeripheralInterconnect    
00001ce0  SL_SelfTest_MemoryInterconnect            
00001680  SL_SelfTest_MibSPI                        
000014e0  SL_SelfTest_PBIST                         
00000b4c  SL_SelfTest_PBIST_StopExec                
00001264  SL_SelfTest_PSCON                         
0000103c  SL_SelfTest_PeripheralSegmentInterconnect 
00000dd4  SL_SelfTest_SRAM                          
00000ce4  SL_SelfTest_STC                           
00000574  SL_SelfTest_Status_CCMR5F                 
00000c5c  SL_SelfTest_Status_EFuse                  
00000c44  SL_SelfTest_Status_MemIntrcntSelftest     
00000b70  SL_SelfTest_Status_PBIST                  
00000af8  SL_SelfTest_Status_PSCON                  
00000a60  SL_SelfTest_Status_STC                    
000009c0  SL_SelfTest_VIM                           
00000558  SL_SelfTest_WaitCompletion_PBIST          
000003a0  SL_adcCalibration                         
00000388  SL_mibspiEnableLoopback                   
00000310  SL_mibspiGetData                          
000002e0  SL_mibspiIsTransferComplete               
00000288  SL_mibspiSetData                          
00000274  SL_mibspiTransfer                         
08000000  StackModeABT                              
08000400  StackModeFIQ                              
08000800  StackModeIRQ                              
08000c00  StackModeSVC                              
08001000  StackModeSYS                              
08001400  StackModeUND                              
00009450  _SL_Approximate_value                     
000092c0  _SL_Barrier_Data_Access                   
000090ac  _SL_Disable_IRQ                           
000090ec  _SL_Get_ARM_Mode                          
00009100  _SL_Get_DataFault_Address                 
000090f8  _SL_Get_DataFault_Status                  
00009430  _SL_HoldNClear_nError                     
00009094  _SL_Init_EnableEventExport                
00009280  _SL_Kickoff_STC_execution                 
08001800  _SL_Log_Error_Buffer                      
08001984  _SL_Log_Error_Index                       
000090cc  _SL_Restore_IRQ                           
00009378  _SL_SelfTest_SRAM_RAD                     
00009328  _SL_SelfTest_adcGetSingleData             
000092fc  _SL_SelfTest_adcIsConversionComplete      
000092cc  _SL_SelfTest_adcStartConversion_selChn    
0000a6b8  __TI_CINIT_Base                           
0000a6d0  __TI_CINIT_Limit                          
0000a698  __TI_Handler_Table_Base                   
0000a6a4  __TI_Handler_Table_Limit                  
0000817c  __TI_PINIT_Base                           
00008180  __TI_PINIT_Limit                          
0000a334  __TI_auto_init_nobinit_nopinit            
0000a2a4  __TI_decompress_lzss                      
0000a41c  __TI_decompress_none                      
ffffffff  __TI_pprof_out_hndl                       
ffffffff  __TI_prof_data_size                       
ffffffff  __TI_prof_data_start                      
00000000  __TI_static_base__                        
0000a3fc  __TI_zero_init_nomemset                   
0000a14c  __aeabi_memclr                            
0000a14c  __aeabi_memclr4                           
0000a14c  __aeabi_memclr8                           
00009694  __aeabi_memcpy                            
00009694  __aeabi_memcpy4                           
00009694  __aeabi_memcpy8                           
0000a150  __aeabi_memset                            
0000a150  __aeabi_memset4                           
0000a150  __aeabi_memset8                           
ffffffff  __binit__                                 
ffffffff  __c_args__                                
000094c8  _c_int00                                  
00008130  _cacheDisable_                            
000080ec  _cacheEnable_                             
000080cc  _checkMemInitOn_                          
00007fd8  _coreClearAuxiliaryDataFault_             
00007fec  _coreClearAuxiliaryInstructionFault_      
00007fb0  _coreClearDataFaultAddress_               
00007f88  _coreClearDataFault_                      
00007fc4  _coreClearInstructionFaultAddress_        
00007f9c  _coreClearInstructionFault_               
00007f60  _coreDisableEventBusExport_               
00007f50  _coreEnableEventBusExport_                
00007f70  _coreEnableIrqVicOffset_                  
00007f38  _coreEnableVfp_                           
00007fd0  _coreGetAuxiliaryDataFault_               
00007fe4  _coreGetAuxiliaryInstructionFault_        
00007fa8  _coreGetDataFaultAddress_                 
00007f80  _coreGetDataFault_                        
00007fbc  _coreGetInstructionFaultAddress_          
00007f94  _coreGetInstructionFault_                 
00007dc0  _coreInitRegisters_                       
00007ecc  _coreInitStackPointer_                    
00008154  _dCacheInvalidate_                        
00007ff8  _disable_IRQ_interrupt_                   
00008000  _enable_IRQ_interrupt_                    
00008008  _enable_interrupt_                        
00008010  _esmCcmErrorsClear_                       
00007f18  _getCPSRValue_                            
00007f20  _gotoCPUIdle_                             
00008168  _iCacheInvalidate_                        
00008098  _memInit_                                 
00008498  _mpuAreRegionsSeparate_                   
0000847c  _mpuDisableBackgroundRegion_              
00008454  _mpuDisable_                              
0000846c  _mpuEnableBackgroundRegion_               
0000843c  _mpuEnable_                               
0000848c  _mpuGetNumberOfRegions_                   
000084bc  _mpuGetRegionBaseAddress_                 
000084dc  _mpuGetRegionPermission_                  
000084d0  _mpuGetRegionType_                        
000084ac  _mpuGetRegion_                            
00008184  _mpuInit_                                 
000084b4  _mpuSetRegionBaseAddress_                 
000084e8  _mpuSetRegionSizeRegister_                
000084c4  _mpuSetRegionTypeAndPermission_           
000084a4  _mpuSetRegion_                            
UNDEFED   _system_post_cinit                        
0000a430  abort                                     
00003f74  adc1GetConfigValue                        
00003b50  adcCalibration                            
00003f14  adcDisableNotification                    
00003ec4  adcEnableNotification                     
00003928  adcGetData                                
00003f5c  adcGetEVTPin                              
00008e04  adcGetSingleData                          
000036f8  adcInit                                   
00003b20  adcIsConversionComplete                   
00003af0  adcIsFifoFull                             
00003d28  adcMidPointCalibration                    
0000a008  adcNotification                           
00003900  adcResetFiFo                              
00003f3c  adcSetEVTPin                              
00003854  adcStartConversion                        
00008e6c  adcStartConversion_selChn                 
000038d8  adcStopConversion                         
0000a1fc  afterSTC                                  
ffffffff  binit                                     
00009fe0  dmaGroupANotification                     
00007298  dwdClearFlag                              
0000719c  dwdCounterEnable                          
00007200  dwdGenerateSysReset                       
00007260  dwdGetStatus                              
000072b4  dwdGetViolationStatus                     
0000710c  dwdInit                                   
000071d8  dwdReset                                  
000071b8  dwdSetPreload                             
00007184  dwwdGetCurrentDownCounter                 
00007138  dwwdInit                                  
00008a38  epcAddCAMEEntry                           
0000a06c  epcCAMFullNotification                    
000088fc  epcCAMInit                                
00008acc  epcCheckCAMEntry                          
00008944  epcDiagnosticTest                         
00008848  epcDisableIP1ErrorGen                     
00008880  epcDisableIP2ErrorGen                     
000088e8  epcDisableInterrupt                       
000088b8  epcDisableSERREvent                       
0000882c  epcEnableIP1ErrorGen                      
00008864  epcEnableIP2ErrorGen                      
000088d4  epcEnableInterrupt                        
0000889c  epcEnableSERREvent                        
0000a070  epcFIFOFullNotification                   
000068d4  esmActivateNormalOperation                
00006a20  esmClearStatus                            
00006a84  esmClearStatusBuffer                      
00006a60  esmClearStatusUpper                       
00006880  esmDisableError                           
000068a8  esmDisableErrorUpper                      
00006928  esmDisableInterrupt                       
00006950  esmDisableInterruptUpper                  
0000683c  esmEnableError                            
00006864  esmEnableErrorUpper                       
000068e4  esmEnableInterrupt                        
0000690c  esmEnableInterruptUpper                   
00006bb4  esmEnterSelfTest                          
00006820  esmError                                  
00006c8c  esmGetConfigValue                         
00006ac0  esmGetStatus                              
00006b8c  esmGetStatusBuffer                        
00006b44  esmGetStatusUpper                         
00009938  esmGroup1Notification                     
00009948  esmGroup2Notification                     
00009fd0  esmGroup3Notification                     
00008b60  esmHighInterrupt                          
000066c4  esmInit                                   
00008cc0  esmLowInterrupt                           
00006c3c  esmSelfTestStatus                         
00006aa0  esmSetCounterPreloadValue                 
0000696c  esmSetInterruptLevel                      
000069e0  esmSetInterruptLevelUpper                 
000068c4  esmTriggerErrorPinReset                   
00009d40  floor                                     
00009d40  floorl                                    
08001a09  g_MainPeriphIntrCnt_flag                  
080019dc  g_MainPeriphIntrCnt_reserved_word         
08001a0a  g_MainPeriphIntrCnt_retVal                
080019e0  g_MemIntrCnt_reserved_word                
08001a0b  g_MemIntrCnt_retVal                       
080019e4  g_PeriphSegIntrCnt_pcrprot_bit            
080019e8  g_PeriphSegIntrCnt_pcrprotclr_reg         
080019ec  g_PeriphSegIntrCnt_pcrprotset_reg         
080019f0  g_PeriphSegIntrCnt_protected_word_location
080019f4  g_PeriphSegIntrCnt_protected_word_read    
080019f8  g_PeriphSegIntrCnt_reserved_word_location 
080019fc  g_PeriphSegIntrCnt_reserved_word_read     
08001a0c  g_PeriphSegIntrCnt_retVal                 
08001a00  g_sl_pcrREG                               
00004f24  getResetSource                            
00007754  gioDisableNotification                    
000076ec  gioEnableNotification                     
00007654  gioGetBit                                 
000077bc  gioGetConfigValue                         
0000767c  gioGetPort                                
000074f4  gioInit                                   
0000a01c  gioNotification                           
000075e4  gioSetBit                                 
000075c4  gioSetDirection                           
00007634  gioSetPort                                
00007694  gioToggleBit                              
00009814  main                                      
00004d54  mapClocks                                 
00009694  memcpy                                    
0000a15c  memset                                    
00003380  mibspi1GetConfigValue                     
0000a080  mibspi1HighLevelInterrupt                 
0000334c  mibspiDisableGroupNotification            
00003258  mibspiDisableLoopback                     
000032c4  mibspiEnableGroupNotification             
00003224  mibspiEnableLoopback                      
0000300c  mibspiGetData                             
000098cc  mibspiGroupNotification                   
00002bf0  mibspiInit                                
00002e3c  mibspiIsBuffInitialized                   
000031b8  mibspiIsTransferComplete                  
0000a030  mibspiNotification                        
00002e74  mibspiOutofReset                          
00003274  mibspiPmodeSet                            
00002e94  mibspiReset                               
00002ed0  mibspiSetData                             
00002eb0  mibspiSetFunctional                       
00003188  mibspiTransfer                            
000041e4  muxInit                                   
00004ca0  periphInit                                
0000a438  phantomInterrupt                          
00000000  resetEntry                                
08001a0d  resetReason                               
00009c08  rtiCompare0Interrupt                      
00009c54  rtiCompare1Interrupt                      
00009ca0  rtiCompare2Interrupt                      
00009cec  rtiCompare3Interrupt                      
0000736c  rtiDisableNotification                    
00007340  rtiEnableNotification                     
0000738c  rtiGetConfigValue                         
00007074  rtiGetCurrentTick                         
00007048  rtiGetPeriod                              
00006e5c  rtiInit                                   
00009ff4  rtiNotification                           
00006fb0  rtiResetCounter                           
0000701c  rtiSetPeriod                              
00006f50  rtiStartCounter                           
00006f80  rtiStopCounter                            
00006510  sci1GetConfigValue                        
00006384  sciDisableLoopback                        
00006438  sciDisableNotification                    
00008f18  sciDisplayData                            
00008eb8  sciDisplayText                            
00006350  sciEnableLoopback                         
000063a0  sciEnableNotification                     
000064d0  sciEnterResetState                        
000064f0  sciExitResetState                         
00005e54  sciInit                                   
000061c8  sciIsIdleDetected                         
000061ac  sciIsRxReady                              
00005ffc  sciIsTxReady                              
00009908  sciNotification                           
00006240  sciReceive                                
00006214  sciReceiveByte                            
000061e4  sciRxError                                
00006048  sciSend                                   
00006018  sciSendByte                               
00005f60  sciSetBaudrate                            
00005f40  sciSetFunctional                          
00004c60  setupFlash                                
00004bb8  setupPLL                                  
00000020  sl_dmaConfigCtrlPacket                    
00000154  sl_dmaSetChEnable                         
00000070  sl_dmaSetCtrlPacket                       
00000240  sl_dmaSetProtectedRegion                  
00000170  sl_dmaSoftwrTestConfig                    
08001a10  sl_priv_flag_set                          
08001a50  sramEccTestBuff                           
0000504c  systemGetConfigValue                      
00004e80  systemInit                                
00004ef4  systemPowerDown                           
08001a04  transfer_complete                         
00004c18  trimLPO                                   
08001800  ulHighHandlerEndAddr                      
08001800  ulHighHandlerLoadEnd                      
08001800  ulHighHandlerLoadStart                    
00000000  ulHighHandlerSize                         
08001800  ulHighHandlerStartAddr                    
08001988  ulLOGEndAddr                              
08001800  ulLOGStartAddr                            
000055e8  vimChannelMap                             
00005854  vimDisableInterrupt                       
000084f0  vimECCErrorHandler                        
0000568c  vimEnableInterrupt                        
00005900  vimGetConfigValue                         
00005514  vimInit                                   
08001a70  vimTestFlag                               


GLOBAL SYMBOLS: SORTED BY Symbol Address 

address   name                                      
-------   ----                                      
00000000  __TI_static_base__                        
00000000  resetEntry                                
00000000  ulHighHandlerSize                         
00000020  sl_dmaConfigCtrlPacket                    
00000070  sl_dmaSetCtrlPacket                       
00000154  sl_dmaSetChEnable                         
00000170  sl_dmaSoftwrTestConfig                    
00000240  sl_dmaSetProtectedRegion                  
00000274  SL_mibspiTransfer                         
00000288  SL_mibspiSetData                          
000002e0  SL_mibspiIsTransferComplete               
00000310  SL_mibspiGetData                          
00000388  SL_mibspiEnableLoopback                   
000003a0  SL_adcCalibration                         
00000558  SL_SelfTest_WaitCompletion_PBIST          
00000574  SL_SelfTest_Status_CCMR5F                 
00000694  SL_SelfTest_CCMR5F                        
000009c0  SL_SelfTest_VIM                           
00000a60  SL_SelfTest_Status_STC                    
00000af8  SL_SelfTest_Status_PSCON                  
00000b4c  SL_SelfTest_PBIST_StopExec                
00000b70  SL_SelfTest_Status_PBIST                  
00000c44  SL_SelfTest_Status_MemIntrcntSelftest     
00000c5c  SL_SelfTest_Status_EFuse                  
00000ce4  SL_SelfTest_STC                           
00000dd4  SL_SelfTest_SRAM                          
0000103c  SL_SelfTest_PeripheralSegmentInterconnect 
00001264  SL_SelfTest_PSCON                         
000014e0  SL_SelfTest_PBIST                         
00001680  SL_SelfTest_MibSPI                        
00001ce0  SL_SelfTest_MemoryInterconnect            
00001e20  SL_SelfTest_MainPeripheralInterconnect    
00001ef4  SL_SelfTest_EFuse                         
000020bc  SL_SelfTest_DMA                           
00002550  SL_SelfTest_CAN                           
000029e0  SL_SelfTest_ADC                           
00002bf0  mibspiInit                                
00002e3c  mibspiIsBuffInitialized                   
00002e74  mibspiOutofReset                          
00002e94  mibspiReset                               
00002eb0  mibspiSetFunctional                       
00002ed0  mibspiSetData                             
0000300c  mibspiGetData                             
00003188  mibspiTransfer                            
000031b8  mibspiIsTransferComplete                  
00003224  mibspiEnableLoopback                      
00003258  mibspiDisableLoopback                     
00003274  mibspiPmodeSet                            
000032c4  mibspiEnableGroupNotification             
0000334c  mibspiDisableGroupNotification            
00003380  mibspi1GetConfigValue                     
000036f8  adcInit                                   
00003854  adcStartConversion                        
000038d8  adcStopConversion                         
00003900  adcResetFiFo                              
00003928  adcGetData                                
00003af0  adcIsFifoFull                             
00003b20  adcIsConversionComplete                   
00003b50  adcCalibration                            
00003d28  adcMidPointCalibration                    
00003ec4  adcEnableNotification                     
00003f14  adcDisableNotification                    
00003f3c  adcSetEVTPin                              
00003f5c  adcGetEVTPin                              
00003f74  adc1GetConfigValue                        
000041e4  muxInit                                   
00004bb8  setupPLL                                  
00004c18  trimLPO                                   
00004c60  setupFlash                                
00004ca0  periphInit                                
00004d54  mapClocks                                 
00004e80  systemInit                                
00004ef4  systemPowerDown                           
00004f24  getResetSource                            
0000504c  systemGetConfigValue                      
00005514  vimInit                                   
000055e8  vimChannelMap                             
0000568c  vimEnableInterrupt                        
00005854  vimDisableInterrupt                       
00005900  vimGetConfigValue                         
00005e54  sciInit                                   
00005f40  sciSetFunctional                          
00005f60  sciSetBaudrate                            
00005ffc  sciIsTxReady                              
00006018  sciSendByte                               
00006048  sciSend                                   
000061ac  sciIsRxReady                              
000061c8  sciIsIdleDetected                         
000061e4  sciRxError                                
00006214  sciReceiveByte                            
00006240  sciReceive                                
00006350  sciEnableLoopback                         
00006384  sciDisableLoopback                        
000063a0  sciEnableNotification                     
00006438  sciDisableNotification                    
000064d0  sciEnterResetState                        
000064f0  sciExitResetState                         
00006510  sci1GetConfigValue                        
000066c4  esmInit                                   
00006820  esmError                                  
0000683c  esmEnableError                            
00006864  esmEnableErrorUpper                       
00006880  esmDisableError                           
000068a8  esmDisableErrorUpper                      
000068c4  esmTriggerErrorPinReset                   
000068d4  esmActivateNormalOperation                
000068e4  esmEnableInterrupt                        
0000690c  esmEnableInterruptUpper                   
00006928  esmDisableInterrupt                       
00006950  esmDisableInterruptUpper                  
0000696c  esmSetInterruptLevel                      
000069e0  esmSetInterruptLevelUpper                 
00006a20  esmClearStatus                            
00006a60  esmClearStatusUpper                       
00006a84  esmClearStatusBuffer                      
00006aa0  esmSetCounterPreloadValue                 
00006ac0  esmGetStatus                              
00006b44  esmGetStatusUpper                         
00006b8c  esmGetStatusBuffer                        
00006bb4  esmEnterSelfTest                          
00006c3c  esmSelfTestStatus                         
00006c8c  esmGetConfigValue                         
00006e5c  rtiInit                                   
00006f50  rtiStartCounter                           
00006f80  rtiStopCounter                            
00006fb0  rtiResetCounter                           
0000701c  rtiSetPeriod                              
00007048  rtiGetPeriod                              
00007074  rtiGetCurrentTick                         
0000710c  dwdInit                                   
00007138  dwwdInit                                  
00007184  dwwdGetCurrentDownCounter                 
0000719c  dwdCounterEnable                          
000071b8  dwdSetPreload                             
000071d8  dwdReset                                  
00007200  dwdGenerateSysReset                       
00007228  IsdwdKeySequenceCorrect                   
00007260  dwdGetStatus                              
00007298  dwdClearFlag                              
000072b4  dwdGetViolationStatus                     
00007340  rtiEnableNotification                     
0000736c  rtiDisableNotification                    
0000738c  rtiGetConfigValue                         
000074f4  gioInit                                   
000075c4  gioSetDirection                           
000075e4  gioSetBit                                 
00007634  gioSetPort                                
00007654  gioGetBit                                 
0000767c  gioGetPort                                
00007694  gioToggleBit                              
000076ec  gioEnableNotification                     
00007754  gioDisableNotification                    
000077bc  gioGetConfigValue                         
00007d54  SL_ESM_nERROR_Active                      
00007d6c  SL_ESM_Init                               
00007dc0  _coreInitRegisters_                       
00007ecc  _coreInitStackPointer_                    
00007f18  _getCPSRValue_                            
00007f20  _gotoCPUIdle_                             
00007f38  _coreEnableVfp_                           
00007f50  _coreEnableEventBusExport_                
00007f60  _coreDisableEventBusExport_               
00007f70  _coreEnableIrqVicOffset_                  
00007f80  _coreGetDataFault_                        
00007f88  _coreClearDataFault_                      
00007f94  _coreGetInstructionFault_                 
00007f9c  _coreClearInstructionFault_               
00007fa8  _coreGetDataFaultAddress_                 
00007fb0  _coreClearDataFaultAddress_               
00007fbc  _coreGetInstructionFaultAddress_          
00007fc4  _coreClearInstructionFaultAddress_        
00007fd0  _coreGetAuxiliaryDataFault_               
00007fd8  _coreClearAuxiliaryDataFault_             
00007fe4  _coreGetAuxiliaryInstructionFault_        
00007fec  _coreClearAuxiliaryInstructionFault_      
00007ff8  _disable_IRQ_interrupt_                   
00008000  _enable_IRQ_interrupt_                    
00008008  _enable_interrupt_                        
00008010  _esmCcmErrorsClear_                       
00008098  _memInit_                                 
000080cc  _checkMemInitOn_                          
000080ec  _cacheEnable_                             
00008130  _cacheDisable_                            
00008154  _dCacheInvalidate_                        
00008168  _iCacheInvalidate_                        
0000817c  __TI_PINIT_Base                           
00008180  __TI_PINIT_Limit                          
00008184  _mpuInit_                                 
0000843c  _mpuEnable_                               
00008454  _mpuDisable_                              
0000846c  _mpuEnableBackgroundRegion_               
0000847c  _mpuDisableBackgroundRegion_              
0000848c  _mpuGetNumberOfRegions_                   
00008498  _mpuAreRegionsSeparate_                   
000084a4  _mpuSetRegion_                            
000084ac  _mpuGetRegion_                            
000084b4  _mpuSetRegionBaseAddress_                 
000084bc  _mpuGetRegionBaseAddress_                 
000084c4  _mpuSetRegionTypeAndPermission_           
000084d0  _mpuGetRegionType_                        
000084dc  _mpuGetRegionPermission_                  
000084e8  _mpuSetRegionSizeRegister_                
000084f0  vimECCErrorHandler                        
0000882c  epcEnableIP1ErrorGen                      
00008848  epcDisableIP1ErrorGen                     
00008864  epcEnableIP2ErrorGen                      
00008880  epcDisableIP2ErrorGen                     
0000889c  epcEnableSERREvent                        
000088b8  epcDisableSERREvent                       
000088d4  epcEnableInterrupt                        
000088e8  epcDisableInterrupt                       
000088fc  epcCAMInit                                
00008944  epcDiagnosticTest                         
00008a38  epcAddCAMEEntry                           
00008acc  epcCheckCAMEntry                          
00008b60  esmHighInterrupt                          
00008cc0  esmLowInterrupt                           
00008e04  adcGetSingleData                          
00008e6c  adcStartConversion_selChn                 
00008eb8  sciDisplayText                            
00008f18  sciDisplayData                            
00009094  _SL_Init_EnableEventExport                
000090ac  _SL_Disable_IRQ                           
000090cc  _SL_Restore_IRQ                           
000090ec  _SL_Get_ARM_Mode                          
000090f8  _SL_Get_DataFault_Status                  
00009100  _SL_Get_DataFault_Address                 
00009108  SL_Init_R5Registers                       
00009230  SL_Init_StackPointers                     
00009280  _SL_Kickoff_STC_execution                 
000092c0  _SL_Barrier_Data_Access                   
000092cc  _SL_SelfTest_adcStartConversion_selChn    
000092fc  _SL_SelfTest_adcIsConversionComplete      
00009328  _SL_SelfTest_adcGetSingleData             
00009378  _SL_SelfTest_SRAM_RAD                     
00009430  _SL_HoldNClear_nError                     
00009450  _SL_Approximate_value                     
00009470  SL_FLAG_SET                               
00009488  SL_FLAG_GET                               
0000949c  SL_FLAG_CLEAR                             
000094c8  _c_int00                                  
00009694  __aeabi_memcpy                            
00009694  __aeabi_memcpy4                           
00009694  __aeabi_memcpy8                           
00009694  memcpy                                    
00009814  main                                      
000098cc  mibspiGroupNotification                   
00009908  sciNotification                           
00009938  esmGroup1Notification                     
00009948  esmGroup2Notification                     
00009974  ESM_ApplicationCallback                   
00009ac0  SL_Init_ResetReason_XInfo                 
00009ac8  SL_Init_ResetReason                       
00009b94  SL_Init_Memory                            
00009be0  SL_Init_ECCTCMRAM                         
00009bf0  SL_Init_ECCFlash                          
00009c08  rtiCompare0Interrupt                      
00009c54  rtiCompare1Interrupt                      
00009ca0  rtiCompare2Interrupt                      
00009cec  rtiCompare3Interrupt                      
00009d40  floor                                     
00009d40  floorl                                    
00009fd0  esmGroup3Notification                     
00009fe0  dmaGroupANotification                     
00009ff4  rtiNotification                           
0000a008  adcNotification                           
0000a01c  gioNotification                           
0000a030  mibspiNotification                        
0000a06c  epcCAMFullNotification                    
0000a070  epcFIFOFullNotification                   
0000a080  mibspi1HighLevelInterrupt                 
0000a14c  __aeabi_memclr                            
0000a14c  __aeabi_memclr4                           
0000a14c  __aeabi_memclr8                           
0000a150  __aeabi_memset                            
0000a150  __aeabi_memset4                           
0000a150  __aeabi_memset8                           
0000a15c  memset                                    
0000a1fc  afterSTC                                  
0000a2a4  __TI_decompress_lzss                      
0000a334  __TI_auto_init_nobinit_nopinit            
0000a39c  SL_Log_Error                              
0000a3fc  __TI_zero_init_nomemset                   
0000a41c  __TI_decompress_none                      
0000a430  C$$EXIT                                   
0000a430  abort                                     
0000a438  phantomInterrupt                          
0000a698  __TI_Handler_Table_Base                   
0000a6a4  __TI_Handler_Table_Limit                  
0000a6b8  __TI_CINIT_Base                           
0000a6d0  __TI_CINIT_Limit                          
08000000  StackModeABT                              
08000400  StackModeFIQ                              
08000800  StackModeIRQ                              
08000c00  StackModeSVC                              
08001000  StackModeSYS                              
08001400  StackModeUND                              
08001800  _SL_Log_Error_Buffer                      
08001800  ulHighHandlerEndAddr                      
08001800  ulHighHandlerLoadEnd                      
08001800  ulHighHandlerLoadStart                    
08001800  ulHighHandlerStartAddr                    
08001800  ulLOGStartAddr                            
08001984  _SL_Log_Error_Index                       
08001988  ulLOGEndAddr                              
080019dc  g_MainPeriphIntrCnt_reserved_word         
080019e0  g_MemIntrCnt_reserved_word                
080019e4  g_PeriphSegIntrCnt_pcrprot_bit            
080019e8  g_PeriphSegIntrCnt_pcrprotclr_reg         
080019ec  g_PeriphSegIntrCnt_pcrprotset_reg         
080019f0  g_PeriphSegIntrCnt_protected_word_location
080019f4  g_PeriphSegIntrCnt_protected_word_read    
080019f8  g_PeriphSegIntrCnt_reserved_word_location 
080019fc  g_PeriphSegIntrCnt_reserved_word_read     
08001a00  g_sl_pcrREG                               
08001a04  transfer_complete                         
08001a09  g_MainPeriphIntrCnt_flag                  
08001a0a  g_MainPeriphIntrCnt_retVal                
08001a0b  g_MemIntrCnt_retVal                       
08001a0c  g_PeriphSegIntrCnt_retVal                 
08001a0d  resetReason                               
08001a10  sl_priv_flag_set                          
08001a50  sramEccTestBuff                           
08001a70  vimTestFlag                               
ffffffff  __TI_pprof_out_hndl                       
ffffffff  __TI_prof_data_size                       
ffffffff  __TI_prof_data_start                      
ffffffff  __binit__                                 
ffffffff  __c_args__                                
ffffffff  binit                                     
UNDEFED   SHT$$INIT_ARRAY$$Base                     
UNDEFED   SHT$$INIT_ARRAY$$Limit                    
UNDEFED   _system_post_cinit                        

[333 symbols]
