******************************************************************************
                  TI ARM Linker PC v18.1.3                     
******************************************************************************
>> Linked Sun Dec  2 23:51:00 2018

OUTPUT FILE NAME:   <Project1_LAUNCHXL2_RM57L.out>
ENTRY POINT SYMBOL: "_c_int00"  address: 0000b4d0


MEMORY CONFIGURATION

         name            origin    length      used     unused   attr    fill
----------------------  --------  ---------  --------  --------  ----  --------
  VECTORS               00000000   00000020  00000020  00000000     X (ffffffff)
  FLASH0                00000020   001fffe0  0000cf48  001f3098  R  X (ffffffff)
  FLASH1                00200000   00200000  00000000  00200000  R  X (ffffffff)
  STACKS                08000000   00001800  00001800  00000000  RW  
  RAM                   08001800   0007e800  00000306  0007e4fa  RW  
  ECC_VEC               f0400000   00000004  00000004  00000000  R   
  ECC_FLA0              f0400004   0003fffc  0003fffc  00000000  R   
  ECC_FLA1              f0440000   00040000  00040000  00000000  R   


SEGMENT ALLOCATION MAP

run origin  load origin   length   init length attrs members
----------  ----------- ---------- ----------- ----- -------
00000000    00000000    0000cf70   0000cf70    r-x
  00000000    00000000    00000020   00000020    r-x .intvecs
  00000020    00000020    0000cbc4   0000cbc4    r-x .text
  0000cbe8    0000cbe8    00000334   00000334    r-- .const
  0000cf20    0000cf20    00000050   00000050    r-- .cinit
08000000    08000000    00001800   00000000    r--
  08000000    08000000    00000400   00000000    r-- .STACK_DATA_abt
  08000400    08000400    00000400   00000000    r-- .STACK_DATA_fiq
  08000800    08000800    00000400   00000000    r-- .STACK_DATA_irq
  08000c00    08000c00    00000400   00000000    r-- .STACK_DATA_svc
  08001000    08001000    00000400   00000000    r-- .STACK_DATA_sys
  08001400    08001400    00000400   00000000    r-- .STACK_DATA_und
08001800    08001800    00000276   00000000    rw-
  08001800    08001800    00000188   00000000    rw- LOG_DATA
  08001988    08001988    000000ee   00000000    rw- .bss
08001a80    08001a80    00000090   00000000    rw-
  08001a80    08001a80    00000090   00000000    rw- .data
f0400000    f0400000    00080000   00080000    r--
  f0400000    f0400000    00000004   00000004    r-- .ecc0
  f0400004    f0400004    0003fffc   0003fffc    r-- .ecc1
  f0440000    f0440000    00040000   00040000    r-- .ecc2


SECTION ALLOCATION MAP

 output                                  attributes/
section   page    origin      length       input sections
--------  ----  ----------  ----------   ----------------
.intvecs   0    00000000    00000020     
                  00000000    00000020     HL_sys_intvecs.obj (.intvecs)

.text      0    00000020    0000cbc4     
                  00000020    00002bd0     SafeTILib_RM57L_LE.lib : sl_selftest.obj (.text)
                  00002bf0    00000ff4     HL_sci.obj (.text)
                  00003be4    00000f90     rtsv7R4_A_le_v3D16_eabi.lib : _printfi.c.obj (.text:__TI_printfi)
                  00004b74    00000aec     HL_adc.obj (.text)
                  00005660    000009c4     HL_pinmux.obj (.text)
                  00006024    0000095c     HL_system.obj (.text)
                  00006980    00000940     HL_sys_vim.obj (.text)
                  000072c0    00000798     HL_esm.obj (.text)
                  00007a58    00000698     HL_rti.obj (.text)
                  000080f0    0000064c     app_main_NoOS.obj (.text)
                  0000873c    00000484     HL_gio.obj (.text)
                  00008bc0    00000448     SafeTILib_RM57L_LE.lib : sl_esm.obj (.text)
                  00009008    000003e0     HL_notification.obj (.text)
                  000093e8    000003c4     HL_sys_core.obj (.text)
                  000097ac    0000036c     HL_sys_mpu.obj (.text)
                  00009b18    0000033c     HL_sys_vim.obj (.text:retain)
                  00009e54    00000334     HL_epc.obj (.text)
                  0000a188    000002dc     rtsv7R4_A_le_v3D16_eabi.lib : _printfi.c.obj (.text:_pconv_a)
                  0000a464    000002b8                                 : ull_div32.asm.obj (.text)
                  0000a71c    000002a4     HL_esm.obj (.text:retain)
                  0000a9c0    00000290     support_functions.obj (.text)
                  0000ac50    00000248     rtsv7R4_A_le_v3D16_eabi.lib : _printfi.c.obj (.text:_pconv_g)
                  0000ae98    00000238     SafeTILib_RM57L_LE.lib : sl_asm_api.obj (.text)
                  0000b0d0    00000204     HL_sci.obj (.text:retain)
                  0000b2d4    000001fc     SafeTILib_RM57L_LE.lib : sl_priv.obj (.text)
                  0000b4d0    000001cc     HL_sys_startup.obj (.text:retain)
                  0000b69c    00000180     rtsv7R4_A_le_v3D16_eabi.lib : memcpy32.asm.obj (.text)
                  0000b81c    0000015c                                 : _printfi.c.obj (.text:_pconv_e)
                  0000b978    0000014c     esm_application_callback.obj (.text)
                  0000bac4    00000148     SafeTILib_RM57L_LE.lib : sl_init.obj (.text)
                  0000bc0c    00000144     rtsv7R4_A_le_v3D16_eabi.lib : _printfi.c.obj (.text:fcvt)
                  0000bd50    00000138     HL_rti.obj (.text:retain)
                  0000be88    00000134     rtsv7R4_A_le_v3D16_eabi.lib : s_floor.c.obj (.text:floor)
                  0000bfbc    00000134     SafeTILib_RM57L_LE.lib : sl_esm.obj (.text:retain)
                  0000c0f0    0000011c     rtsv7R4_A_le_v3D16_eabi.lib : s_scalbn.c.obj (.text:scalbn)
                  0000c20c    0000010d                                 : _printfi.c.obj (.text:_ltostr)
                  0000c319    00000003     --HOLE-- [fill = 0]
                  0000c31c    000000c8                                 : _printfi.c.obj (.text:_mcpy)
                  0000c3e4    000000b0                                 : memset32.asm.obj (.text)
                  0000c494    000000a8     HL_sys_startup.obj (.text)
                  0000c53c    00000094     rtsv7R4_A_le_v3D16_eabi.lib : _printfi.c.obj (.text:_ecpy)
                  0000c5d0    00000090                                 : copy_decompress_lzss.c.obj (.text:decompress:lzss:__TI_decompress_lzss)
                  0000c660    0000008c                                 : s_frexp.c.obj (.text:frexp)
                  0000c6ec    00000084                                 : atoi.c.obj (.text:atoi)
                  0000c770    00000080                                 : ltoa.c.obj (.text:ltoa)
                  0000c7f0    00000074                                 : _printfi.c.obj (.text:_pconv_f)
                  0000c864    00000068                                 : autoinit.c.obj (.text:__TI_auto_init_nobinit_nopinit:__TI_auto_init_nobinit_nopinit)
                  0000c8cc    00000064                                 : _printfi.c.obj (.text:_fcpy)
                  0000c930    00000064                                 : sprintf.c.obj (.text:sprintf)
                  0000c994    00000060     SafeTILib_RM57L_LE.lib : sl_log.obj (.text)
                  0000c9f4    00000054     rtsv7R4_A_le_v3D16_eabi.lib : i_div32.asm.obj (.text)
                  0000ca48    00000050                                 : u_div32.asm.obj (.text)
                  0000ca98    00000030                                 : sprintf.c.obj (.text:_outs)
                  0000cac8    0000002c                                 : memccpy.c.obj (.text:memccpy)
                  0000caf4    00000028                                 : strchr.c.obj (.text:strchr)
                  0000cb1c    00000024                                 : wcslen.c.obj (.text:wcslen)
                  0000cb40    00000020                                 : s_copysign.c.obj (.text:copysign)
                  0000cb60    00000020                                 : copy_zero_init.c.obj (.text:decompress:ZI:__TI_zero_init_nomemset:__TI_zero_init_nomemset)
                  0000cb80    00000020                                 : strlen.c.obj (.text:strlen)
                  0000cba0    00000014                                 : sprintf.c.obj (.text:_outc)
                  0000cbb4    00000014                                 : copy_decompress_none.c.obj (.text:decompress:none:__TI_decompress_none)
                  0000cbc8    0000000c                                 : errno.c.obj (.text:__aeabi_errno_addr)
                  0000cbd4    00000008                                 : exit.c.obj (.text:abort:abort)
                  0000cbdc    00000004     HL_sys_phantom.obj (.text:retain)
                  0000cbe0    00000004     rtsv7R4_A_le_v3D16_eabi.lib : div0.asm.obj (.text)

.const     0    0000cbe8    00000334     
                  0000cbe8    00000200     HL_sys_vim.obj (.const:s_vim_init)
                  0000cde8    00000101     rtsv7R4_A_le_v3D16_eabi.lib : ctype.c.obj (.const:.string:_ctypes_)
                  0000cee9    00000003     --HOLE-- [fill = 0]
                  0000ceec    00000018     HL_adc.obj (.const:s_adcFiFoSize)
                  0000cf04    00000018     HL_adc.obj (.const:s_adcSelect)

.cinit     0    0000cf20    00000050     
                  0000cf20    00000013     (.cinit..data.load) [load image, compression = lzss]
                  0000cf33    0000000f     (.cinit.LOG_DATA.load) [load image, compression = lzss]
                  0000cf42    00000002     --HOLE-- [fill = 0]
                  0000cf44    0000000c     (__TI_handler_table)
                  0000cf50    00000008     (.cinit..bss.load) [load image, compression = zero_init]
                  0000cf58    00000018     (__TI_cinit_table)

.STACK_DATA_abt 
*          0    08000000    00000400     UNINITIALIZED
                  08000000    00000400     --HOLE--

.STACK_DATA_fiq 
*          0    08000400    00000400     UNINITIALIZED
                  08000400    00000400     --HOLE--

.STACK_DATA_irq 
*          0    08000800    00000400     UNINITIALIZED
                  08000800    00000400     --HOLE--

.STACK_DATA_svc 
*          0    08000c00    00000400     UNINITIALIZED
                  08000c00    00000400     --HOLE--

.STACK_DATA_sys 
*          0    08001000    00000400     UNINITIALIZED
                  08001000    00000400     --HOLE--

.STACK_DATA_und 
*          0    08001400    00000400     UNINITIALIZED
                  08001400    00000400     --HOLE--

.bss       0    08001988    000000ee     UNINITIALIZED
                  08001988    00000064     (.common:u8PotStringBuf)
                  080019ec    00000050     HL_sci.obj (.bss:g_sciTransfer_t)
                  08001a3c    00000004     (.common:ESM_AppCallback)
                  08001a40    00000004     (.common:g_MainPeriphIntrCnt_reserved_word)
                  08001a44    00000004     (.common:g_MemIntrCnt_reserved_word)
                  08001a48    00000004     (.common:g_PeriphSegIntrCnt_pcrprot_bit)
                  08001a4c    00000004     (.common:g_PeriphSegIntrCnt_pcrprotclr_reg)
                  08001a50    00000004     (.common:g_PeriphSegIntrCnt_pcrprotset_reg)
                  08001a54    00000004     (.common:g_PeriphSegIntrCnt_protected_word_location)
                  08001a58    00000004     (.common:g_PeriphSegIntrCnt_protected_word_read)
                  08001a5c    00000004     (.common:g_PeriphSegIntrCnt_reserved_word_location)
                  08001a60    00000004     (.common:g_PeriphSegIntrCnt_reserved_word_read)
                  08001a64    00000004     (.common:g_sl_pcrREG)
                  08001a68    00000004     (.common:rtiCOMPARE1_PER_NEW)
                  08001a6c    00000004     (.common:rtiCOMPARE2_PER)
                  08001a70    00000001     app_main_NoOS.obj (.bss)
                  08001a71    00000001     (.common:g_MainPeriphIntrCnt_flag)
                  08001a72    00000001     (.common:g_MainPeriphIntrCnt_retVal)
                  08001a73    00000001     (.common:g_MemIntrCnt_retVal)
                  08001a74    00000001     (.common:g_PeriphSegIntrCnt_retVal)
                  08001a75    00000001     (.common:resetReason)

.data      0    08001a80    00000090     UNINITIALIZED
                  08001a80    00000039     SafeTILib_RM57L_LE.lib : sl_priv.obj (.data:sl_priv_flag_set)
                  08001ab9    00000003     --HOLE--
                  08001abc    00000004                            : sl_esm.obj (.data)
                  08001ac0    00000021                            : sl_selftest.obj (.data)
                  08001ae1    00000003     --HOLE--
                  08001ae4    00000014     HL_notification.obj (.data)
                  08001af8    00000012     app_main_NoOS.obj (.data)
                  08001b0a    00000002     --HOLE--
                  08001b0c    00000004     rtsv7R4_A_le_v3D16_eabi.lib : errno.c.obj (.data)

LOG_DATA   0    08001800    00000188     UNINITIALIZED
                  08001800    00000180     SafeTILib_RM57L_LE.lib : sl_log.obj (LOG_DATA:uninit)
                  08001980    00000008                            : sl_log.obj (LOG_DATA:init)

.sl_stflash_SRAM 
*          0    08001800    00000000     UNINITIALIZED

.ecc0      0    f0400000    00000004     
                  f0400000    00000004     (.ecc0)

.ecc1      0    f0400004    0003fffc     
                  f0400004    0003fffc     (.ecc1)

.ecc2      0    f0440000    00040000     
                  f0440000    00040000     (.ecc2)

MODULE SUMMARY

       Module                         code    ro data   rw data
       ------                         ----    -------   -------
    .\demoapp\source\
       app_main_NoOS.obj              1612    0         27     
       support_functions.obj          656     0         0      
       esm_application_callback.obj   332     0         0      
    +--+------------------------------+-------+---------+---------+
       Total:                         2600    0         27     
                                                               
    .\hcg\source\
       HL_sci.obj                     4600    0         80     
       HL_sys_vim.obj                 3196    512       0      
       HL_adc.obj                     2796    48        0      
       HL_esm.obj                     2620    0         0      
       HL_pinmux.obj                  2500    0         0      
       HL_system.obj                  2396    0         0      
       HL_rti.obj                     2000    0         0      
       HL_gio.obj                     1156    0         0      
       HL_notification.obj            992     0         120    
       HL_sys_core.obj                964     0         0      
       HL_sys_mpu.obj                 876     0         0      
       HL_epc.obj                     820     0         0      
       HL_sys_startup.obj             628     0         1      
       HL_sys_intvecs.obj             32      0         0      
       HL_sys_phantom.obj             4       0         0      
    +--+------------------------------+-------+---------+---------+
       Total:                         25580   560       201    
                                                               
    C:/ti/Hercules/SafeTI Diagnostic Library/2.3.1/libs/SafeTILib_RM57L_LE.lib
       sl_selftest.obj                11216   0         77     
       sl_esm.obj                     1404    0         8      
       sl_asm_api.obj                 568     0         0      
       sl_priv.obj                    508     0         57     
       sl_log.obj                     96      0         392    
       sl_init.obj                    328     0         0      
    +--+------------------------------+-------+---------+---------+
       Total:                         14120   0         534    
                                                               
    C:\ti\ccsv8\tools\compiler\ti-cgt-arm_18.1.3.LTS\lib\rtsv7R4_A_le_v3D16_eabi.lib
       _printfi.c.obj                 6805    0         0      
       ull_div32.asm.obj              696     0         0      
       memcpy32.asm.obj               384     0         0      
       s_floor.c.obj                  308     0         0      
       s_scalbn.c.obj                 284     0         0      
       ctype.c.obj                    0       257       0      
       memset32.asm.obj               176     0         0      
       sprintf.c.obj                  168     0         0      
       copy_decompress_lzss.c.obj     144     0         0      
       s_frexp.c.obj                  140     0         0      
       atoi.c.obj                     132     0         0      
       ltoa.c.obj                     128     0         0      
       autoinit.c.obj                 104     0         0      
       i_div32.asm.obj                84      0         0      
       u_div32.asm.obj                80      0         0      
       memccpy.c.obj                  44      0         0      
       strchr.c.obj                   40      0         0      
       wcslen.c.obj                   36      0         0      
       copy_zero_init.c.obj           32      0         0      
       s_copysign.c.obj               32      0         0      
       strlen.c.obj                   32      0         0      
       copy_decompress_none.c.obj     20      0         0      
       errno.c.obj                    12      0         4      
       exit.c.obj                     8       0         0      
       div0.asm.obj                   4       0         0      
    +--+------------------------------+-------+---------+---------+
       Total:                         9893    257       4      
                                                               
       Linker Generated:              0       524366    0      
    +--+------------------------------+-------+---------+---------+
       Grand Total:                   52193   525183    766    


LINKER GENERATED COPY TABLES

__TI_cinit_table @ 0000cf58 records: 3, size/record: 8, table size: 24
	.data: load addr=0000cf20, load size=00000013 bytes, run addr=08001a80, run size=00000090 bytes, compression=lzss
	LOG_DATA: load addr=0000cf33, load size=0000000f bytes, run addr=08001800, run size=00000188 bytes, compression=lzss
	.bss: load addr=0000cf50, load size=00000008 bytes, run addr=08001988, run size=000000ee bytes, compression=zero_init


LINKER GENERATED HANDLER TABLE

__TI_handler_table @ 0000cf44 records: 3, size/record: 4, table size: 12
	index: 0, handler: __TI_zero_init
	index: 1, handler: __TI_decompress_lzss
	index: 2, handler: __TI_decompress_none


GLOBAL SYMBOLS: SORTED ALPHABETICALLY BY Name 

address   name                                      
-------   ----                                      
0000cbd4  C$$EXIT                                   
0000b978  ESM_ApplicationCallback                   
00007e24  IsdwdKeySequenceCorrect                   
UNDEFED   SHT$$INIT_ARRAY$$Base                     
UNDEFED   SHT$$INIT_ARRAY$$Limit                    
00008fb4  SL_ESM_Init                               
00008f9c  SL_ESM_nERROR_Active                      
0000b4a4  SL_FLAG_CLEAR                             
0000b490  SL_FLAG_GET                               
0000b478  SL_FLAG_SET                               
0000bbf4  SL_Init_ECCFlash                          
0000bbe4  SL_Init_ECCTCMRAM                         
0000bb98  SL_Init_Memory                            
0000af0c  SL_Init_R5Registers                       
0000bacc  SL_Init_ResetReason                       
0000bac4  SL_Init_ResetReason_XInfo                 
0000b034  SL_Init_StackPointers                     
0000c994  SL_Log_Error                              
000029e0  SL_SelfTest_ADC                           
00002550  SL_SelfTest_CAN                           
00000694  SL_SelfTest_CCMR5F                        
000020bc  SL_SelfTest_DMA                           
00001ef4  SL_SelfTest_EFuse                         
00001e20  SL_SelfTest_MainPeripheralInterconnect    
00001ce0  SL_SelfTest_MemoryInterconnect            
00001680  SL_SelfTest_MibSPI                        
000014e0  SL_SelfTest_PBIST                         
00000b4c  SL_SelfTest_PBIST_StopExec                
00001264  SL_SelfTest_PSCON                         
0000103c  SL_SelfTest_PeripheralSegmentInterconnect 
00000dd4  SL_SelfTest_SRAM                          
00000ce4  SL_SelfTest_STC                           
00000574  SL_SelfTest_Status_CCMR5F                 
00000c5c  SL_SelfTest_Status_EFuse                  
00000c44  SL_SelfTest_Status_MemIntrcntSelftest     
00000b70  SL_SelfTest_Status_PBIST                  
00000af8  SL_SelfTest_Status_PSCON                  
00000a60  SL_SelfTest_Status_STC                    
000009c0  SL_SelfTest_VIM                           
00000558  SL_SelfTest_WaitCompletion_PBIST          
000003a0  SL_adcCalibration                         
00000388  SL_mibspiEnableLoopback                   
00000310  SL_mibspiGetData                          
000002e0  SL_mibspiIsTransferComplete               
00000288  SL_mibspiSetData                          
00000274  SL_mibspiTransfer                         
08000000  StackModeABT                              
08000400  StackModeFIQ                              
08000800  StackModeIRQ                              
08000c00  StackModeSVC                              
08001000  StackModeSYS                              
08001400  StackModeUND                              
08001b08  USER1                                     
08001b09  USER2                                     
0000b458  _SL_Approximate_value                     
0000b0c4  _SL_Barrier_Data_Access                   
0000aeb0  _SL_Disable_IRQ                           
0000aef0  _SL_Get_ARM_Mode                          
0000af04  _SL_Get_DataFault_Address                 
0000aefc  _SL_Get_DataFault_Status                  
0000b438  _SL_HoldNClear_nError                     
0000ae98  _SL_Init_EnableEventExport                
0000b084  _SL_Kickoff_STC_execution                 
08001800  _SL_Log_Error_Buffer                      
08001984  _SL_Log_Error_Index                       
0000aed0  _SL_Restore_IRQ                           
0000b380  _SL_SelfTest_SRAM_RAD                     
0000b330  _SL_SelfTest_adcGetSingleData             
0000b304  _SL_SelfTest_adcIsConversionComplete      
0000b2d4  _SL_SelfTest_adcStartConversion_selChn    
0000cf58  __TI_CINIT_Base                           
0000cf70  __TI_CINIT_Limit                          
0000cf44  __TI_Handler_Table_Base                   
0000cf50  __TI_Handler_Table_Limit                  
000097a4  __TI_PINIT_Base                           
000097a8  __TI_PINIT_Limit                          
0000c864  __TI_auto_init_nobinit_nopinit            
0000c5d0  __TI_decompress_lzss                      
0000cbb4  __TI_decompress_none                      
ffffffff  __TI_pprof_out_hndl                       
00003be4  __TI_printfi                              
ffffffff  __TI_prof_data_size                       
ffffffff  __TI_prof_data_start                      
00000000  __TI_static_base__                        
0000cb60  __TI_zero_init_nomemset                   
0000cbc8  __aeabi_errno_addr                        
0000c9f4  __aeabi_idiv                              
0000cbe0  __aeabi_idiv0                             
0000c9f4  __aeabi_idivmod                           
0000cbe0  __aeabi_ldiv0                             
0000c3e4  __aeabi_memclr                            
0000c3e4  __aeabi_memclr4                           
0000c3e4  __aeabi_memclr8                           
0000b69c  __aeabi_memcpy                            
0000b69c  __aeabi_memcpy4                           
0000b69c  __aeabi_memcpy8                           
0000c3e8  __aeabi_memset                            
0000c3e8  __aeabi_memset4                           
0000c3e8  __aeabi_memset8                           
0000ca48  __aeabi_uidiv                             
0000ca48  __aeabi_uidivmod                          
0000a464  __aeabi_uldivmod                          
ffffffff  __binit__                                 
ffffffff  __c_args__                                
0000b4d0  _c_int00                                  
00009758  _cacheDisable_                            
00009714  _cacheEnable_                             
000096f4  _checkMemInitOn_                          
00009600  _coreClearAuxiliaryDataFault_             
00009614  _coreClearAuxiliaryInstructionFault_      
000095d8  _coreClearDataFaultAddress_               
000095b0  _coreClearDataFault_                      
000095ec  _coreClearInstructionFaultAddress_        
000095c4  _coreClearInstructionFault_               
00009588  _coreDisableEventBusExport_               
00009578  _coreEnableEventBusExport_                
00009598  _coreEnableIrqVicOffset_                  
00009560  _coreEnableVfp_                           
000095f8  _coreGetAuxiliaryDataFault_               
0000960c  _coreGetAuxiliaryInstructionFault_        
000095d0  _coreGetDataFaultAddress_                 
000095a8  _coreGetDataFault_                        
000095e4  _coreGetInstructionFaultAddress_          
000095bc  _coreGetInstructionFault_                 
000093e8  _coreInitRegisters_                       
000094f4  _coreInitStackPointer_                    
0000cde8  _ctypes_                                  
0000977c  _dCacheInvalidate_                        
00009620  _disable_IRQ_interrupt_                   
00009628  _enable_IRQ_interrupt_                    
00009630  _enable_interrupt_                        
00009638  _esmCcmErrorsClear_                       
00009540  _getCPSRValue_                            
00009548  _gotoCPUIdle_                             
00009790  _iCacheInvalidate_                        
000096c0  _memInit_                                 
00009ac0  _mpuAreRegionsSeparate_                   
00009aa4  _mpuDisableBackgroundRegion_              
00009a7c  _mpuDisable_                              
00009a94  _mpuEnableBackgroundRegion_               
00009a64  _mpuEnable_                               
00009ab4  _mpuGetNumberOfRegions_                   
00009ae4  _mpuGetRegionBaseAddress_                 
00009b04  _mpuGetRegionPermission_                  
00009af8  _mpuGetRegionType_                        
00009ad4  _mpuGetRegion_                            
000097ac  _mpuInit_                                 
00009adc  _mpuSetRegionBaseAddress_                 
00009b10  _mpuSetRegionSizeRegister_                
00009aec  _mpuSetRegionTypeAndPermission_           
00009acc  _mpuSetRegion_                            
UNDEFED   _system_post_cinit                        
0000cbd4  abort                                     
000053f0  adc1GetConfigValue                        
00004fcc  adcCalibration                            
00005390  adcDisableNotification                    
00005340  adcEnableNotification                     
00004da4  adcGetData                                
000053d8  adcGetEVTPin                              
0000a9c0  adcGetSingleData                          
00004b74  adcInit                                   
00004f9c  adcIsConversionComplete                   
00004f6c  adcIsFifoFull                             
000051a4  adcMidPointCalibration                    
00009344  adcNotification                           
00004d7c  adcResetFiFo                              
000053b8  adcSetEVTPin                              
00004cd0  adcStartConversion                        
0000aa28  adcStartConversion_selChn                 
00004d54  adcStopConversion                         
0000c494  afterSTC                                  
0000c6ec  atoi                                      
ffffffff  binit                                     
08001aec  blUSER1_now_pressed                       
08001aed  blUSER1_was_pressed                       
08001aee  blUSER2_now_pressed                       
08001aef  blUSER2_was_pressed                       
08001ae8  button2_pressed_counter                   
08001ae4  button_pressed_counter                    
0000cb40  copysign                                  
0000cb40  copysignl                                 
08001af4  debounce_counter_0                        
08001af0  debounce_counter_1                        
00009040  dmaGroupANotification                     
00007e94  dwdClearFlag                              
00007d98  dwdCounterEnable                          
00007dfc  dwdGenerateSysReset                       
00007e5c  dwdGetStatus                              
00007eb0  dwdGetViolationStatus                     
00007d08  dwdInit                                   
00007dd4  dwdReset                                  
00007db4  dwdSetPreload                             
00007d80  dwwdGetCurrentDownCounter                 
00007d34  dwwdInit                                  
0000a060  epcAddCAMEEntry                           
00009380  epcCAMFullNotification                    
00009f24  epcCAMInit                                
0000a0f4  epcCheckCAMEntry                          
00009f6c  epcDiagnosticTest                         
00009e70  epcDisableIP1ErrorGen                     
00009ea8  epcDisableIP2ErrorGen                     
00009f10  epcDisableInterrupt                       
00009ee0  epcDisableSERREvent                       
00009e54  epcEnableIP1ErrorGen                      
00009e8c  epcEnableIP2ErrorGen                      
00009efc  epcEnableInterrupt                        
00009ec4  epcEnableSERREvent                        
00009384  epcFIFOFullNotification                   
08001b0c  errno                                     
000074d0  esmActivateNormalOperation                
0000761c  esmClearStatus                            
00007680  esmClearStatusBuffer                      
0000765c  esmClearStatusUpper                       
0000747c  esmDisableError                           
000074a4  esmDisableErrorUpper                      
00007524  esmDisableInterrupt                       
0000754c  esmDisableInterruptUpper                  
00007438  esmEnableError                            
00007460  esmEnableErrorUpper                       
000074e0  esmEnableInterrupt                        
00007508  esmEnableInterruptUpper                   
000077b0  esmEnterSelfTest                          
0000741c  esmError                                  
00007888  esmGetConfigValue                         
000076bc  esmGetStatus                              
00007788  esmGetStatusBuffer                        
00007740  esmGetStatusUpper                         
000086f8  esmGroup1Notification                     
00008708  esmGroup2Notification                     
00009030  esmGroup3Notification                     
0000a71c  esmHighInterrupt                          
000072c0  esmInit                                   
0000a87c  esmLowInterrupt                           
00007838  esmSelfTestStatus                         
0000769c  esmSetCounterPreloadValue                 
00007568  esmSetInterruptLevel                      
000075dc  esmSetInterruptLevelUpper                 
000074c0  esmTriggerErrorPinReset                   
0000be88  floor                                     
0000be88  floorl                                    
0000c660  frexp                                     
0000c660  frexpl                                    
08001a71  g_MainPeriphIntrCnt_flag                  
08001a40  g_MainPeriphIntrCnt_reserved_word         
08001a72  g_MainPeriphIntrCnt_retVal                
08001a44  g_MemIntrCnt_reserved_word                
08001a73  g_MemIntrCnt_retVal                       
08001a48  g_PeriphSegIntrCnt_pcrprot_bit            
08001a4c  g_PeriphSegIntrCnt_pcrprotclr_reg         
08001a50  g_PeriphSegIntrCnt_pcrprotset_reg         
08001a54  g_PeriphSegIntrCnt_protected_word_location
08001a58  g_PeriphSegIntrCnt_protected_word_read    
08001a5c  g_PeriphSegIntrCnt_reserved_word_location 
08001a60  g_PeriphSegIntrCnt_reserved_word_read     
08001a74  g_PeriphSegIntrCnt_retVal                 
08001b04  g_PotReading                              
08001a64  g_sl_pcrREG                               
00006390  getResetSource                            
0000899c  gioDisableNotification                    
00008934  gioEnableNotification                     
0000889c  gioGetBit                                 
00008a04  gioGetConfigValue                         
000088c4  gioGetPort                                
0000873c  gioInit                                   
00009358  gioNotification                           
0000882c  gioSetBit                                 
0000880c  gioSetDirection                           
0000887c  gioSetPort                                
000088dc  gioToggleBit                              
0000c0f0  ldexp                                     
0000c0f0  ldexpl                                    
0000b0d0  lin1HighLevelInterrupt                    
0000c770  ltoa                                      
00008154  main                                      
08001b00  maintaskcount                             
000061c0  mapClocks                                 
0000cac8  memccpy                                   
0000b69c  memcpy                                    
0000c3f4  memset                                    
00005660  muxInit                                   
08001afc  periodicSTFailCount                       
08001af8  periodicSTPassCount                       
0000610c  periphInit                                
0000cbdc  phantomInterrupt                          
00000000  resetEntry                                
08001a75  resetReason                               
08001a68  rtiCOMPARE1_PER_NEW                       
08001a6c  rtiCOMPARE2_PER                           
0000bd50  rtiCompare0Interrupt                      
0000bd9c  rtiCompare1Interrupt                      
0000bde8  rtiCompare2Interrupt                      
0000be34  rtiCompare3Interrupt                      
00007f68  rtiDisableNotification                    
00007f3c  rtiEnableNotification                     
00007f88  rtiGetConfigValue                         
00007c70  rtiGetCurrentTick                         
00007c44  rtiGetPeriod                              
00007a58  rtiInit                                   
00009054  rtiNotification                           
00007bac  rtiResetCounter                           
00007c18  rtiSetPeriod                              
00007b4c  rtiStartCounter                           
00007b7c  rtiStopCounter                            
0000c0f0  scalbn                                    
0000c0f0  scalbnl                                   
00003564  sci1GetConfigValue                        
000036bc  sci2GetConfigValue                        
00003814  sci3GetConfigValue                        
0000396c  sci4GetConfigValue                        
000033d8  sciDisableLoopback                        
0000348c  sciDisableNotification                    
0000aad4  sciDisplayData                            
0000aa74  sciDisplayText                            
000033a4  sciEnableLoopback                         
000033f4  sciEnableNotification                     
00003524  sciEnterResetState                        
00003544  sciExitResetState                         
00002bf0  sciInit                                   
0000321c  sciIsIdleDetected                         
00003200  sciIsRxReady                              
00003050  sciIsTxReady                              
000086c8  sciNotification                           
00003294  sciReceive                                
00003268  sciReceiveByte                            
00003238  sciRxError                                
0000309c  sciSend                                   
0000306c  sciSendByte                               
00002fb4  sciSetBaudrate                            
00002f94  sciSetFunctional                          
000060cc  setupFlash                                
00006024  setupPLL                                  
00000020  sl_dmaConfigCtrlPacket                    
00000154  sl_dmaSetChEnable                         
00000070  sl_dmaSetCtrlPacket                       
00000240  sl_dmaSetProtectedRegion                  
00000170  sl_dmaSoftwrTestConfig                    
08001a80  sl_priv_flag_set                          
0000c930  sprintf                                   
08001ac0  sramEccTestBuff                           
0000caf4  strchr                                    
0000cb80  strlen                                    
000064b8  systemGetConfigValue                      
000062ec  systemInit                                
00006360  systemPowerDown                           
00006084  trimLPO                                   
08001988  u8PotStringBuf                            
08001800  ulHighHandlerEndAddr                      
08001800  ulHighHandlerLoadEnd                      
08001800  ulHighHandlerLoadStart                    
00000000  ulHighHandlerSize                         
08001800  ulHighHandlerStartAddr                    
08001988  ulLOGEndAddr                              
08001800  ulLOGStartAddr                            
00006a54  vimChannelMap                             
00006cc0  vimDisableInterrupt                       
00009b18  vimECCErrorHandler                        
00006af8  vimEnableInterrupt                        
00006d6c  vimGetConfigValue                         
00006980  vimInit                                   
08001ae0  vimTestFlag                               
0000cb1c  wcslen                                    


GLOBAL SYMBOLS: SORTED BY Symbol Address 

address   name                                      
-------   ----                                      
00000000  __TI_static_base__                        
00000000  resetEntry                                
00000000  ulHighHandlerSize                         
00000020  sl_dmaConfigCtrlPacket                    
00000070  sl_dmaSetCtrlPacket                       
00000154  sl_dmaSetChEnable                         
00000170  sl_dmaSoftwrTestConfig                    
00000240  sl_dmaSetProtectedRegion                  
00000274  SL_mibspiTransfer                         
00000288  SL_mibspiSetData                          
000002e0  SL_mibspiIsTransferComplete               
00000310  SL_mibspiGetData                          
00000388  SL_mibspiEnableLoopback                   
000003a0  SL_adcCalibration                         
00000558  SL_SelfTest_WaitCompletion_PBIST          
00000574  SL_SelfTest_Status_CCMR5F                 
00000694  SL_SelfTest_CCMR5F                        
000009c0  SL_SelfTest_VIM                           
00000a60  SL_SelfTest_Status_STC                    
00000af8  SL_SelfTest_Status_PSCON                  
00000b4c  SL_SelfTest_PBIST_StopExec                
00000b70  SL_SelfTest_Status_PBIST                  
00000c44  SL_SelfTest_Status_MemIntrcntSelftest     
00000c5c  SL_SelfTest_Status_EFuse                  
00000ce4  SL_SelfTest_STC                           
00000dd4  SL_SelfTest_SRAM                          
0000103c  SL_SelfTest_PeripheralSegmentInterconnect 
00001264  SL_SelfTest_PSCON                         
000014e0  SL_SelfTest_PBIST                         
00001680  SL_SelfTest_MibSPI                        
00001ce0  SL_SelfTest_MemoryInterconnect            
00001e20  SL_SelfTest_MainPeripheralInterconnect    
00001ef4  SL_SelfTest_EFuse                         
000020bc  SL_SelfTest_DMA                           
00002550  SL_SelfTest_CAN                           
000029e0  SL_SelfTest_ADC                           
00002bf0  sciInit                                   
00002f94  sciSetFunctional                          
00002fb4  sciSetBaudrate                            
00003050  sciIsTxReady                              
0000306c  sciSendByte                               
0000309c  sciSend                                   
00003200  sciIsRxReady                              
0000321c  sciIsIdleDetected                         
00003238  sciRxError                                
00003268  sciReceiveByte                            
00003294  sciReceive                                
000033a4  sciEnableLoopback                         
000033d8  sciDisableLoopback                        
000033f4  sciEnableNotification                     
0000348c  sciDisableNotification                    
00003524  sciEnterResetState                        
00003544  sciExitResetState                         
00003564  sci1GetConfigValue                        
000036bc  sci2GetConfigValue                        
00003814  sci3GetConfigValue                        
0000396c  sci4GetConfigValue                        
00003be4  __TI_printfi                              
00004b74  adcInit                                   
00004cd0  adcStartConversion                        
00004d54  adcStopConversion                         
00004d7c  adcResetFiFo                              
00004da4  adcGetData                                
00004f6c  adcIsFifoFull                             
00004f9c  adcIsConversionComplete                   
00004fcc  adcCalibration                            
000051a4  adcMidPointCalibration                    
00005340  adcEnableNotification                     
00005390  adcDisableNotification                    
000053b8  adcSetEVTPin                              
000053d8  adcGetEVTPin                              
000053f0  adc1GetConfigValue                        
00005660  muxInit                                   
00006024  setupPLL                                  
00006084  trimLPO                                   
000060cc  setupFlash                                
0000610c  periphInit                                
000061c0  mapClocks                                 
000062ec  systemInit                                
00006360  systemPowerDown                           
00006390  getResetSource                            
000064b8  systemGetConfigValue                      
00006980  vimInit                                   
00006a54  vimChannelMap                             
00006af8  vimEnableInterrupt                        
00006cc0  vimDisableInterrupt                       
00006d6c  vimGetConfigValue                         
000072c0  esmInit                                   
0000741c  esmError                                  
00007438  esmEnableError                            
00007460  esmEnableErrorUpper                       
0000747c  esmDisableError                           
000074a4  esmDisableErrorUpper                      
000074c0  esmTriggerErrorPinReset                   
000074d0  esmActivateNormalOperation                
000074e0  esmEnableInterrupt                        
00007508  esmEnableInterruptUpper                   
00007524  esmDisableInterrupt                       
0000754c  esmDisableInterruptUpper                  
00007568  esmSetInterruptLevel                      
000075dc  esmSetInterruptLevelUpper                 
0000761c  esmClearStatus                            
0000765c  esmClearStatusUpper                       
00007680  esmClearStatusBuffer                      
0000769c  esmSetCounterPreloadValue                 
000076bc  esmGetStatus                              
00007740  esmGetStatusUpper                         
00007788  esmGetStatusBuffer                        
000077b0  esmEnterSelfTest                          
00007838  esmSelfTestStatus                         
00007888  esmGetConfigValue                         
00007a58  rtiInit                                   
00007b4c  rtiStartCounter                           
00007b7c  rtiStopCounter                            
00007bac  rtiResetCounter                           
00007c18  rtiSetPeriod                              
00007c44  rtiGetPeriod                              
00007c70  rtiGetCurrentTick                         
00007d08  dwdInit                                   
00007d34  dwwdInit                                  
00007d80  dwwdGetCurrentDownCounter                 
00007d98  dwdCounterEnable                          
00007db4  dwdSetPreload                             
00007dd4  dwdReset                                  
00007dfc  dwdGenerateSysReset                       
00007e24  IsdwdKeySequenceCorrect                   
00007e5c  dwdGetStatus                              
00007e94  dwdClearFlag                              
00007eb0  dwdGetViolationStatus                     
00007f3c  rtiEnableNotification                     
00007f68  rtiDisableNotification                    
00007f88  rtiGetConfigValue                         
00008154  main                                      
000086c8  sciNotification                           
000086f8  esmGroup1Notification                     
00008708  esmGroup2Notification                     
0000873c  gioInit                                   
0000880c  gioSetDirection                           
0000882c  gioSetBit                                 
0000887c  gioSetPort                                
0000889c  gioGetBit                                 
000088c4  gioGetPort                                
000088dc  gioToggleBit                              
00008934  gioEnableNotification                     
0000899c  gioDisableNotification                    
00008a04  gioGetConfigValue                         
00008f9c  SL_ESM_nERROR_Active                      
00008fb4  SL_ESM_Init                               
00009030  esmGroup3Notification                     
00009040  dmaGroupANotification                     
00009054  rtiNotification                           
00009344  adcNotification                           
00009358  gioNotification                           
00009380  epcCAMFullNotification                    
00009384  epcFIFOFullNotification                   
000093e8  _coreInitRegisters_                       
000094f4  _coreInitStackPointer_                    
00009540  _getCPSRValue_                            
00009548  _gotoCPUIdle_                             
00009560  _coreEnableVfp_                           
00009578  _coreEnableEventBusExport_                
00009588  _coreDisableEventBusExport_               
00009598  _coreEnableIrqVicOffset_                  
000095a8  _coreGetDataFault_                        
000095b0  _coreClearDataFault_                      
000095bc  _coreGetInstructionFault_                 
000095c4  _coreClearInstructionFault_               
000095d0  _coreGetDataFaultAddress_                 
000095d8  _coreClearDataFaultAddress_               
000095e4  _coreGetInstructionFaultAddress_          
000095ec  _coreClearInstructionFaultAddress_        
000095f8  _coreGetAuxiliaryDataFault_               
00009600  _coreClearAuxiliaryDataFault_             
0000960c  _coreGetAuxiliaryInstructionFault_        
00009614  _coreClearAuxiliaryInstructionFault_      
00009620  _disable_IRQ_interrupt_                   
00009628  _enable_IRQ_interrupt_                    
00009630  _enable_interrupt_                        
00009638  _esmCcmErrorsClear_                       
000096c0  _memInit_                                 
000096f4  _checkMemInitOn_                          
00009714  _cacheEnable_                             
00009758  _cacheDisable_                            
0000977c  _dCacheInvalidate_                        
00009790  _iCacheInvalidate_                        
000097a4  __TI_PINIT_Base                           
000097a8  __TI_PINIT_Limit                          
000097ac  _mpuInit_                                 
00009a64  _mpuEnable_                               
00009a7c  _mpuDisable_                              
00009a94  _mpuEnableBackgroundRegion_               
00009aa4  _mpuDisableBackgroundRegion_              
00009ab4  _mpuGetNumberOfRegions_                   
00009ac0  _mpuAreRegionsSeparate_                   
00009acc  _mpuSetRegion_                            
00009ad4  _mpuGetRegion_                            
00009adc  _mpuSetRegionBaseAddress_                 
00009ae4  _mpuGetRegionBaseAddress_                 
00009aec  _mpuSetRegionTypeAndPermission_           
00009af8  _mpuGetRegionType_                        
00009b04  _mpuGetRegionPermission_                  
00009b10  _mpuSetRegionSizeRegister_                
00009b18  vimECCErrorHandler                        
00009e54  epcEnableIP1ErrorGen                      
00009e70  epcDisableIP1ErrorGen                     
00009e8c  epcEnableIP2ErrorGen                      
00009ea8  epcDisableIP2ErrorGen                     
00009ec4  epcEnableSERREvent                        
00009ee0  epcDisableSERREvent                       
00009efc  epcEnableInterrupt                        
00009f10  epcDisableInterrupt                       
00009f24  epcCAMInit                                
00009f6c  epcDiagnosticTest                         
0000a060  epcAddCAMEEntry                           
0000a0f4  epcCheckCAMEntry                          
0000a464  __aeabi_uldivmod                          
0000a71c  esmHighInterrupt                          
0000a87c  esmLowInterrupt                           
0000a9c0  adcGetSingleData                          
0000aa28  adcStartConversion_selChn                 
0000aa74  sciDisplayText                            
0000aad4  sciDisplayData                            
0000ae98  _SL_Init_EnableEventExport                
0000aeb0  _SL_Disable_IRQ                           
0000aed0  _SL_Restore_IRQ                           
0000aef0  _SL_Get_ARM_Mode                          
0000aefc  _SL_Get_DataFault_Status                  
0000af04  _SL_Get_DataFault_Address                 
0000af0c  SL_Init_R5Registers                       
0000b034  SL_Init_StackPointers                     
0000b084  _SL_Kickoff_STC_execution                 
0000b0c4  _SL_Barrier_Data_Access                   
0000b0d0  lin1HighLevelInterrupt                    
0000b2d4  _SL_SelfTest_adcStartConversion_selChn    
0000b304  _SL_SelfTest_adcIsConversionComplete      
0000b330  _SL_SelfTest_adcGetSingleData             
0000b380  _SL_SelfTest_SRAM_RAD                     
0000b438  _SL_HoldNClear_nError                     
0000b458  _SL_Approximate_value                     
0000b478  SL_FLAG_SET                               
0000b490  SL_FLAG_GET                               
0000b4a4  SL_FLAG_CLEAR                             
0000b4d0  _c_int00                                  
0000b69c  __aeabi_memcpy                            
0000b69c  __aeabi_memcpy4                           
0000b69c  __aeabi_memcpy8                           
0000b69c  memcpy                                    
0000b978  ESM_ApplicationCallback                   
0000bac4  SL_Init_ResetReason_XInfo                 
0000bacc  SL_Init_ResetReason                       
0000bb98  SL_Init_Memory                            
0000bbe4  SL_Init_ECCTCMRAM                         
0000bbf4  SL_Init_ECCFlash                          
0000bd50  rtiCompare0Interrupt                      
0000bd9c  rtiCompare1Interrupt                      
0000bde8  rtiCompare2Interrupt                      
0000be34  rtiCompare3Interrupt                      
0000be88  floor                                     
0000be88  floorl                                    
0000c0f0  ldexp                                     
0000c0f0  ldexpl                                    
0000c0f0  scalbn                                    
0000c0f0  scalbnl                                   
0000c3e4  __aeabi_memclr                            
0000c3e4  __aeabi_memclr4                           
0000c3e4  __aeabi_memclr8                           
0000c3e8  __aeabi_memset                            
0000c3e8  __aeabi_memset4                           
0000c3e8  __aeabi_memset8                           
0000c3f4  memset                                    
0000c494  afterSTC                                  
0000c5d0  __TI_decompress_lzss                      
0000c660  frexp                                     
0000c660  frexpl                                    
0000c6ec  atoi                                      
0000c770  ltoa                                      
0000c864  __TI_auto_init_nobinit_nopinit            
0000c930  sprintf                                   
0000c994  SL_Log_Error                              
0000c9f4  __aeabi_idiv                              
0000c9f4  __aeabi_idivmod                           
0000ca48  __aeabi_uidiv                             
0000ca48  __aeabi_uidivmod                          
0000cac8  memccpy                                   
0000caf4  strchr                                    
0000cb1c  wcslen                                    
0000cb40  copysign                                  
0000cb40  copysignl                                 
0000cb60  __TI_zero_init_nomemset                   
0000cb80  strlen                                    
0000cbb4  __TI_decompress_none                      
0000cbc8  __aeabi_errno_addr                        
0000cbd4  C$$EXIT                                   
0000cbd4  abort                                     
0000cbdc  phantomInterrupt                          
0000cbe0  __aeabi_idiv0                             
0000cbe0  __aeabi_ldiv0                             
0000cde8  _ctypes_                                  
0000cf44  __TI_Handler_Table_Base                   
0000cf50  __TI_Handler_Table_Limit                  
0000cf58  __TI_CINIT_Base                           
0000cf70  __TI_CINIT_Limit                          
08000000  StackModeABT                              
08000400  StackModeFIQ                              
08000800  StackModeIRQ                              
08000c00  StackModeSVC                              
08001000  StackModeSYS                              
08001400  StackModeUND                              
08001800  _SL_Log_Error_Buffer                      
08001800  ulHighHandlerEndAddr                      
08001800  ulHighHandlerLoadEnd                      
08001800  ulHighHandlerLoadStart                    
08001800  ulHighHandlerStartAddr                    
08001800  ulLOGStartAddr                            
08001984  _SL_Log_Error_Index                       
08001988  u8PotStringBuf                            
08001988  ulLOGEndAddr                              
08001a40  g_MainPeriphIntrCnt_reserved_word         
08001a44  g_MemIntrCnt_reserved_word                
08001a48  g_PeriphSegIntrCnt_pcrprot_bit            
08001a4c  g_PeriphSegIntrCnt_pcrprotclr_reg         
08001a50  g_PeriphSegIntrCnt_pcrprotset_reg         
08001a54  g_PeriphSegIntrCnt_protected_word_location
08001a58  g_PeriphSegIntrCnt_protected_word_read    
08001a5c  g_PeriphSegIntrCnt_reserved_word_location 
08001a60  g_PeriphSegIntrCnt_reserved_word_read     
08001a64  g_sl_pcrREG                               
08001a68  rtiCOMPARE1_PER_NEW                       
08001a6c  rtiCOMPARE2_PER                           
08001a71  g_MainPeriphIntrCnt_flag                  
08001a72  g_MainPeriphIntrCnt_retVal                
08001a73  g_MemIntrCnt_retVal                       
08001a74  g_PeriphSegIntrCnt_retVal                 
08001a75  resetReason                               
08001a80  sl_priv_flag_set                          
08001ac0  sramEccTestBuff                           
08001ae0  vimTestFlag                               
08001ae4  button_pressed_counter                    
08001ae8  button2_pressed_counter                   
08001aec  blUSER1_now_pressed                       
08001aed  blUSER1_was_pressed                       
08001aee  blUSER2_now_pressed                       
08001aef  blUSER2_was_pressed                       
08001af0  debounce_counter_1                        
08001af4  debounce_counter_0                        
08001af8  periodicSTPassCount                       
08001afc  periodicSTFailCount                       
08001b00  maintaskcount                             
08001b04  g_PotReading                              
08001b08  USER1                                     
08001b09  USER2                                     
08001b0c  errno                                     
ffffffff  __TI_pprof_out_hndl                       
ffffffff  __TI_prof_data_size                       
ffffffff  __TI_prof_data_start                      
ffffffff  __binit__                                 
ffffffff  __c_args__                                
ffffffff  binit                                     
UNDEFED   SHT$$INIT_ARRAY$$Base                     
UNDEFED   SHT$$INIT_ARRAY$$Limit                    
UNDEFED   _system_post_cinit                        

[361 symbols]
